
OpenSBI v1.7
   ____                    _____ ____ _____
  / __ \                  / ____|  _ \_   _|
 | |  | |_ __   ___ _ __ | (___ | |_) || |
 | |  | | '_ \ / _ \ '_ \ \___ \|  _ < | |
 | |__| | |_) |  __/ | | |____) | |_) || |_
  \____/| .__/ \___|_| |_|_____/|____/_____|
        | |
        |_|

Platform Name               : riscv-virtio,qemu
Platform Features           : medeleg
Platform HART Count         : 4
Platform IPI Device         : aclint-mswi
Platform Timer Device       : aclint-mtimer @ 10000000Hz
Platform Console Device     : uart8250
Platform HSM Device         : ---
Platform PMU Device         : ---
Platform Reboot Device      : syscon-reboot
Platform Shutdown Device    : syscon-poweroff
Platform Suspend Device     : ---
Platform CPPC Device        : ---
Firmware Base               : 0x80000000
Firmware Size               : 353 KB
Firmware RW Offset          : 0x40000
Firmware RW Size            : 97 KB
Firmware Heap Offset        : 0x4c000
Firmware Heap Size          : 49 KB (total), 3 KB (reserved), 12 KB (used), 33 KB (free)
Firmware Scratch Size       : 4096 B (total), 1400 B (used), 2696 B (free)
Runtime SBI Version         : 3.0
Standard SBI Extensions     : ipi,pmu,srst,sse,hsm,rfnc,fwft,time,base,legacy,dbcn,dbtr
Experimental SBI Extensions : none

Domain0 Name                : root
Domain0 Boot HART           : 2
Domain0 HARTs               : 0*,1*,2*,3*
Domain0 Region00            : 0x0000000000100000-0x0000000000100fff M: (I,R,W) S/U: (R,W)
Domain0 Region01            : 0x0000000010000000-0x0000000010000fff M: (I,R,W) S/U: (R,W)
Domain0 Region02            : 0x0000000002000000-0x000000000200ffff M: (I,R,W) S/U: ()
Domain0 Region03            : 0x0000000080040000-0x000000008005ffff M: (R,W) S/U: ()
Domain0 Region04            : 0x0000000080000000-0x000000008003ffff M: (R,X) S/U: ()
Domain0 Region05            : 0x000000000c400000-0x000000000c5fffff M: (I,R,W) S/U: (R,W)
Domain0 Region06            : 0x000000000c000000-0x000000000c3fffff M: (I,R,W) S/U: (R,W)
Domain0 Region07            : 0x0000000000000000-0xffffffffffffffff M: () S/U: (R,W,X)
Domain0 Next Address        : 0x0000000080200000
Domain0 Next Arg1           : 0x000000017fe00000
Domain0 Next Mode           : S-mode
Domain0 SysReset            : yes
Domain0 SysSuspend          : yes

Boot HART ID                : 2
Boot HART Domain            : root
Boot HART Priv Version      : v1.12
Boot HART Base ISA          : rv64imafdcvh
Boot HART ISA Extensions    : sstc,zicntr,zihpm,zicboz,zicbom,sdtrig,svadu
Boot HART PMP Count         : 16
Boot HART PMP Granularity   : 2 bits
Boot HART PMP Address Bits  : 54
Boot HART MHPM Info         : 16 (0x0007fff8)
Boot HART Debug Triggers    : 2 triggers
Boot HART MIDELEG           : 0x0000000000001666
Boot HART MEDELEG           : 0x0000000000f4b509
prop: returning err=-2


U-Boot 2024.04-g7b79f5b57394-ab13935533 (Jun 25 2025 - 23:08:36 +0000)

Model: riscv-virtio,qemu
DRAM:  4 GiB
prop: returning err=-2
prop: returning err=-2
prop: returning err=-2
prop: returning err=-2
prop: returning err=-2
Core:  23 devices, 10 uclasses, devicetree: board
Driver                    uid uclass               Devices
----------------------------------------------------------
blk_partition             083 partition            virtio-blk#10:1          
                                                   virtio-blk#10:2          
                                                   virtio-blk#10:3          
                                                   virtio-blk#10:4          
                                                   virtio-blk#10:5          
                                                   virtio-blk#10:6          
                                                   virtio-blk#10:7          
                                                   virtio-blk#10:8          
                                                   virtio-blk#10:9          
                                                   virtio-blk#10:10         
                                                   virtio-blk#10:11         
                                                   virtio-blk#10:12         
                                                   virtio-blk#10:13         
                                                   virtio-blk#10:14         
                                                   virtio-blk#10:15         
                                                   virtio-blk#10:16         
                                                   virtio-blk#10:17         
                                                   virtio-blk#10:18         
                                                   virtio-blk#11:1          
                                                   virtio-blk#11:2          
                                                   virtio-blk#11:3          
                                                   virtio-blk#11:4          
                                                   virtio-blk#12:1          
bochs_video               129 video                <none>
fixed_factor_clock        030 clk                  <none>
fixed_rate_raw_clock      030 clk                  <none>
cpu_bus                   109 simple_bus           cpus                     
efi_blk                   022 blk                  <none>
EFI block driver          038 efi                  <none>
fixed_clock               030 clk                  <none>
syscon                    117 syscon               test@100000              
ns16550_serial            108 serial               serial@10000000          
pci_bridge_drv            085 pci                  <none>
pci_generic_drv           087 pci_generic          pci_0:0.0                
                                                   pci_0:10.0               
                                                   pci_0:11.0               
pci_generic_ecam          085 pci                  pci@30000000             
riscv_cpu                 031 cpu                  cpu@0                    
                                                   cpu@1                    
                                                   cpu@2                    
                                                   cpu@3                    
riscv_timer               122 timer                riscv_timer              
root_driver               000 root                 root_driver              
rtc_goldfish              104 rtc                  rtc@101000               
sbi-sysreset              119 sysreset             sbi-sysreset             
serial_htif               108 serial               <none>
serial_sifive             108 serial               <none>
simple_bus                109 simple_bus           platform-bus@4000000     
                                                   soc                      
syscon_reboot             119 sysreset             poweroff                 
                                                   reboot                   
vidconsole0               131 vidconsole0          <none>
virtio-blk                022 blk                  virtio-blk#10            
                                                   virtio-blk#11            
                                                   virtio-blk#12            
virtio_bootdev            025 <no uclass>          
virtio-console            108 serial               virtio-console#8         
virtio-console-port       108 serial               virtio_console_port      
                                                   virtio_console_port      
                                                   virtio_console_port      
                                                   virtio_console_port      
                                                   virtio_console_port      
                                                   virtio_console_port      
                                                   virtio_console_port      
                                                   virtio_console_port      
                                                   virtio_console_port      
                                                   virtio_console_port      
                                                   virtio_console_port      
                                                   virtio_console_port      
                                                   virtio_console_port      
                                                   virtio_console_port      
                                                   virtio_console_port      
                                                   virtio_console_port      
                                                   virtio_console_port      
                                                   virtio_console_port      
                                                   virtio_console_port      
                                                   virtio_console_port      
                                                   virtio_console_port      
                                                   virtio_console_port      
                                                   virtio_console_port      
                                                   virtio_console_port      
                                                   virtio_console_port      
                                                   virtio_console_port      
                                                   virtio_console_port      
                                                   virtio_console_port      
                                                   virtio_console_port      
                                                   virtio_console_port      
virtio-mmio               133 virtio               virtio_mmio@10008000     
                                                   virtio_mmio@10007000     
                                                   virtio_mmio@10006000     
                                                   virtio_mmio@10005000     
                                                   virtio_mmio@10004000     
                                                   virtio_mmio@10003000     
                                                   virtio_mmio@10002000     
                                                   virtio_mmio@10001000     
virtio-pci.m              133 virtio               virtio-pci.m#0           
                                                   virtio-pci.m#1           
                                                   virtio-pci.m#2           
                                                   virtio-pci.m#3           
                                                   virtio-pci.m#4           
                                                   virtio-pci.m#5           
                                                   virtio-pci.m#6           
                                                   virtio-pci.m#7           
                                                   virtio-pci.m#8           
                                                   virtio-pci.m#9           
                                                   virtio-pci.m#10          
                                                   virtio-pci.m#11          
                                                   virtio-pci.m#12          
                                                   virtio-pci.m#13          
                                                   virtio-pci.m#14          
## Android Verified Boot 2.0 version 1.2.0
Verification passed successfully
Imported supplementary environment
Unknown command 'mtrr' - try 'help'
ANDROID: reboot reason: "(none)"
ANDROID: Booting Unlocked!!
ANDROID: Invalid CRC-32 (expected 807077e9, found 00000000),re-initializing A/B metadata.
ANDROID: Attempting slot a, tries remaining 3
## Android Verified Boot 2.0 version 1.2.0
Verification passed successfully
## Android Verified Boot 2.0 version 1.2.0
Verification passed successfully
ANDROID: Loading ramdisk from "init_boot_a", partition 4.
ANDROID: Loading kernel from "boot_a", partition 2.
ANDROID: Loading vendor ramdisk from "vendor_boot_a", partition 6.
Booting kernel at 0x80200000 with fdt at 17fe00000 ramdisk 0x84200000:0x0142ea09...


## Flattened Device Tree blob at 17fe00000
   Booting using the fdt blob at 0x17fe00000
   Loading Ramdisk to 17c1ea000, end 17d618a09 ... OK
   Loading Device Tree to 000000017c1e4000, end 000000017c1e94fb ... OK

Starting kernel ...

[    0.000000][    T0] Linux version 6.8.0-mainline-ga5ed8b92e9f6-ab11698348 (kleaf@build-host) (Android (11368308, +pgo, +bolt, +lto, +mlgo, based on r510928) clang version 18.0.0 (https://android.googlesource.com/toolchain/llvm-project 477610d4d0d988e69dbc3fae4fe86bff3f07f2b5), LLD 18.0.0) #1 SMP PREEMPT Wed Apr 10 20:30:03 UTC 2024
[    0.000000][    T0] random: crng init done
[    0.000000][    T0] Machine model: riscv-virtio,qemu
[    0.000000][    T0] SBI specification v3.0 detected
[    0.000000][    T0] SBI implementation ID=0x1 Version=0x10007
[    0.000000][    T0] SBI TIME extension detected
[    0.000000][    T0] SBI IPI extension detected
[    0.000000][    T0] SBI RFENCE extension detected
[    0.000000][    T0] SBI SRST extension detected
[    0.000000][    T0] SBI DBCN extension detected
[    0.000000][    T0] earlycon: uart8250 at MMIO 0x0000000010000000 (options '')
[    0.000000][    T0] printk: legacy bootconsole [uart8250] enabled
[    0.000000][    T0] Disabled 5-level paging
[    0.000000][    T0] efi: UEFI not found.
[    0.000000][    T0] OF: reserved mem: 0x0000000080000000..0x000000008003ffff (256 KiB) nomap non-reusable mmode_resv1@80000000
[    0.000000][    T0] OF: reserved mem: 0x0000000080040000..0x000000008005ffff (128 KiB) nomap non-reusable mmode_resv0@80040000
[    0.000000][    T0] Zone ranges:
[    0.000000][    T0]   DMA32    [mem 0x0000000080000000-0x00000000ffffffff]
[    0.000000][    T0]   Normal   [mem 0x0000000100000000-0x000000017fffffff]
[    0.000000][    T0] Movable zone start for each node
[    0.000000][    T0] Early memory node ranges
[    0.000000][    T0]   node   0: [mem 0x0000000080000000-0x000000008005ffff]
[    0.000000][    T0]   node   0: [mem 0x0000000080060000-0x000000017fffffff]
[    0.000000][    T0] Initmem setup node 0 [mem 0x0000000080000000-0x000000017fffffff]
[    0.000000][    T0] SBI HSM extension detected
[    0.000000][    T0] riscv: base ISA extensions acdfhimv
[    0.000000][    T0] riscv: ELF capabilities acdfimv
[    0.000000][    T0] Load bootconfig: 2513 bytes 125 nodes
[    0.000000][    T0] percpu: Embedded 31 pages/cpu s88864 r8192 d29920 u126976
[    0.000000][    T0] Kernel command line: vmw_vsock_virtio_transport_common.virtio_transport_max_vsock_pkt_buf_size="16384"  printk.devkmsg=on audit=1 panic=-1 8250.nr_uarts=1 binder.impl=rust cma=0 firmware_class.path=/vendor/etc/ loop.max_part=7 init=/init bootconfig  console=hvc0 earlycon=uart8250,mmio,0x10000000 no5lvl 
[    0.000000][    T0] audit: enabled (after initialization)
[    0.000000][    T0] Dentry cache hash table entries: 524288 (order: 10, 4194304 bytes, linear)
[    0.000000][    T0] Inode-cache hash table entries: 262144 (order: 9, 2097152 bytes, linear)
[    0.000000][    T0] Built 1 zonelists, mobility grouping on.  Total pages: 1032192
[    0.000000][    T0] mem auto-init: stack:all(zero), heap alloc:on, heap free:off
[    0.000000][    T0] software IO TLB: area num 4.
[    0.000000][    T0] software IO TLB: mapped [mem 0x00000000fbfff000-0x00000000fffff000] (64MB)
[    0.000000][    T0] Memory: 3986924K/4194304K available (14483K kernel code, 5833K rwdata, 6144K rodata, 5224K init, 11475K bss, 207380K reserved, 0K cma-reserved)
[    0.000000][    T0] SLUB: HWalign=64, Order=0-3, MinObjects=0, CPUs=4, Nodes=1
[    0.000000][    T0] trace event string verifier disabled
[    0.000000][    T0] Running RCU self tests
[    0.000000][    T0] Running RCU synchronous self tests
[    0.000000][    T0] rcu: Preemptible hierarchical RCU implementation.
[    0.000000][    T0] rcu: 	RCU event tracing is enabled.
[    0.000000][    T0] rcu: 	RCU lockdep checking is enabled.
[    0.000000][    T0] rcu: 	RCU restricting CPUs from NR_CPUS=32 to nr_cpu_ids=4.
[    0.000000][    T0] rcu: 	RCU priority boosting: priority 1 delay 500 ms.
[    0.000000][    T0] 	Trampoline variant of Tasks RCU enabled.
[    0.000000][    T0] 	Tracing variant of Tasks RCU enabled.
[    0.000000][    T0] rcu: RCU calculated value of scheduler-enlistment delay is 25 jiffies.
[    0.000000][    T0] rcu: Adjusting geometry for rcu_fanout_leaf=16, nr_cpu_ids=4
[    0.000000][    T0] Running RCU synchronous self tests
[    0.000000][    T0] NR_IRQS: 64, nr_irqs: 64, preallocated irqs: 0
[    0.000000][    T0] riscv-intc: 64 local interrupts mapped
[    0.000000][    T0] plic: plic@c000000: mapped 95 interrupts with 4 handlers for 8 contexts.
[    0.000000][    T0] riscv: providing IPIs using SBI IPI extension
[    0.000000][    T0] rcu: srcu_init: Setting srcu_struct sizes based on contention.
[    0.000000][    T0] clocksource: riscv_clocksource: mask: 0xffffffffffffffff max_cycles: 0x24e6a1710, max_idle_ns: 440795202120 ns
[    0.000055][    T0] sched_clock: 64 bits at 10MHz, resolution 100ns, wraps every 4398046511100ns
[    0.000360][    T0] riscv-timer: Timer interrupt in S-mode is available via sstc extension
[    0.005469][    T0] kfence: initialized - using 524288 bytes for 63 objects at 0x(____ptrval____)-0x(____ptrval____)
[    0.016909][    T0] Lock dependency validator: Copyright (c) 2006 Red Hat, Inc., Ingo Molnar
[    0.017418][    T0] ... MAX_LOCKDEP_SUBCLASSES:  8
[    0.017524][    T0] ... MAX_LOCK_DEPTH:          48
[    0.017627][    T0] ... MAX_LOCKDEP_KEYS:        8192
[    0.017727][    T0] ... CLASSHASH_SIZE:          4096
[    0.017825][    T0] ... MAX_LOCKDEP_ENTRIES:     32768
[    0.017922][    T0] ... MAX_LOCKDEP_CHAINS:      65536
[    0.018019][    T0] ... CHAINHASH_SIZE:          32768
[    0.018118][    T0]  memory used by lock dependency info: 6429 kB
[    0.018222][    T0]  memory used for stack traces: 4224 kB
[    0.018319][    T0]  per task-struct memory footprint: 1920 bytes
[    0.019485][    T0] Calibrating delay loop (skipped), value calculated using timer frequency.. 20.00 BogoMIPS (lpj=40000)
[    0.019816][    T0] pid_max: default: 32768 minimum: 301
[    0.032783][    T0] LSM: initializing lsm=capability,selinux,integrity
[    0.039851][    T0] SELinux:  Initializing.
[    0.052291][    T0] Mount-cache hash table entries: 8192 (order: 4, 65536 bytes, linear)
[    0.052574][    T0] Mountpoint-cache hash table entries: 8192 (order: 4, 65536 bytes, linear)
[    0.082348][    T0] Running RCU synchronous self tests
[    0.082604][    T0] Running RCU synchronous self tests
[    0.147672][    T1] RCU Tasks: Setting shift to 2 and lim to 1 rcu_task_cb_adjust=1.
[    0.152219][    T1] RCU Tasks Trace: Setting shift to 2 and lim to 1 rcu_task_cb_adjust=1.
[    0.154374][    T1] Running RCU Tasks wait API self tests
[    0.158521][    T1] Running RCU Tasks Trace wait API self tests
[    0.160096][    T1] riscv: ELF compat mode supported
[    0.160820][    T1] ASID allocator using 16 bits (65536 entries)
[    0.162924][    T1] rcu: Hierarchical SRCU implementation.
[    0.163085][    T1] rcu: 	Max phase no-delay instances is 1000.
[    0.172557][   T14] Callback from call_rcu_tasks_trace() invoked.
[    0.178168][    T1] dyndbg: Ignore empty _ddebug table in a CONFIG_DYNAMIC_DEBUG_CORE build
[    0.179486][    T1] EFI services will not be available.
[    0.184179][    T1] smp: Bringing up secondary CPUs ...
[    0.236723][    T1] smp: Brought up 1 node, 4 CPUs
[    0.308001][    T1] Running RCU synchronous self tests
[    0.308567][    T1] Running RCU synchronous self tests
[    0.309745][    T1] clocksource: jiffies: mask: 0xffffffff max_cycles: 0xffffffff, max_idle_ns: 7645041785100000 ns
[    0.310407][    T1] futex hash table entries: 1024 (order: 5, 131072 bytes, linear)
[    0.318663][    T1] pinctrl core: initialized pinctrl subsystem
[    0.346365][    T1] NET: Registered PF_NETLINK/PF_ROUTE protocol family
[    0.355963][    T1] DMA: preallocated 512 KiB GFP_KERNEL pool for atomic allocations
[    0.357215][    T1] DMA: preallocated 512 KiB GFP_KERNEL|GFP_DMA32 pool for atomic allocations
[    0.359206][    T1] audit: initializing netlink subsys (enabled)
[    0.366561][   T39] audit: type=2000 audit(0.332:1): state=initialized audit_enabled=1 res=1
[    0.373989][    T1] thermal_sys: Registered thermal governor 'bang_bang'
[    0.374127][    T1] thermal_sys: Registered thermal governor 'step_wise'
[    0.374330][    T1] thermal_sys: Registered thermal governor 'user_space'
[    0.374465][    T1] thermal_sys: Registered thermal governor 'power_allocator'
[    0.375538][    T1] cpuidle: using governor menu
[    0.403484][    C2] cpu2: Ratio of byte access time to unaligned word access is 34.77, unaligned accesses are fast
[    0.403539][    C1] cpu1: Ratio of byte access time to unaligned word access is 34.77, unaligned accesses are fast
[    0.403527][    C3] cpu3: Ratio of byte access time to unaligned word access is 31.50, unaligned accesses are fast
[    0.428628][    T7] cpu0: Ratio of byte access time to unaligned word access is 2.00, unaligned accesses are fast
[    0.429307][   T13] Callback from call_rcu_tasks() invoked.
[    0.523468][    T1] SCSI subsystem initialized
[    0.526813][    T1] usbcore: registered new interface driver usbfs
[    0.527818][    T1] usbcore: registered new interface driver hub
[    0.528714][    T1] usbcore: registered new device driver usb
[    0.531916][    T1] mc: Linux media interface: v0.10
[    0.532840][    T1] videodev: Linux video capture interface: v2.00
[    0.535212][    T1] EDAC MC: Ver: 3.0.0
[    0.549861][    T1] Advanced Linux Sound Architecture Driver Initialized.
[    0.574016][    T1] clocksource: Switched to clocksource riscv_clocksource
[    0.601870][    T1] VFS: Disk quotas dquot_6.6.0
[    0.602528][    T1] VFS: Dquot-cache hash table entries: 512 (order 0, 4096 bytes)
[    0.614295][    T1] NET: Registered PF_INET protocol family
[    0.616684][    T1] IP idents hash table entries: 65536 (order: 7, 524288 bytes, linear)
[    0.632850][    T1] tcp_listen_portaddr_hash hash table entries: 2048 (order: 5, 147456 bytes, linear)
[    0.633829][    T1] Table-perturb hash table entries: 65536 (order: 6, 262144 bytes, linear)
[    0.634748][    T1] TCP established hash table entries: 32768 (order: 6, 262144 bytes, linear)
[    0.639735][    T1] TCP bind hash table entries: 32768 (order: 10, 4718592 bytes, vmalloc hugepage)
[    0.654396][    T1] TCP: Hash tables configured (established 32768 bind 32768)
[    0.657796][    T1] UDP hash table entries: 2048 (order: 6, 327680 bytes, linear)
[    0.660120][    T1] UDP-Lite hash table entries: 2048 (order: 6, 327680 bytes, linear)
[    0.667475][    T1] NET: Registered PF_UNIX/PF_LOCAL protocol family
[    0.668694][    T1] NET: Registered PF_XDP protocol family
[    0.669129][    T1] PCI: CLS 0 bytes, default 64
[    0.670496][    T1] kvm [1]: hypervisor extension available
[    0.670696][    T1] kvm [1]: using Sv57x4 G-stage page table format
[    0.671165][    T1] kvm [1]: VMID 14 bits available
[    0.690722][   T10] Trying to unpack rootfs image as initramfs...
[    0.700232][    T1] Initialise system trusted keyrings
[    0.704886][    T1] workingset: timestamp_bits=46 max_order=20 bucket_order=0
[    0.744956][    T1] fuse: init (API version 7.39)
[    0.858782][    T1] Key type asymmetric registered
[    0.859625][    T1] Asymmetric key parser 'x509' registered
[    0.860629][    T1] Block layer SCSI generic (bsg) driver version 0.4 loaded (major 241)
[    0.861734][    T1] io scheduler mq-deadline registered
[    0.861964][    T1] io scheduler kyber registered
[    0.863322][    T1] io scheduler bfq registered
[    0.877770][    T1] pci-host-generic 30000000.pci: host bridge /soc/pci@30000000 ranges:
[    0.879169][    T1] pci-host-generic 30000000.pci:       IO 0x0003000000..0x000300ffff -> 0x0000000000
[    0.880506][    T1] pci-host-generic 30000000.pci:      MEM 0x0040000000..0x007fffffff -> 0x0040000000
[    0.882355][    T1] pci-host-generic 30000000.pci:      MEM 0x0400000000..0x07ffffffff -> 0x0400000000
[    0.886826][    T1] pci-host-generic 30000000.pci: Memory resource size exceeds max for 32 bits
[    0.892323][    T1] pci-host-generic 30000000.pci: ECAM at [mem 0x30000000-0x3fffffff] for [bus 00-ff]
[    0.905251][    T1] pci-host-generic 30000000.pci: PCI host bridge to bus 0000:00
[    0.905715][    T1] pci_bus 0000:00: root bus resource [bus 00-ff]
[    0.905937][    T1] pci_bus 0000:00: root bus resource [io  0x0000-0xffff]
[    0.906100][    T1] pci_bus 0000:00: root bus resource [mem 0x40000000-0x7fffffff]
[    0.906255][    T1] pci_bus 0000:00: root bus resource [mem 0x400000000-0x7ffffffff]
[    0.908209][    T1] pci 0000:00:00.0: [1b36:0008] type 00 class 0x060000 conventional PCI endpoint
[    0.913888][    T1] pci 0000:00:01.0: [1af4:1043] type 00 class 0x078000 conventional PCI endpoint
[    0.918388][    T1] pci 0000:00:01.0: BAR 1 [mem 0x40000000-0x40000fff]
[    0.923247][    T1] pci 0000:00:01.0: BAR 4 [mem 0x40004000-0x40007fff 64bit pref]
[    0.930127][    T1] pci 0000:00:02.0: [1af4:1050] type 00 class 0x038000 conventional PCI endpoint
[    0.932648][    T1] pci 0000:00:02.0: BAR 1 [mem 0x40008000-0x40008fff]
[    0.935848][    T1] pci 0000:00:02.0: BAR 4 [mem 0x4000c000-0x4000ffff 64bit pref]
[    0.941016][    T1] pci 0000:00:03.0: [1af4:1042] type 00 class 0x010000 conventional PCI endpoint
[    0.942854][    T1] pci 0000:00:03.0: BAR 1 [mem 0x40010000-0x40010fff]
[    0.945759][    T1] pci 0000:00:03.0: BAR 4 [mem 0x40014000-0x40017fff 64bit pref]
[    0.949899][    T1] pci 0000:00:04.0: [1af4:1042] type 00 class 0x010000 conventional PCI endpoint
[    0.953363][    T1] pci 0000:00:04.0: BAR 1 [mem 0x40018000-0x40018fff]
[    0.956628][    T1] pci 0000:00:04.0: BAR 4 [mem 0x4001c000-0x4001ffff 64bit pref]
[    0.960370][    T1] pci 0000:00:05.0: [1af4:1042] type 00 class 0x010000 conventional PCI endpoint
[    0.964209][    T1] pci 0000:00:05.0: BAR 1 [mem 0x40020000-0x40020fff]
[    0.967429][    T1] pci 0000:00:05.0: BAR 4 [mem 0x40024000-0x40027fff 64bit pref]
[    0.972016][    T1] pci 0000:00:06.0: [1af4:1044] type 00 class 0x00ff00 conventional PCI endpoint
[    0.973736][    T1] pci 0000:00:06.0: BAR 1 [mem 0x40028000-0x40028fff]
[    0.978255][    T1] pci 0000:00:06.0: BAR 4 [mem 0x4002c000-0x4002ffff 64bit pref]
[    0.984257][    T1] pci 0000:00:07.0: [1af4:1052] type 00 class 0x090200 conventional PCI endpoint
[    0.987272][    T1] pci 0000:00:07.0: BAR 1 [mem 0x40030000-0x40030fff]
[    0.991530][    T1] pci 0000:00:07.0: BAR 4 [mem 0x40034000-0x40037fff 64bit pref]
[    1.003637][    T1] pci 0000:00:08.0: [1af4:1052] type 00 class 0x090000 conventional PCI endpoint
[    1.005490][    T1] pci 0000:00:08.0: BAR 1 [mem 0x40038000-0x40038fff]
[    1.008445][    T1] pci 0000:00:08.0: BAR 4 [mem 0x4003c000-0x4003ffff 64bit pref]
[    1.012952][    T1] pci 0000:00:09.0: [1af4:1052] type 00 class 0x098000 conventional PCI endpoint
[    1.016026][    T1] pci 0000:00:09.0: BAR 1 [mem 0x40040000-0x40040fff]
[    1.018661][    T1] pci 0000:00:09.0: BAR 4 [mem 0x40044000-0x40047fff 64bit pref]
[    1.024624][    T1] pci 0000:00:0a.0: [1af4:1052] type 00 class 0x098000 conventional PCI endpoint
[    1.028215][    T1] pci 0000:00:0a.0: BAR 1 [mem 0x40048000-0x40048fff]
[    1.037785][    T1] pci 0000:00:0a.0: BAR 4 [mem 0x4004c000-0x4004ffff 64bit pref]
[    1.042828][    T1] pci 0000:00:0b.0: [1af4:1045] type 00 class 0x00ff00 conventional PCI endpoint
[    1.045928][    T1] pci 0000:00:0b.0: BAR 1 [mem 0x40050000-0x40050fff]
[    1.049388][    T1] pci 0000:00:0b.0: BAR 4 [mem 0x40054000-0x40057fff 64bit pref]
[    1.052877][    T1] pci 0000:00:0c.0: [1af4:1041] type 00 class 0x020000 conventional PCI endpoint
[    1.056361][    T1] pci 0000:00:0c.0: BAR 1 [mem 0x40058000-0x40058fff]
[    1.059849][    T1] pci 0000:00:0c.0: BAR 4 [mem 0x4005c000-0x4005ffff 64bit pref]
[    1.060944][    T1] pci 0000:00:0c.0: ROM [mem 0x40080000-0x400bffff pref]
[    1.064447][    T1] pci 0000:00:0d.0: [1af4:1041] type 00 class 0x020000 conventional PCI endpoint
[    1.066408][    T1] pci 0000:00:0d.0: BAR 1 [mem 0x400c0000-0x400c0fff]
[    1.069332][    T1] pci 0000:00:0d.0: BAR 4 [mem 0x400c4000-0x400c7fff 64bit pref]
[    1.070507][    T1] pci 0000:00:0d.0: ROM [mem 0x40100000-0x4013ffff pref]
[    1.083507][    T1] pci 0000:00:0e.0: [1af4:1041] type 00 class 0x020000 conventional PCI endpoint
[    1.091872][    T1] pci 0000:00:0e.0: BAR 1 [mem 0x40140000-0x40140fff]
[    1.097962][    T1] pci 0000:00:0e.0: BAR 4 [mem 0x40144000-0x40147fff 64bit pref]
[    1.098750][    T1] pci 0000:00:0e.0: ROM [mem 0x40180000-0x401bffff pref]
[    1.100779][    T1] pci 0000:00:0f.0: [1af4:1053] type 00 class 0x078000 conventional PCI endpoint
[    1.102157][    T1] pci 0000:00:0f.0: BAR 1 [mem 0x401c0000-0x401c0fff]
[    1.105193][    T1] pci 0000:00:0f.0: BAR 4 [mem 0x401c4000-0x401c7fff 64bit pref]
[    1.107581][    T1] pci 0000:00:10.0: [8086:2415] type 00 class 0x040100 conventional PCI endpoint
[    1.108417][    T1] pci 0000:00:10.0: BAR 0 [io  0x1000-0x13ff]
[    1.109156][    T1] pci 0000:00:10.0: BAR 1 [io  0x1400-0x14ff]
[    1.117991][    T1] pci 0000:00:11.0: [1b36:000d] type 00 class 0x0c0330 PCIe Root Complex Integrated Endpoint
[    1.118613][    T1] pci 0000:00:11.0: BAR 0 [mem 0x401c8000-0x401cbfff 64bit]
[    1.120873][    T1] pci 0000:00:11.0: enabling Extended Tags
[    1.124702][    T1] pci 0000:00:0c.0: ROM [mem 0x40000000-0x4003ffff pref]: assigned
[    1.124995][    T1] pci 0000:00:0d.0: ROM [mem 0x40040000-0x4007ffff pref]: assigned
[    1.125152][    T1] pci 0000:00:0e.0: ROM [mem 0x40080000-0x400bffff pref]: assigned
[    1.125335][    T1] pci 0000:00:01.0: BAR 4 [mem 0x400000000-0x400003fff 64bit pref]: assigned
[    1.126920][    T1] pci 0000:00:02.0: BAR 4 [mem 0x400004000-0x400007fff 64bit pref]: assigned
[    1.128088][    T1] pci 0000:00:03.0: BAR 4 [mem 0x400008000-0x40000bfff 64bit pref]: assigned
[    1.128876][    T1] pci 0000:00:04.0: BAR 4 [mem 0x40000c000-0x40000ffff 64bit pref]: assigned
[    1.129685][    T1] pci 0000:00:05.0: BAR 4 [mem 0x400010000-0x400013fff 64bit pref]: assigned
[    1.130540][    T1] pci 0000:00:06.0: BAR 4 [mem 0x400014000-0x400017fff 64bit pref]: assigned
[    1.131559][    T1] pci 0000:00:07.0: BAR 4 [mem 0x400018000-0x40001bfff 64bit pref]: assigned
[    1.132461][    T1] pci 0000:00:08.0: BAR 4 [mem 0x40001c000-0x40001ffff 64bit pref]: assigned
[    1.133482][    T1] pci 0000:00:09.0: BAR 4 [mem 0x400020000-0x400023fff 64bit pref]: assigned
[    1.134516][    T1] pci 0000:00:0a.0: BAR 4 [mem 0x400024000-0x400027fff 64bit pref]: assigned
[    1.136074][    T1] pci 0000:00:0b.0: BAR 4 [mem 0x400028000-0x40002bfff 64bit pref]: assigned
[    1.137685][    T1] pci 0000:00:0c.0: BAR 4 [mem 0x40002c000-0x40002ffff 64bit pref]: assigned
[    1.140141][    T1] pci 0000:00:0d.0: BAR 4 [mem 0x400030000-0x400033fff 64bit pref]: assigned
[    1.140950][    T1] pci 0000:00:0e.0: BAR 4 [mem 0x400034000-0x400037fff 64bit pref]: assigned
[    1.141725][    T1] pci 0000:00:0f.0: BAR 4 [mem 0x400038000-0x40003bfff 64bit pref]: assigned
[    1.142512][    T1] pci 0000:00:11.0: BAR 0 [mem 0x40003c000-0x40003ffff 64bit]: assigned
[    1.143247][    T1] pci 0000:00:01.0: BAR 1 [mem 0x400c0000-0x400c0fff]: assigned
[    1.143893][    T1] pci 0000:00:02.0: BAR 1 [mem 0x400c1000-0x400c1fff]: assigned
[    1.144409][    T1] pci 0000:00:03.0: BAR 1 [mem 0x400c2000-0x400c2fff]: assigned
[    1.144868][    T1] pci 0000:00:04.0: BAR 1 [mem 0x400c3000-0x400c3fff]: assigned
[    1.145360][    T1] pci 0000:00:05.0: BAR 1 [mem 0x400c4000-0x400c4fff]: assigned
[    1.145892][    T1] pci 0000:00:06.0: BAR 1 [mem 0x400c5000-0x400c5fff]: assigned
[    1.146422][    T1] pci 0000:00:07.0: BAR 1 [mem 0x400c6000-0x400c6fff]: assigned
[    1.147169][    T1] pci 0000:00:08.0: BAR 1 [mem 0x400c7000-0x400c7fff]: assigned
[    1.147722][    T1] pci 0000:00:09.0: BAR 1 [mem 0x400c8000-0x400c8fff]: assigned
[    1.148212][    T1] pci 0000:00:0a.0: BAR 1 [mem 0x400c9000-0x400c9fff]: assigned
[    1.149016][    T1] pci 0000:00:0b.0: BAR 1 [mem 0x400ca000-0x400cafff]: assigned
[    1.151476][    T1] pci 0000:00:0c.0: BAR 1 [mem 0x400cb000-0x400cbfff]: assigned
[    1.152122][    T1] pci 0000:00:0d.0: BAR 1 [mem 0x400cc000-0x400ccfff]: assigned
[    1.152605][    T1] pci 0000:00:0e.0: BAR 1 [mem 0x400cd000-0x400cdfff]: assigned
[    1.153074][    T1] pci 0000:00:0f.0: BAR 1 [mem 0x400ce000-0x400cefff]: assigned
[    1.153568][    T1] pci 0000:00:10.0: BAR 0 [io  0x0400-0x07ff]: assigned
[    1.154049][    T1] pci 0000:00:10.0: BAR 1 [io  0x0100-0x01ff]: assigned
[    1.164618][    T1] Serial: 8250/16550 driver, 1 ports, IRQ sharing disabled
[    1.186331][    T1] 10000000.serial: ttyS0 at MMIO 0x10000000 (irq = 12, base_baud = 230400) is a 16550A
[    1.261554][    T1] brd: module loaded
[    1.340429][    T1] loop: module loaded
[    1.345531][    T1] wireguard: WireGuard 1.0.0 loaded. See www.wireguard.com for information.
[    1.345961][    T1] wireguard: Copyright (C) 2015-2019 Jason A. Donenfeld <Jason@zx2c4.com>. All Rights Reserved.
[    1.354560][    T1] tun: Universal TUN/TAP device driver, 1.6
[    1.364368][    T1] xhci_hcd 0000:00:11.0: xHCI Host Controller
[    1.365484][    T1] xhci_hcd 0000:00:11.0: new USB bus registered, assigned bus number 1
[    1.370035][    T1] xhci_hcd 0000:00:11.0: hcc params 0x00087001 hci version 0x100 quirks 0x0000000000000010
[    1.381115][    T1] xhci_hcd 0000:00:11.0: xHCI Host Controller
[    1.381747][    T1] xhci_hcd 0000:00:11.0: new USB bus registered, assigned bus number 2
[    1.383848][    T1] xhci_hcd 0000:00:11.0: Host supports USB 3.0 SuperSpeed
[    1.395397][    T1] usb usb1: New USB device found, idVendor=1d6b, idProduct=0002, bcdDevice= 6.08
[    1.395658][    T1] usb usb1: New USB device strings: Mfr=3, Product=2, SerialNumber=1
[    1.395791][    T1] usb usb1: Product: xHCI Host Controller
[    1.395891][    T1] usb usb1: Manufacturer: Linux 6.8.0-mainline-ga5ed8b92e9f6-ab11698348 xhci-hcd
[    1.396022][    T1] usb usb1: SerialNumber: 0000:00:11.0
[    1.405896][    T1] hub 1-0:1.0: USB hub found
[    1.411277][    T1] hub 1-0:1.0: 4 ports detected
[    1.434406][    T1] usb usb2: We don't know the algorithms for LPM for this host, disabling LPM.
[    1.437330][    T1] usb usb2: New USB device found, idVendor=1d6b, idProduct=0003, bcdDevice= 6.08
[    1.437533][    T1] usb usb2: New USB device strings: Mfr=3, Product=2, SerialNumber=1
[    1.437672][    T1] usb usb2: Product: xHCI Host Controller
[    1.437775][    T1] usb usb2: Manufacturer: Linux 6.8.0-mainline-ga5ed8b92e9f6-ab11698348 xhci-hcd
[    1.437915][    T1] usb usb2: SerialNumber: 0000:00:11.0
[    1.440420][    T1] hub 2-0:1.0: USB hub found
[    1.441413][    T1] hub 2-0:1.0: 4 ports detected
[    1.461979][    T1] usbcore: registered new interface driver uas
[    1.462774][    T1] usbcore: registered new interface driver usb-storage
[    1.469632][    T1] usbcore: registered new interface driver xpad
[    1.470594][    T1] gspca_main: v2.14.0 registered
[    1.471867][    T1] usbcore: registered new interface driver uvcvideo
[    1.476110][    T1] device-mapper: uevent: version 1.0.3
[    1.477591][    T1] device-mapper: ioctl: 4.48.0-ioctl (2023-03-01) initialised: dm-devel@redhat.com
[    1.484942][    T1] sdhci: Secure Digital Host Controller Interface driver
[    1.485307][    T1] sdhci: Copyright(c) Pierre Ossman
[    1.485560][    T1] sdhci-pltfm: SDHCI platform and OF driver helper
[    1.492086][    T1] hid: raw HID events driver (C) Jiri Kosina
[    1.518310][    T1] usbcore: registered new interface driver usbhid
[    1.518539][    T1] usbhid: USB HID core driver
[    1.521053][    T1] ashmem: initialized
[    1.524120][    T1] riscv-pmu-sbi: SBI PMU extension is available
[    1.525039][    T1] riscv-pmu-sbi: 16 firmware and 18 hardware counters
[    1.525239][    T1] riscv-pmu-sbi: Perf sampling/filtering is not supported as sscof extension is not available
[    1.536370][    T1] gnss: GNSS driver registered with major 511
[    1.548180][    T1] usbcore: registered new interface driver snd-usb-audio
[    1.561878][    T1] GACT probability NOT on
[    1.563808][    T1] Mirror/redirect action on
[    1.565183][    T1] netem: version 1.3
[    1.565706][    T1] u32 classifier
[    1.565820][    T1]     input device check on
[    1.565939][    T1]     Actions configured
[    1.584863][    T1] xt_time: kernel timezone is -0000
[    1.585832][    T1] ipip: IPv4 and MPLS over IPv4 tunneling driver
[    1.593300][    T1] gre: GRE over IPv4 demultiplexor driver
[    1.593597][    T1] ip_gre: GRE over IPv4 tunneling driver
[    1.612298][    T1] IPv4 over IPsec tunneling driver
[    1.630438][    T1] Initializing XFRM netlink socket
[    1.632280][    T1] IPsec XFRM device driver
[    1.636799][    T1] NET: Registered PF_INET6 protocol family
[    1.660774][    T1] Segment Routing with IPv6
[    1.661253][    T1] In-situ OAM (IOAM) with IPv6
[    1.662656][    T1] mip6: Mobile IPv6
[    1.670035][    T1] sit: IPv6, IPv4 and MPLS over IPv4 tunneling driver
[    1.678033][    T1] ip6_gre: GRE over IPv6 tunneling driver
[    1.682706][    T1] NET: Registered PF_PACKET protocol family
[    1.683489][    T1] NET: Registered PF_KEY protocol family
[    1.685219][    T1] NET: Registered PF_VSOCK protocol family
[    1.782375][    T1] registered taskstats version 1
[    1.787591][    T1] Loading compiled-in X.509 certificates
[    1.804978][   T64] cryptomgr_probe (64) used greatest stack depth: 14344 bytes left
[    1.807234][    T1] Loaded X.509 cert 'Build time autogenerated kernel key: bdf8ec0d84c4fbd04a7b5dd830510f3a9d68fa45'
[    1.830105][    C1] cryptomgr_probe (64): highest shadow stack usage: 168 bytes
[    2.014757][    T1] page_owner is disabled
[    2.018301][    T1] Key type .fscrypt registered
[    2.018657][    T1] Key type fscrypt-provisioning registered
[    2.043271][    T1] clk: Disabling unused clocks
[    2.043788][    T1] ALSA device list:
[    2.044305][    T1]   No soundcards found.
[    2.185713][   T10] Freeing initrd memory: 20664K
[    2.188776][    T1] Warning: unable to open an initial console.
[    2.305987][    T1] Freeing unused kernel image (initmem) memory: 5224K
[    2.311623][    T1] Run /init as init process
[    2.800591][    T1] init: init first stage started!
[    2.889316][    T1] init: Loading module /lib/modules/failover.ko with args ''
[    2.906760][    T1] failover: module verification failed: signature and/or required key missing - tainting kernel
[    2.927731][    T1] init: Loaded kernel module /lib/modules/failover.ko
[    2.929370][    T1] init: Loading module /lib/modules/nd_virtio.ko with args ''
[    2.970697][    T1] init: Loaded kernel module /lib/modules/nd_virtio.ko
[    2.972370][    T1] init: Loading module /lib/modules/net_failover.ko with args ''
[    2.985627][    T1] init: Loaded kernel module /lib/modules/net_failover.ko
[    2.986724][    T1] init: Loading module /lib/modules/virtio_dma_buf.ko with args ''
[    3.000078][    T1] init: Loaded kernel module /lib/modules/virtio_dma_buf.ko
[    3.001234][    T1] init: Loading module /lib/modules/virtio-gpu.ko with args ''
[    3.041323][    T1] init: Loaded kernel module /lib/modules/virtio-gpu.ko
[    3.042126][    T1] init: Loading module /lib/modules/virtio_input.ko with args ''
[    3.053278][    T1] init: Loaded kernel module /lib/modules/virtio_input.ko
[    3.054103][    T1] init: Loading module /lib/modules/virtio_net.ko with args ''
[    3.103849][    T1] init: Loaded kernel module /lib/modules/virtio_net.ko
[    3.104886][    T1] init: Loading module /lib/modules/virtio-rng.ko with args ''
[    3.125865][    T1] init: Loaded kernel module /lib/modules/virtio-rng.ko
[    3.129039][    T1] init: Loading module /lib/modules/rfkill.ko with args ''
[    3.163531][    T1] init: Loaded kernel module /lib/modules/rfkill.ko
[    3.164292][    T1] init: Loading module /lib/modules/cfg80211.ko with args ''
[    3.765762][    T1] cfg80211: Loading compiled-in X.509 certificates for regulatory database
[    3.790459][    T1] Loaded X.509 cert 'sforshee: 00b28ddf47aef9cea7'
[    3.802078][    T1] Loaded X.509 cert 'wens: 61c038651aabdcf94bd0ac7ff06c7248db18c600'
[    3.816183][   T37] platform regulatory.0: Direct firmware load for regulatory.db failed with error -2
[    3.817187][   T37] cfg80211: failed to load regulatory.db
[    3.822847][    T1] init: Loaded kernel module /lib/modules/cfg80211.ko
[    3.831412][    T1] init: Loading module /lib/modules/libarc4.ko with args ''
[    3.846160][    T1] init: Loaded kernel module /lib/modules/libarc4.ko
[    3.850811][    T1] init: Loading module /lib/modules/mac80211.ko with args ''
[    4.872204][    T1] init: Loaded kernel module /lib/modules/mac80211.ko
[    4.873592][    T1] init: Loading module /lib/modules/mac80211_hwsim.ko with args 'radios=0'
[    5.094488][    T1] mac80211_hwsim: initializing netlink
[    5.181099][    T1] init: Loaded kernel module /lib/modules/mac80211_hwsim.ko
[    5.189103][    T1] init: Loading module /lib/modules/virtio_blk.ko with args ''
[    5.339919][    T1] init: Loaded kernel module /lib/modules/virtio_blk.ko
[    5.341331][    T1] init: Loading module /lib/modules/virtio_console.ko with args ''
[    5.496923][    T1] init: Loaded kernel module /lib/modules/virtio_console.ko
[    5.500884][    T1] init: Loading module /lib/modules/virtio_pci_modern_dev.ko with args ''
[    5.692754][    T1] init: Loaded kernel module /lib/modules/virtio_pci_modern_dev.ko
[    5.693582][    T1] init: Loading module /lib/modules/virtio_pci_legacy_dev.ko with args ''
[    5.788432][    T1] init: Loaded kernel module /lib/modules/virtio_pci_legacy_dev.ko
[    5.794105][    T1] init: Loading module /lib/modules/virtio_pci.ko with args ''
[    5.901471][    T1] [drm] pci: virtio-gpu-pci detected at 0000:00:02.0
[    5.902761][    T1] [drm] features: -virgl +edid -resource_blob -host_visible
[    5.903049][    T1] [drm] features: -context_init
[    5.908526][    T1] [drm] number of scanouts: 1
[    5.908736][    T1] [drm] number of cap sets: 0
[    5.997320][    T1] [drm] Initialized virtio_gpu 0.1.0 0 for 0000:00:02.0 on minor 0
[    6.005709][    T1] virtio_blk virtio2: 4/0/0 default/read/poll queues
[    6.007479][    T7] printk: legacy console [hvc0] enabled
[    6.007930][    T7] printk: legacy bootconsole [uart8250] disabled
[    6.017794][    T1] virtio_blk virtio2: [vda] 34245760 512-byte logical blocks (17.5 GB/16.3 GiB)
[    6.064280][    T1]  vda: vda1 vda2 vda3 vda4 vda5 vda6 vda7 vda8 vda9 vda10 vda11 vda12 vda13 vda14 vda15 vda16 vda17 vda18
[    6.089415][    T1] virtio_blk virtio3: 4/0/0 default/read/poll queues
[    6.092587][    T1] virtio_blk virtio3: [vdb] 2560 512-byte logical blocks (1.31 MB/1.25 MiB)
[    6.106818][    T1]  vdb: vdb1 vdb2 vdb3 vdb4
[    6.129768][    T1] virtio_blk virtio4: 4/0/0 default/read/poll queues
[    6.133269][    T1] virtio_blk virtio4: [vdc] 4194304 512-byte logical blocks (2.15 GB/2.00 GiB)
[    6.145234][    T1]  vdc: vdc1
[    6.162852][    T1] input: QEMU Virtio Mouse as /devices/platform/soc/30000000.pci/pci0000:00/0000:00:07.0/virtio6/input/input0
[    6.169861][    T1] input: QEMU Virtio Keyboard as /devices/platform/soc/30000000.pci/pci0000:00/0000:00:08.0/virtio7/input/input1
[    6.195849][    T1] input: Cuttlefish Vhost User Switches 0 as /devices/platform/soc/30000000.pci/pci0000:00/0000:00:09.0/virtio8/input/input2
[    6.203457][    T1] input: Cuttlefish Vhost User Rotary 0 as /devices/platform/soc/30000000.pci/pci0000:00/0000:00:0a.0/virtio9/input/input3
[    6.258747][    T1] init: Loaded kernel module /lib/modules/virtio_pci.ko
[    6.261208][    T1] init: Loading module /lib/modules/vmw_vsock_virtio_transport.ko with args ''
[    6.283709][    T1] init: Loaded kernel module /lib/modules/vmw_vsock_virtio_transport.ko
[    6.286315][    T1] init: Loaded 19 modules from /lib/modules
[    6.289460][    T1] init: Loaded 19 kernel modules took 3485 ms
[    6.309547][    T1] init: Copied ramdisk prop to /second_stage_resources/system/etc/ramdisk/build.prop
[    6.311883][    T1] init: Using generic ramdisk copy of snapuserd /system/bin/snapuserd_ramdisk
[    6.313341][    T1] init: hard linking /system/bin/snapuserd_ramdisk to /first_stage_ramdisk/system/bin/snapuserd succeeded
[    6.336756][    T1] init: Switching root to '/first_stage_ramdisk'
[    6.349584][    T1] init: [libfstab] Using Android DT directory /proc/device-tree/firmware/android/
[    6.352106][    T1] init: [libfstab] ReadFstabFromDt(): failed to read fstab from dt
[    6.689193][    T1] init: [libfs_mgr] Invalid ext4 superblock on '/dev/block/by-name/metadata'
[    6.693264][    T1] init: [libfs_mgr] Invalid ext4 superblock on '/dev/block/by-name/metadata'
[    6.814252][    T1] init: [libfs_mgr] Created logical partition product_a on device /dev/block/dm-0
[    6.816407][    T1] init: [libfs_mgr] Skipping zero-length logical partition: product_b
[    6.844050][    T1] init: [libfs_mgr] Created logical partition system_a on device /dev/block/dm-1
[    6.877452][    T1] init: [libfs_mgr] Created logical partition system_b on device /dev/block/dm-2
[    6.917685][    T1] init: [libfs_mgr] Created logical partition system_ext_a on device /dev/block/dm-3
[    6.918301][    T1] init: [libfs_mgr] Skipping zero-length logical partition: system_ext_b
[    6.946721][    T1] init: [libfs_mgr] Created logical partition system_dlkm_a on device /dev/block/dm-4
[    6.947755][    T1] init: [libfs_mgr] Skipping zero-length logical partition: system_dlkm_b
[    6.984329][    T1] init: [libfs_mgr] Created logical partition odm_a on device /dev/block/dm-5
[    6.984776][    T1] init: [libfs_mgr] Skipping zero-length logical partition: odm_b
[    7.009711][    T1] init: [libfs_mgr] Created logical partition vendor_a on device /dev/block/dm-6
[    7.010178][    T1] init: [libfs_mgr] Skipping zero-length logical partition: vendor_b
[    7.045997][    T1] init: [libfs_mgr] Created logical partition vendor_dlkm_a on device /dev/block/dm-7
[    7.046515][    T1] init: [libfs_mgr] Skipping zero-length logical partition: vendor_dlkm_b
[    7.071438][    T1] init: [libfs_mgr] Created logical partition odm_dlkm_a on device /dev/block/dm-8
[    7.072018][    T1] init: [libfs_mgr] Skipping zero-length logical partition: odm_dlkm_b
[    7.072928][    T1] init: DSU not detected, proceeding with normal boot
[    7.234468][    T1] init: [libfs_avb] Returning avb_handle with status: Success
[    7.246320][    T1] init: [libfs_avb] : Error verifying vbmeta image: OK_NOT_SIGNED
[    7.251605][    T1] init: [libfs_avb] public key data shouldn't be empty for /system
[    7.252030][    T1] init: [libfs_avb] Found unknown public key used to sign /system
[    7.252292][    T1] init: [libfs_avb] Returning avb_handle for '/system' with status: VerificationError
[    7.273309][    T1] init: [libfs_avb] Built verity table: '1 /dev/block/dm-1 /dev/block/dm-1 4096 4096 142833 142833 sha256 e2f6d91928555cbb5066e3eee50ad5ab69eac109f585cca828933509a87fc18a 8e9b3f519006a06faa06537409d1d6ae1a624b1433fa8fd04489f3fc6046e46e 10 use_fec_from_device /dev/block/dm-1 fec_roots 2 fec_blocks 143959 fec_start 143959 restart_on_corruption ignore_zero_blocks'
[    7.284714][    T1] device-mapper: verity: sha256 using implementation "sha256-generic"
[    7.381069][    T1] erofs: (device dm-9): mounted with root inode @ nid 55.
[    7.383566][    T1] init: [libfs_mgr] __mount(source=/dev/block/dm-9,target=/system,type=erofs)=0: Success
[    7.415803][    T1] init: Switching root to '/system'
[    7.471874][    T1] init: [libfs_avb] Built verity table: '1 /dev/block/dm-5 /dev/block/dm-5 4096 4096 92 92 sha256 115a6cdfdec1dbd60e56f3c0f434fbf6a9357cc3c4caf0cff19237fbd9d8abc6 8e9b3f519006a06faa06537409d1d6ae1a624b1433fa8fd04489f3fc6046e46e 10 use_fec_from_device /dev/block/dm-5 fec_roots 2 fec_blocks 93 fec_start 93 restart_on_corruption ignore_zero_blocks'
[    7.480503][    T1] device-mapper: verity: sha256 using implementation "sha256-generic"
[    7.549135][    T1] erofs: (device dm-10): mounted with root inode @ nid 38.
[    7.555598][    T1] init: [libfs_mgr] __mount(source=/dev/block/dm-10,target=/odm,type=erofs)=0: Success
[    7.564822][    T1] init: [libfs_avb] Built verity table: '1 /dev/block/dm-0 /dev/block/dm-0 4096 4096 18114 18114 sha256 10fa4a2b8d50f00113781f314bf4897e06e81f169c0ed77a8446d0ad4d0ba778 8e9b3f519006a06faa06537409d1d6ae1a624b1433fa8fd04489f3fc6046e46e 10 use_fec_from_device /dev/block/dm-0 fec_roots 2 fec_blocks 18259 fec_start 18259 restart_on_corruption ignore_zero_blocks'
[    7.570516][    T1] device-mapper: verity: sha256 using implementation "sha256-generic"
[    7.640785][    T1] erofs: (device dm-11): mounted with root inode @ nid 40.
[    7.642017][    T1] init: [libfs_mgr] __mount(source=/dev/block/dm-11,target=/product,type=erofs)=0: Success
[    7.668749][    T1] init: [libfs_avb] Built verity table: '1 /dev/block/dm-3 /dev/block/dm-3 4096 4096 32112 32112 blake2b-256 0cfb13e9cee0abc6bb82fd0d8e26b1678f2df5b7e42ab1575d4bd69d5c13f3bb 8e9b3f519006a06faa06537409d1d6ae1a624b1433fa8fd04489f3fc6046e46e 10 use_fec_from_device /dev/block/dm-3 fec_roots 2 fec_blocks 32366 fec_start 32366 restart_on_corruption ignore_zero_blocks'
[    7.675260][    T1] device-mapper: verity: blake2b-256 using implementation "blake2b-256-generic"
[    7.740851][    T1] erofs: (device dm-12): mounted with root inode @ nid 39.
[    7.742215][    T1] init: [libfs_mgr] __mount(source=/dev/block/dm-12,target=/system_ext,type=erofs)=0: Success
[    7.776645][    T1] init: [libfs_avb] Built verity table: '1 /dev/block/dm-6 /dev/block/dm-6 4096 4096 65746 65746 sha256 1105ad4c127c1fcd4eac52f443aad773d23e56101eed14edb09da5dd161068c1 8e9b3f519006a06faa06537409d1d6ae1a624b1433fa8fd04489f3fc6046e46e 10 use_fec_from_device /dev/block/dm-6 fec_roots 2 fec_blocks 66266 fec_start 66266 restart_on_corruption ignore_zero_blocks'
[    7.783809][    T1] device-mapper: verity: sha256 using implementation "sha256-generic"
[    7.852277][    T1] erofs: (device dm-13): mounted with root inode @ nid 48.
[    7.853270][    T1] init: [libfs_mgr] __mount(source=/dev/block/dm-13,target=/vendor,type=erofs)=0: Success
[    7.863563][    T1] init: [libfs_avb] Built verity table: '1 /dev/block/dm-7 /dev/block/dm-7 4096 4096 232 232 sha256 7bcf413563298a36e34e9461ec35dd1c49b642a69df9685c51218a2bb5c14a1c 8e9b3f519006a06faa06537409d1d6ae1a624b1433fa8fd04489f3fc6046e46e 10 use_fec_from_device /dev/block/dm-7 fec_roots 2 fec_blocks 235 fec_start 235 restart_on_corruption ignore_zero_blocks'
[    7.868780][    T1] device-mapper: verity: sha256 using implementation "sha256-generic"
[    7.923458][    T1] erofs: (device dm-14): mounted with root inode @ nid 39.
[    7.924428][    T1] init: [libfs_mgr] __mount(source=/dev/block/dm-14,target=/vendor_dlkm,type=erofs)=0: Success
[    7.931824][    T1] init: [libfs_avb] Built verity table: '1 /dev/block/dm-8 /dev/block/dm-8 4096 4096 2 2 sha256 ac966aa50b2ca1df46f86102fff1b824972163aa6a02b419090c199d025efcd7 8e9b3f519006a06faa06537409d1d6ae1a624b1433fa8fd04489f3fc6046e46e 10 use_fec_from_device /dev/block/dm-8 fec_roots 2 fec_blocks 3 fec_start 3 restart_on_corruption ignore_zero_blocks'
[    7.936493][    T1] device-mapper: verity: sha256 using implementation "sha256-generic"
[    7.983718][    T1] erofs: (device dm-15): mounted with root inode @ nid 38.
[    7.984638][    T1] init: [libfs_mgr] __mount(source=/dev/block/dm-15,target=/odm_dlkm,type=erofs)=0: Success
[    7.996715][    T1] init: [libfs_avb] : Error verifying vbmeta image: OK_NOT_SIGNED
[    8.002516][    T1] init: [libfs_avb] public key data shouldn't be empty for /system_dlkm
[    8.003392][    T1] init: [libfs_avb] Found unknown public key used to sign /system_dlkm
[    8.003674][    T1] init: [libfs_avb] Returning avb_handle for '/system_dlkm' with status: VerificationError
[    8.004184][    T1] init: Image rollback detected for /system_dlkm, SPL switches from '' to ''
[    8.006465][    T1] init: Allowing rollbacked standalone image when the device is unlocked
[    8.009339][    T1] init: [libfs_avb] Built verity table: '1 /dev/block/dm-4 /dev/block/dm-4 4096 4096 2402 2402 sha256 2a6b65236895bfbc7d617ed2d6f0a01b4b158c87d24505c218028ea9a5425e71 8e9b3f519006a06faa06537409d1d6ae1a624b1433fa8fd04489f3fc6046e46e 10 use_fec_from_device /dev/block/dm-4 fec_roots 2 fec_blocks 2422 fec_start 2422 restart_on_corruption ignore_zero_blocks'
[    8.015357][    T1] device-mapper: verity: sha256 using implementation "sha256-generic"
[    8.070329][    T1] erofs: (device dm-16): mounted with root inode @ nid 38.
[    8.073380][    T1] init: [libfs_mgr] __mount(source=/dev/block/dm-16,target=/system_dlkm,type=erofs)=0: Success
[    8.590606][    T1] init: Skipped setting INIT_AVB_VERSION (not in recovery mode)
[   11.061575][    T1] init: [libfstab] Using Android DT directory /proc/device-tree/firmware/android/
[   11.132325][    T1] init: Opening SELinux policy
[   11.261836][    T1] init: Loading SELinux policy
[   11.734061][    T1] SELinux:  policy capability network_peer_controls=1
[   11.737071][    T1] SELinux:  policy capability open_perms=1
[   11.737233][    T1] SELinux:  policy capability extended_socket_class=1
[   11.737375][    T1] SELinux:  policy capability always_check_network=0
[   11.737514][    T1] SELinux:  policy capability cgroup_seclabel=0
[   11.737670][    T1] SELinux:  policy capability nnp_nosuid_transition=1
[   11.737810][    T1] SELinux:  policy capability genfs_seclabel_symlinks=0
[   11.737948][    T1] SELinux:  policy capability ioctl_skip_cloexec=0
[   11.738096][    T1] SELinux:  policy capability userspace_initial_context=0
[   11.738270][    T1] SELinux:  unknown policy capability 12
[   11.911234][   T39] audit: type=1403 audit(11.216:2): auid=4294967295 ses=4294967295 lsm=selinux res=1
[   11.914745][   T39] audit: type=1300 audit(11.216:2): arch=c00000f3 syscall=64 success=yes exit=814373 a0=4 a1=7ffcf45382d0 a2=c6d25 a3=ffffffffffffffff items=0 ppid=0 pid=1 auid=4294967295 uid=0 gid=0 euid=0 suid=0 fsuid=0 egid=0 sgid=0 fsgid=0 tty=(none) ses=4294967295 comm="init" exe="/system/bin/init" subj=u:r:kernel:s0 key=(null)
[   11.916655][   T39] audit: type=1327 audit(11.216:2): proctitle=2F73797374656D2F62696E2F696E69740073656C696E75785F7365747570
[   11.926599][   T39] audit: type=1404 audit(11.876:3): enforcing=1 old_enforcing=0 auid=4294967295 ses=4294967295 enabled=1 old-enabled=1 lsm=selinux res=1
[   11.950628][   T39] audit: type=1300 audit(11.876:3): arch=c00000f3 syscall=64 success=yes exit=1 a0=4 a1=7ffff3f9f878 a2=1 a3=14 items=0 ppid=0 pid=1 auid=4294967295 uid=0 gid=0 euid=0 suid=0 fsuid=0 egid=0 sgid=0 fsgid=0 tty=(none) ses=4294967295 comm="init" exe="/system/bin/init" subj=u:r:kernel:s0 key=(null)
[   11.951676][   T39] audit: type=1327 audit(11.876:3): proctitle=2F73797374656D2F62696E2F696E69740073656C696E75785F7365747570
[   12.037579][    T1] selinux: SELinux: Loaded file context from:
[   12.038039][    T1] selinux: 		/system/etc/selinux/plat_file_contexts
[   12.038240][    T1] selinux: 		/system_ext/etc/selinux/system_ext_file_contexts
[   12.038436][    T1] selinux: 		/product/etc/selinux/product_file_contexts
[   12.038593][    T1] selinux: 		/vendor/etc/selinux/vendor_file_contexts
[   12.038751][    T1] selinux: 		/odm/etc/selinux/odm_file_contexts
[   12.768130][    T1] init: init second stage started!
[   13.125192][    T1] selinux: SELinux: Loaded file context from:
[   13.125533][    T1] selinux: 		/system/etc/selinux/plat_file_contexts
[   13.125683][    T1] selinux: 		/system_ext/etc/selinux/system_ext_file_contexts
[   13.125843][    T1] selinux: 		/product/etc/selinux/product_file_contexts
[   13.125988][    T1] selinux: 		/vendor/etc/selinux/vendor_file_contexts
[   13.126138][    T1] selinux: 		/odm/etc/selinux/odm_file_contexts
[   14.527907][    T1] init: [libfstab] Using Android DT directory /proc/device-tree/firmware/android/
[   14.691901][    T1] init: Overriding previous property 'ro.build.display.id':'mainline-userdebug 16 BP4A.251205.006 15357239 test-keys' with new value 'aosp_cf_riscv64_phone-userdebug 16 BP4A.251205.006 15357239 test-keys'
[   14.693634][    T1] init: Overriding previous property 'ro.build.flavor':'mainline-userdebug' with new value 'aosp_cf_riscv64_phone-userdebug'
[   14.694175][    T1] init: Overriding previous property 'ro.build.description':'mainline-userdebug 16 BP4A.251205.006 15357239 test-keys' with new value 'aosp_cf_riscv64_phone-userdebug 16 BP4A.251205.006 15357239 test-keys'
[   14.700964][    T1] init: Overriding previous property 'ro.config.notification_sound':'OnTheHunt.ogg' with new value 'pixiedust.ogg'
[   14.702090][    T1] init: Overriding previous property 'ro.com.android.dataroaming':'false' with new value 'true'
[   14.748909][    T1] init: Setting product property ro.product.brand to 'generic' (from ro.product.product.brand)
[   14.749843][    T1] init: Setting product property ro.product.device to 'vsoc_riscv64' (from ro.product.product.device)
[   14.750520][    T1] init: Setting product property ro.product.manufacturer to 'Google' (from ro.product.product.manufacturer)
[   14.751584][    T1] init: Setting product property ro.product.model to 'Cuttlefish riscv64 phone' (from ro.product.product.model)
[   14.752383][    T1] init: Setting product property ro.product.name to 'aosp_cf_riscv64_phone' (from ro.product.product.name)
[   14.754201][    T1] init: Setting property 'ro.build.fingerprint' to 'generic/aosp_cf_riscv64_phone/vsoc_riscv64:16/BP4A.251205.006/15357239:userdebug/test-keys'
[   14.755901][    T1] init: Setting property 'ro.product.cpu.abilist' to 'riscv64'
[   14.756469][    T1] init: Setting property 'ro.product.cpu.abilist32' to ''
[   14.756948][    T1] init: Setting property 'ro.product.cpu.abilist64' to 'riscv64'
[   14.771381][    T1] init: Running restorecon...
[   15.197295][    T1] init: Created socket '/dev/socket/property_service_for_system', mode 660, user 0, group 1000
[   15.208025][    T1] init: Created socket '/dev/socket/property_service', mode 666, user 0, group 0
[   15.244762][    T1] init: [libfs_mgr] vendor overlay: vndk version not defined
[   15.304124][    T1] init: SetupMountNamespaces done
[   15.335357][    T1] init: Forked subcontext for 'u:r:vendor_init:s0' with pid 102
[   15.349207][    T1] init: Parsing file /system/etc/init/hw/init.rc...
[   15.378094][    T1] init: Added '/init.environ.rc' to import list
[   15.380684][    T1] init: Added '/system/etc/init/hw/init.usb.rc' to import list
[   15.382575][    T1] init: Added '/init.cutf_cvm.rc' to import list
[   15.384433][    T1] init: Added '/vendor/etc/init/hw/init.cutf_cvm.rc' to import list
[   15.385127][    T1] init: Added '/system/etc/init/hw/init.usb.configfs.rc' to import list
[   15.385972][    T1] init: Added '/system/etc/init/hw/init.zygote64.rc' to import list
[   15.398657][    T1] init: Added '/system/etc/init/hw/init.boringssl.zygote64.rc' to import list
[   15.415959][    T1] init: Added '/system/etc/init/init-perfetto.rc' to import list
[   15.420057][    T1] init: Parsing file /init.environ.rc...
[   15.424287][    T1] init: Parsing file /system/etc/init/hw/init.usb.rc...
[   15.430754][    T1] init: Parsing file /init.cutf_cvm.rc...
[   15.431821][    T1] init: Unable to read config file '/init.cutf_cvm.rc': open() failed: No such file or directory
[   15.434474][    T1] init: Parsing file /vendor/etc/init/hw/init.cutf_cvm.rc...
[   15.435429][    T1] init: Unable to read config file '/vendor/etc/init/hw/init.cutf_cvm.rc': open() failed: No such file or directory
[   15.436174][    T1] init: Parsing file /system/etc/init/hw/init.usb.configfs.rc...
[   15.446639][    T1] init: Parsing file /system/etc/init/hw/init.zygote64.rc...
[   15.450780][    T1] init: Parsing file /system/etc/init/hw/init.boringssl.zygote64.rc...
[   15.457782][    T1] init: Parsing file /system/etc/init/init-perfetto.rc...
[   15.464167][    T1] init: Parsing directory /system/etc/init...
[   15.473792][    T1] init: Parsing file /system/etc/init/aconfigd.rc...
[   15.481111][    T1] init: Parsing file /system/etc/init/android.system.suspend-service.rc...
[   15.482784][    T1] init: Parsing file /system/etc/init/apexd.rc...
[   15.485924][    T1] init: Parsing file /system/etc/init/atrace.rc...
[   15.508885][    T1] init: Parsing file /system/etc/init/atrace_userdebug.rc...
[   15.511734][    T1] init: Parsing file /system/etc/init/audioserver.rc...
[   15.519366][    T1] init: Parsing file /system/etc/init/blank_screen.rc...
[   15.521306][    T1] init: Parsing file /system/etc/init/bootanim.rc...
[   15.522794][    T1] init: Parsing file /system/etc/init/bootstat-debug.rc...
[   15.524363][    T1] init: Parsing file /system/etc/init/bootstat.rc...
[   15.530221][    T1] init: Parsing file /system/etc/init/cameraserver.rc...
[   15.532840][    T1] init: Parsing file /system/etc/init/clean_scratch_files.rc...
[   15.534161][    T1] init: Parsing file /system/etc/init/cppreopts.rc...
[   15.535734][    T1] init: Parsing file /system/etc/init/credstore.rc...
[   15.536847][    T1] init: Parsing file /system/etc/init/dmesgd.rc...
[   15.541079][    T1] init: Parsing file /system/etc/init/drmserver.rc...
[   15.549456][    T1] init: Parsing file /system/etc/init/dumpstate.rc...
[   15.561955][    T1] init: Parsing file /system/etc/init/flags_health_check.rc...
[   15.564409][    T1] init: Parsing file /system/etc/init/gatekeeperd.rc...
[   15.566337][    T1] init: Parsing file /system/etc/init/gpuservice.rc...
[   15.568778][    T1] init: Parsing file /system/etc/init/gsid.rc...
[   15.570858][    T1] init: Parsing file /system/etc/init/heapprofd.rc...
[   15.575616][    T1] init: Parsing file /system/etc/init/idmap2d.rc...
[   15.577172][    T1] init: Parsing file /system/etc/init/incidentd.rc...
[   15.578542][    T1] init: Parsing file /system/etc/init/init-debug.rc...
[   15.580428][    T1] init: Parsing file /system/etc/init/init-mmd-prop.rc...
[   15.581659][    T1] init: Parsing file /system/etc/init/init-perfetto.rc...
[   15.583678][    T1] init: Parsing file /system/etc/init/installd.rc...
[   15.590996][    T1] init: Parsing file /system/etc/init/kcmdlinectrl.rc...
[   15.596536][    T1] init: Parsing file /system/etc/init/keystore2.rc...
[   15.599898][    T1] init: Parsing file /system/etc/init/llkd-debuggable.rc...
[   15.604407][    T1] init: Parsing file /system/etc/init/llkd.rc...
[   15.611974][    T1] init: Parsing file /system/etc/init/lmkd.rc...
[   15.622582][    T1] init: Parsing file /system/etc/init/logcatd.rc...
[   15.632798][    T1] init: Parsing file /system/etc/init/logd.rc...
[   15.636122][    T1] init: Parsing file /system/etc/init/logtagd.rc...
[   15.638352][    T1] init: Parsing file /system/etc/init/lpdumpd.rc...
[   15.641265][    T1] init: Parsing file /system/etc/init/mdnsd.rc...
[   15.643251][    T1] init: Parsing file /system/etc/init/mediaextractor.rc...
[   15.644600][    T1] init: Parsing file /system/etc/init/mediametrics.rc...
[   15.645765][    T1] init: Parsing file /system/etc/init/mediaserver_dynamic.rc...
[   15.646856][    T1] init: Added '/system/etc/init/hw/mediaserver.zygote64.rc' to import list
[   15.647916][    T1] init: Parsing file /system/etc/init/hw/mediaserver.zygote64.rc...
[   15.649407][    T1] init: Parsing file /system/etc/init/misctrl.rc...
[   15.650692][    T1] init: Parsing file /system/etc/init/mtectrl.rc...
[   15.654153][    T1] init: Parsing file /system/etc/init/netbpfload.rc...
[   15.655803][    T1] init: Parsing file /system/etc/init/netd.rc...
[   15.657709][    T1] init: Parsing file /system/etc/init/odsign.rc...
[   15.659570][    T1] init: Parsing file /system/etc/init/perfetto.rc...
[   15.667457][    T1] init: Parsing file /system/etc/init/prefetch.rc...
[   15.673556][    T1] init: Parsing file /system/etc/init/prng_seeder.rc...
[   15.680467][    T1] init: Parsing file /system/etc/init/recovery-persist.rc...
[   15.681930][    T1] init: Parsing file /system/etc/init/recovery-refresh.rc...
[   15.683309][    T1] init: Parsing file /system/etc/init/rss_hwm_reset.rc...
[   15.686839][    T1] init: Parsing file /system/etc/init/servicemanager.rc...
[   15.689185][    T1] init: Parsing file /system/etc/init/simpleperf.rc...
[   15.690400][    T1] init: Parsing file /system/etc/init/snapuserd.rc...
[   15.692069][    T1] init: Parsing file /system/etc/init/storaged.rc...
[   15.693226][    T1] init: Parsing file /system/etc/init/surfaceflinger.rc...
[   15.694342][    T1] init: Parsing file /system/etc/init/tombstoned.rc...
[   15.695969][    T1] init: Parsing file /system/etc/init/traced_perf.rc...
[   15.697700][    T1] init: Parsing file /system/etc/init/tradeinmode.rc...
[   15.698786][    T1] init: Parsing file /system/etc/init/uncrypt.rc...
[   15.701034][    T1] init: Parsing file /system/etc/init/update_engine.rc...
[   15.702767][    T1] init: Parsing file /system/etc/init/update_verifier.rc...
[   15.704593][    T1] init: Parsing file /system/etc/init/usbd.rc...
[   15.706107][    T1] init: Parsing file /system/etc/init/virtual_camera.hal.rc...
[   15.708701][    T1] init: Parsing file /system/etc/init/vold.rc...
[   15.711367][    T1] init: Parsing file /system/etc/init/wifi.rc...
[   15.717798][    T1] init: Parsing file /system/etc/init/wificond.rc...
[   15.721752][    T1] init: Parsing directory /system_ext/etc/init...
[   15.723779][    T1] init: Parsing file /system_ext/etc/init/aidl_lazy_cb_test_server.rc...
[   15.733710][    T1] init: Parsing file /system_ext/etc/init/aidl_lazy_test_server.rc...
[   15.748761][    T1] init: Parsing file /system_ext/etc/init/android.hardware.audio.parameter_parser.example_service.rc...
[   15.754377][    T1] init: Parsing file /system_ext/etc/init/android.hardware.security.keymint-service.trusty_system_vm.rc...
[   15.757392][    T1] init: Parsing file /system_ext/etc/init/android.hidl.allocator@1.0-service.rc...
[   15.759651][    T1] init: Parsing file /system_ext/etc/init/hwservicemanager.rc...
[   15.761425][    T1] init: Parsing file /system_ext/etc/init/rpmb_dev.system.rc...
[   15.765709][    T1] init: Parsing file /system_ext/etc/init/rpmb_dev.test.system.rc...
[   15.773447][    T1] init: Parsing file /system_ext/etc/init/set_adb.rc...
[   15.776128][    T1] init: Parsing file /system_ext/etc/init/trusty_security_vm_launcher.rc...
[   15.778108][    T1] init: Parsing directory /vendor/etc/init...
[   15.779650][    T1] init: Parsing file /vendor/etc/init/android.hardware.security.keymint-service.trusty_tee.cpp.rc...
[   15.784686][    T1] init: Parsing file /vendor/etc/init/android.hardware.security.keymint-service.trusty_tee.rc...
[   15.787443][    T1] init: Parsing file /vendor/etc/init/boringssl_self_test.rc...
[   15.789821][    T1] init: Added '/vendor/etc/boringssl_self_test.zygote64.rc' to import list
[   15.793345][    T1] init: Parsing file /vendor/etc/boringssl_self_test.zygote64.rc...
[   15.828239][    T1] init: Parsing file /vendor/etc/init/face-default.rc...
[   15.832896][    T1] init: Parsing file /vendor/etc/init/fingerprint-default.rc...
[   15.836321][    T1] init: Parsing file /vendor/etc/init/init.cutf_cvm.rc...
[   15.847581][    T1] init: Parsing file /vendor/etc/init/init_graphics.vendor.rc...
[   15.849835][    T1] init: Parsing file /vendor/etc/init/seriallogging.rc...
[   15.853679][    T1] init: Parsing file /odm/etc/init...
[   15.854344][    T1] init: Unable to read config file '/odm/etc/init': open() failed: No such file or directory
[   15.856141][    T1] init: Parsing directory /product/etc/init...
[   15.857165][    T1] init: Parsing file /product/etc/init/init.rc...
[   15.890218][    T1] init: processing action (SetupCgroups) from (<Builtin Action>:0)
[   16.009063][    T1] libprocessgroup: Using system/app isolation under: /sys/fs/cgroup
[   16.107732][    T1] init: Command 'SetupCgroups' action=SetupCgroups (<Builtin Action>:0) took 216ms and succeeded
[   16.470320][    T1] init: processing action (TestPerfEventSelinux) from (<Builtin Action>:0)
[   16.487785][    T1] init: processing action (early-init) from (/system/etc/init/hw/init.rc:15)
[   16.660593][    T1] init: starting service 'ueventd'...
[   16.905099][    T1] libprocessgroup: A JoinCgroup action in the SystemMemoryProcess profile is used for controller memory in the cgroup v2 hierarchy and will be ignored
[   16.967635][    T1] init: ... started service 'ueventd' has pid 103
[   16.969153][    T1] init: Command 'start ueventd' action=early-init (/system/etc/init/hw/init.rc:73) took 315ms and succeeded
[   16.987126][    T1] init: starting service 'init_dev_config'...
[   17.205813][    T1] init: ... started service 'init_dev_config' has pid 104
[   17.211604][    T1] init: SVC_EXEC service 'init_dev_config' pid 104 (uid 1000 gid 0+0 context u:r:init_dev_config:s0) started; waiting...
[   17.216778][    T1] init: Command 'exec_start init_dev_config' action=early-init (/system/etc/init/hw/init.rc:79) took 234ms and succeeded
[   17.234412][   T39] audit: type=1400 audit(17.180:4): avc:  denied  { execute } for  pid=104 comm="init" name="init_dev_config" dev="dm-13" ino=8034031 scontext=u:r:init:s0 tcontext=u:object_r:vendor_file:s0 tclass=file permissive=0
[   17.235452][   T39] audit: type=1300 audit(17.180:4): arch=c00000f3 syscall=221 success=no exit=-13 a0=7fff0ce080d0 a1=7fff4ce0cc30 a2=7ffff0e5ccb0 a3=7fff7e3867dc items=0 ppid=1 pid=104 auid=4294967295 uid=1000 gid=0 euid=1000 suid=1000 fsuid=1000 egid=0 sgid=0 fsgid=0 tty=(none) ses=4294967295 comm="init" exe="/system/bin/init" subj=u:r:init:s0 key=(null)
[   17.237500][   T39] audit: type=1327 audit(17.180:4): proctitle=2F73797374656D2F62696E2F696E6974007365636F6E645F7374616765
[   17.250413][  T104] init: cannot execv('/vendor/bin/init_dev_config'). See the 'Debugging init' section of init's README.md for tips: Permission denied
[   17.308832][  T104] init (104) used greatest stack depth: 12016 bytes left
[   17.315833][    T1] init: Service 'init_dev_config' (pid 104) exited with status 127 waiting took 0.270000 seconds
[   17.317716][    T1] init: Sending SIGKILL to service 'init_dev_config' (pid 104) process group...
[   17.352632][    T1] libprocessgroup: Removed cgroup /sys/fs/cgroup/system/uid_1000/pid_104
[   17.384559][    T1] init: starting service 'apexd-bootstrap'...
[   17.396122][    C2] init (104): highest shadow stack usage: 280 bytes
[   17.508203][    T1] init: ... started service 'apexd-bootstrap' has pid 105
[   17.509822][    T1] init: SVC_EXEC service 'apexd-bootstrap' pid 105 (uid 0 gid 1000+0 context default) started; waiting...
[   17.512529][    T1] init: Command 'exec_start apexd-bootstrap' action=early-init (/system/etc/init/hw/init.rc:84) took 147ms and succeeded
[   17.565485][  T103] ueventd: ueventd started!
[   17.630097][  T103] selinux: SELinux: Loaded file context from:
[   17.630466][  T103] selinux: 		/system/etc/selinux/plat_file_contexts
[   17.630631][  T103] selinux: 		/system_ext/etc/selinux/system_ext_file_contexts
[   17.630787][  T103] selinux: 		/product/etc/selinux/product_file_contexts
[   17.631178][  T103] selinux: 		/vendor/etc/selinux/vendor_file_contexts
[   17.631338][  T103] selinux: 		/odm/etc/selinux/odm_file_contexts
[   17.650440][  T103] ueventd: Parsing file /system/etc/ueventd.rc...
[   17.652628][  T103] ueventd: Added '/vendor/etc/ueventd.rc' to import list
[   17.653706][  T103] ueventd: Added '/odm/etc/ueventd.rc' to import list
[   17.664678][  T103] ueventd: Parsing file /vendor/etc/ueventd.rc...
[   17.666151][  T103] ueventd: Parsing file /odm/etc/ueventd.rc...
[   17.666819][  T103] ueventd: Unable to read config file '/odm/etc/ueventd.rc': open() failed: No such file or directory
[   18.905095][  T105] apexd: Started. subcommand = --bootstrap
[   18.940567][  T105] apexd-bootstrap: Scanning /system/apex for pre-installed ApexFiles
[   18.953323][  T105] apexd-bootstrap: Found pre-installed APEX /system/apex/com.android.adbd.capex
[   18.953857][  T105] apexd-bootstrap: Found pre-installed APEX /system/apex/com.android.adservices.capex
[   18.954173][  T105] apexd-bootstrap: Found pre-installed APEX /system/apex/com.android.apex.cts.shim.apex
[   18.954461][  T105] apexd-bootstrap: Found pre-installed APEX /system/apex/com.android.appsearch.capex
[   18.954755][  T105] apexd-bootstrap: Found pre-installed APEX /system/apex/com.android.art.capex
[   18.955422][  T105] apexd-bootstrap: Found pre-installed APEX /system/apex/com.android.bt.capex
[   18.955705][  T105] apexd-bootstrap: Found pre-installed APEX /system/apex/com.android.cellbroadcast.capex
[   18.955963][  T105] apexd-bootstrap: Found pre-installed APEX /system/apex/com.android.configinfrastructure.capex
[   18.956234][  T105] apexd-bootstrap: Found pre-installed APEX /system/apex/com.android.conscrypt.capex
[   18.956485][  T105] apexd-bootstrap: Found pre-installed APEX /system/apex/com.android.crashrecovery.capex
[   18.956735][  T105] apexd-bootstrap: Found pre-installed APEX /system/apex/com.android.devicelock.apex
[   18.956982][  T105] apexd-bootstrap: Found pre-installed APEX /system/apex/com.android.extservices.capex
[   18.957226][  T105] apexd-bootstrap: Found pre-installed APEX /system/apex/com.android.healthfitness.apex
[   18.957513][  T105] apexd-bootstrap: Found pre-installed APEX /system/apex/com.android.i18n.apex
[   18.957761][  T105] apexd-bootstrap: Found pre-installed APEX /system/apex/com.android.ipsec.capex
[   18.957995][  T105] apexd-bootstrap: Found pre-installed APEX /system/apex/com.android.media.capex
[   18.958231][  T105] apexd-bootstrap: Found pre-installed APEX /system/apex/com.android.media.swcodec.capex
[   18.958459][  T105] apexd-bootstrap: Found pre-installed APEX /system/apex/com.android.mediaprovider.capex
[   18.958744][  T105] apexd-bootstrap: Found pre-installed APEX /system/apex/com.android.neuralnetworks.capex
[   18.960094][  T105] apexd-bootstrap: Found pre-installed APEX /system/apex/com.android.nfcservices.capex
[   18.960471][  T105] apexd-bootstrap: Found pre-installed APEX /system/apex/com.android.ondevicepersonalization.capex
[   18.960877][  T105] apexd-bootstrap: Found pre-installed APEX /system/apex/com.android.os.statsd.apex
[   18.961215][  T105] apexd-bootstrap: Found pre-installed APEX /system/apex/com.android.permission.capex
[   18.961540][  T105] apexd-bootstrap: Found pre-installed APEX /system/apex/com.android.profiling.capex
[   18.961884][  T105] apexd-bootstrap: Found pre-installed APEX /system/apex/com.android.resolv.capex
[   18.962247][  T105] apexd-bootstrap: Found pre-installed APEX /system/apex/com.android.rkpd.apex
[   18.962634][  T105] apexd-bootstrap: Found pre-installed APEX /system/apex/com.android.runtime.apex
[   18.963468][  T105] apexd-bootstrap: Found pre-installed APEX /system/apex/com.android.scheduling.capex
[   18.964011][  T105] apexd-bootstrap: Found pre-installed APEX /system/apex/com.android.sdkext.apex
[   18.964549][  T105] apexd-bootstrap: Found pre-installed APEX /system/apex/com.android.telephonycore.capex
[   18.965255][  T105] apexd-bootstrap: Found pre-installed APEX /system/apex/com.android.tethering.capex
[   18.965936][  T105] apexd-bootstrap: Found pre-installed APEX /system/apex/com.android.tzdata.apex
[   18.970871][  T105] apexd-bootstrap: Found pre-installed APEX /system/apex/com.android.uprobestats.capex
[   18.978158][  T105] apexd-bootstrap: Found pre-installed APEX /system/apex/com.android.uwb.capex
[   18.979631][  T105] apexd-bootstrap: Found pre-installed APEX /system/apex/com.android.virt.apex
[   18.980306][  T105] apexd-bootstrap: Found pre-installed APEX /system/apex/com.android.wifi.capex
[   18.981236][  T105] apexd-bootstrap: Scanning /system_ext/apex for pre-installed ApexFiles
[   18.985903][  T105] apexd-bootstrap: Found pre-installed APEX /system_ext/apex/com.android.hardware.biometrics.face.virtual.apex
[   18.986640][  T105] apexd-bootstrap: Found pre-installed APEX /system_ext/apex/com.android.hardware.biometrics.fingerprint.virtual.apex
[   18.987650][  T105] apexd-bootstrap: Scanning /product/apex for pre-installed ApexFiles
[   18.988973][  T105] apexd-bootstrap: /product/apex does not exist. Skipping
[   18.992813][  T105] apexd-bootstrap: Scanning /vendor/apex for pre-installed ApexFiles
[   18.999981][  T105] apexd-bootstrap: Found pre-installed APEX /vendor/apex/com.android.hardware.audio.apex
[   19.000862][  T105] apexd-bootstrap: Found pre-installed APEX /vendor/apex/com.android.hardware.authsecret.apex
[   19.001587][  T105] apexd-bootstrap: Found pre-installed APEX /vendor/apex/com.android.hardware.boot.apex
[   19.003530][  T105] apexd-bootstrap: Found pre-installed APEX /vendor/apex/com.android.hardware.cas.apex
[   19.004901][  T105] apexd-bootstrap: Found pre-installed APEX /vendor/apex/com.android.hardware.contexthub.apex
[   19.006154][  T105] apexd-bootstrap: Found pre-installed APEX /vendor/apex/com.android.hardware.drm.clearkey.apex
[   19.007721][  T105] apexd-bootstrap: Found pre-installed APEX /vendor/apex/com.android.hardware.dumpstate.apex
[   19.008848][  T105] apexd-bootstrap: Found pre-installed APEX /vendor/apex/com.android.hardware.gatekeeper.cf_remote.apex
[   19.009907][  T105] apexd-bootstrap: Found pre-installed APEX /vendor/apex/com.android.hardware.gatekeeper.nonsecure.apex
[   19.013079][  T105] apexd-bootstrap: Found pre-installed APEX /vendor/apex/com.android.hardware.gnss.apex
[   19.014285][  T105] apexd-bootstrap: Found pre-installed APEX /vendor/apex/com.android.hardware.graphics.composer.drm_hwcomposer.apex
[   19.016189][  T105] apexd-bootstrap: Found pre-installed APEX /vendor/apex/com.android.hardware.graphics.composer.ranchu.apex
[   19.016625][  T105] apexd-bootstrap: Found pre-installed APEX /vendor/apex/com.android.hardware.input.processor.apex
[   19.016956][  T105] apexd-bootstrap: Found pre-installed APEX /vendor/apex/com.android.hardware.keymint.rust_cf_guest_trusty_nonsecure.apex
[   19.017268][  T105] apexd-bootstrap: Found pre-installed APEX /vendor/apex/com.android.hardware.keymint.rust_cf_remote.apex
[   19.017542][  T105] apexd-bootstrap: Found pre-installed APEX /vendor/apex/com.android.hardware.keymint.rust_nonsecure.apex
[   19.017930][  T105] apexd-bootstrap: Found pre-installed APEX /vendor/apex/com.android.hardware.memtrack.apex
[   19.018187][  T105] apexd-bootstrap: Found pre-installed APEX /vendor/apex/com.android.hardware.net.nlinterceptor.apex
[   19.018440][  T105] apexd-bootstrap: Found pre-installed APEX /vendor/apex/com.android.hardware.neuralnetworks.apex
[   19.018699][  T105] apexd-bootstrap: Found pre-installed APEX /vendor/apex/com.android.hardware.power.apex
[   19.019285][  T105] apexd-bootstrap: Found pre-installed APEX /vendor/apex/com.android.hardware.rebootescrow.apex
[   19.019966][  T105] apexd-bootstrap: Found pre-installed APEX /vendor/apex/com.android.hardware.secure_element.apex
[   19.021130][  T105] apexd-bootstrap: Found pre-installed APEX /vendor/apex/com.android.hardware.security.authgraph.apex
[   19.022250][  T105] apexd-bootstrap: Found pre-installed APEX /vendor/apex/com.android.hardware.security.secretkeeper.apex
[   19.022500][  T105] apexd-bootstrap: Found pre-installed APEX /vendor/apex/com.android.hardware.sensors.apex
[   19.022763][  T105] apexd-bootstrap: Found pre-installed APEX /vendor/apex/com.android.hardware.tetheroffload.apex
[   19.023418][  T105] apexd-bootstrap: Found pre-installed APEX /vendor/apex/com.android.hardware.thermal.apex
[   19.025705][  T105] apexd-bootstrap: Found pre-installed APEX /vendor/apex/com.android.hardware.threadnetwork.apex
[   19.026106][  T105] apexd-bootstrap: Found pre-installed APEX /vendor/apex/com.android.hardware.usb.apex
[   19.026357][  T105] apexd-bootstrap: Found pre-installed APEX /vendor/apex/com.android.hardware.uwb.apex
[   19.026592][  T105] apexd-bootstrap: Found pre-installed APEX /vendor/apex/com.android.hardware.vibrator.apex
[   19.027257][  T105] apexd-bootstrap: Found pre-installed APEX /vendor/apex/com.android.hardware.wifi.apex
[   19.027544][  T105] apexd-bootstrap: Found pre-installed APEX /vendor/apex/com.google.cf.bt.apex
[   19.027821][  T105] apexd-bootstrap: Found pre-installed APEX /vendor/apex/com.google.cf.confirmationui.apex
[   19.028113][  T105] apexd-bootstrap: Found pre-installed APEX /vendor/apex/com.google.cf.disabled.apex
[   19.028371][  T105] apexd-bootstrap: Found pre-installed APEX /vendor/apex/com.google.cf.gralloc.apex
[   19.028649][  T105] apexd-bootstrap: Found pre-installed APEX /vendor/apex/com.google.cf.health.apex
[   19.028903][  T105] apexd-bootstrap: Found pre-installed APEX /vendor/apex/com.google.cf.health.storage.apex
[   19.029153][  T105] apexd-bootstrap: Found pre-installed APEX /vendor/apex/com.google.cf.identity.apex
[   19.029383][  T105] apexd-bootstrap: Found pre-installed APEX /vendor/apex/com.google.cf.input.config.apex
[   19.029612][  T105] apexd-bootstrap: Found pre-installed APEX /vendor/apex/com.google.cf.ir.apex
[   19.029852][  T105] apexd-bootstrap: Found pre-installed APEX /vendor/apex/com.google.cf.light.apex
[   19.030120][  T105] apexd-bootstrap: Found pre-installed APEX /vendor/apex/com.google.cf.nfc.apex
[   19.030369][  T105] apexd-bootstrap: Found pre-installed APEX /vendor/apex/com.google.cf.oemlock.apex
[   19.030645][  T105] apexd-bootstrap: Found pre-installed APEX /vendor/apex/com.google.cf.rild.apex
[   19.031318][  T105] apexd-bootstrap: Found pre-installed APEX /vendor/apex/com.google.cf.vulkan.apex
[   19.031645][  T105] apexd-bootstrap: Found pre-installed APEX /vendor/apex/com.google.cf.wifi.apex
[   19.031926][  T105] apexd-bootstrap: Found pre-installed APEX /vendor/apex/com.google.cf.wpa_supplicant.apex
[   19.032240][  T105] apexd-bootstrap: Found pre-installed APEX /vendor/apex/com.google.emulated.camera.provider.hal.apex
[   19.032513][  T105] apexd-bootstrap: Found pre-installed APEX /vendor/apex/com.google.emulated.camera.provider.hal.fastscenecycle.apex
[   19.032843][  T105] apexd-bootstrap: Scanning /odm/apex for pre-installed ApexFiles
[   19.033566][  T105] apexd-bootstrap: /odm/apex does not exist. Skipping
[   20.793093][  T131] ueventd (131) used greatest stack depth: 12000 bytes left
[   21.136078][  T112] apexd (112) used greatest stack depth: 11200 bytes left
[   21.176205][    C3] apexd (112): highest shadow stack usage: 320 bytes
[   21.184961][  T123] apexd (123) used greatest stack depth: 11008 bytes left
[   21.316330][    C3] apexd (111): highest shadow stack usage: 360 bytes
[   21.335510][    C3] apexd (120): highest shadow stack usage: 376 bytes
[   21.394439][  T107] apexd (107) used greatest stack depth: 10912 bytes left
[   21.841494][  T105] apexd-bootstrap: Skipping APEX at path /vendor/apex/com.android.hardware.gatekeeper.nonsecure.apex because it does not match expected multi-install APEX property for com.android.hardware.gatekeeper
[   21.844164][  T105] apexd-bootstrap: Skipping APEX at path /vendor/apex/com.android.hardware.graphics.composer.drm_hwcomposer.apex because it does not match expected multi-install APEX property for com.android.hardware.graphics.composer
[   21.846543][  T105] apexd-bootstrap: Skipping APEX at path /vendor/apex/com.android.hardware.keymint.rust_cf_guest_trusty_nonsecure.apex because it does not match expected multi-install APEX property for com.android.hardware.keymint
[   21.848828][  T105] apexd-bootstrap: Skipping APEX at path /vendor/apex/com.android.hardware.keymint.rust_nonsecure.apex because it does not match expected multi-install APEX property for com.android.hardware.keymint
[   21.857621][  T105] apexd-bootstrap: Skipping APEX at path /vendor/apex/com.google.emulated.camera.provider.hal.fastscenecycle.apex because it does not match expected multi-install APEX property for com.google.emulated.camera.provider.hal
[   21.876071][  T105] apexd-bootstrap: Found bootstrap APEX /vendor/apex/com.google.cf.vulkan.apex
[   21.878358][  T105] apexd-bootstrap: Found bootstrap APEX /vendor/apex/com.google.cf.gralloc.apex
[   21.880946][  T105] apexd-bootstrap: Found bootstrap APEX /vendor/apex/com.android.hardware.keymint.rust_cf_remote.apex
[   21.881784][  T105] apexd-bootstrap: Found bootstrap APEX /system/apex/com.android.virt.apex
[   21.882599][  T105] apexd-bootstrap: Found bootstrap APEX /vendor/apex/com.android.hardware.boot.apex
[   21.883511][  T105] apexd-bootstrap: Found bootstrap APEX /system/apex/com.android.runtime.apex
[   21.883926][  T105] apexd-bootstrap: Found bootstrap APEX /system/apex/com.android.i18n.apex
[   21.884232][  T105] apexd-bootstrap: Found bootstrap APEX /system/apex/com.android.tzdata.apex
[   21.884555][  T105] apexd-bootstrap: Found bootstrap APEX /vendor/apex/com.android.hardware.graphics.composer.ranchu.apex
[   21.885024][  T105] apexd-bootstrap: Need to pre-allocate 92 loop devices
[   22.910464][  T105] apexd-bootstrap: Found 16 idle loopback devices that were pre-allocated by kernel. Allocated 76 more.
[   23.454474][  T103] ueventd: Coldboot took 5.756 seconds
[   25.744583][  T283] loop1: detected capacity change from 0 to 5568
[   25.745435][  T286] loop4: detected capacity change from 0 to 1032
[   25.745467][  T285] loop3: detected capacity change from 0 to 2208
[   25.753332][  T284] loop2: detected capacity change from 0 to 6640
[   25.768654][  T282] loop0: detected capacity change from 0 to 56216
[   25.772502][  T288] loop5: detected capacity change from 0 to 10192
[   25.782709][  T289] loop7: detected capacity change from 0 to 1672
[   25.800594][  T287] loop6: detected capacity change from 0 to 72224
[   25.851616][  T291] loop8: detected capacity change from 0 to 13288
[   25.955664][  T287] EXT4-fs (loop6): mounted filesystem 7d1522e1-9dfa-5edb-a43e-98e3a4d20250 ro without journal. Quota mode: none.
[   25.956154][  T283] EXT4-fs (loop1): mounted filesystem 7d1522e1-9dfa-5edb-a43e-98e3a4d20250 ro without journal. Quota mode: none.
[   25.960309][  T284] EXT4-fs (loop2): mounted filesystem 7d1522e1-9dfa-5edb-a43e-98e3a4d20250 ro without journal. Quota mode: none.
[   25.962191][  T289] EXT4-fs (loop7): mounted filesystem 7d1522e1-9dfa-5edb-a43e-98e3a4d20250 ro without journal. Quota mode: none.
[   25.965163][  T282] EXT4-fs (loop0): mounted filesystem 7d1522e1-9dfa-5edb-a43e-98e3a4d20250 ro without journal. Quota mode: none.
[   25.973471][  T286] EXT4-fs (loop4): mounted filesystem 7d1522e1-9dfa-5edb-a43e-98e3a4d20250 ro without journal. Quota mode: none.
[   25.981054][  T285] EXT4-fs (loop3): mounted filesystem 7d1522e1-9dfa-5edb-a43e-98e3a4d20250 ro without journal. Quota mode: none.
[   25.985323][  T288] EXT4-fs (loop5): mounted filesystem 7d1522e1-9dfa-5edb-a43e-98e3a4d20250 ro without journal. Quota mode: none.
[   26.005716][  T291] EXT4-fs (loop8): mounted filesystem 7d1522e1-9dfa-5edb-a43e-98e3a4d20250 ro without journal. Quota mode: none.
[   26.116662][  T105] apexd-bootstrap: Activated 9 packages.
[   26.121797][  T105] apexd-bootstrap: OnBootstrap done, duration=7186
[   26.215988][  T105] apexd (105) used greatest stack depth: 10328 bytes left
[   27.189783][    T1] init: Service 'apexd-bootstrap' (pid 105) exited with status 0 waiting took 9.765000 seconds
[   27.190437][    T1] init: Sending SIGKILL to service 'apexd-bootstrap' (pid 105) process group...
[   27.197954][    T1] libprocessgroup: Removed cgroup /sys/fs/cgroup/system/uid_0/pid_105
[   28.438917][    T1] init: Parsing file /apex/com.android.hardware.boot/etc/android.hardware.boot-service.default.rc...
[   28.446661][    T1] init: Parsing file /apex/com.android.hardware.graphics.composer/etc/hwc3-apex.rc...
[   28.453357][    T1] init: Parsing file /apex/com.android.hardware.keymint/etc/android.hardware.security.keymint-service.rust.rc...
[   28.456505][    T1] init: Parsing file /apex/com.google.cf.gralloc/etc/com.google.cf.gralloc.rc...
[   28.459846][    T1] init: Parsing file /apex/com.google.cf.vulkan/etc/com.google.cf.vulkan.rc...
[   29.517276][    T1] init: linkerconfig generated /linkerconfig with mounted APEX modules info
[   29.526579][    T1] init: Command 'perform_apex_config' action=early-init (/system/etc/init/hw/init.rc:85) took 1193ms and succeeded
[   29.583558][    T1] init: processing action (early-init) from (/init.environ.rc:2)
[   29.588381][    T1] init: processing action (early-init) from (/system/etc/init/aconfigd.rc:26)
[   29.594618][    T1] init: Command 'mkdir /metadata/aconfig 0775 root system' action=early-init (/system/etc/init/aconfigd.rc:27) took 5ms and failed: mkdir() failed on /metadata/aconfig: Read-only file system
[   29.628835][    T1] init: starting service 'early_system_aconfigd_platform_init'...
[   29.806311][    T1] init: ... started service 'early_system_aconfigd_platform_init' has pid 302
[   29.808112][    T1] init: SVC_EXEC service 'early_system_aconfigd_platform_init' pid 302 (uid 1000 gid 1000+0 context default) started; waiting...
[   29.809555][    T1] init: Command 'exec_start early_system_aconfigd_platform_init' action=early-init (/system/etc/init/aconfigd.rc:31) took 199ms and succeeded
[   31.456873][  T302] main[302]: Starting aconfigd_system command: EarlyPlatformInit
[   31.521622][    T1] init: Service 'early_system_aconfigd_platform_init' (pid 302) exited with status 0 waiting took 1.834000 seconds
[   31.522140][    T1] init: Sending SIGKILL to service 'early_system_aconfigd_platform_init' (pid 302) process group...
[   31.529182][    T1] libprocessgroup: Removed cgroup /sys/fs/cgroup/system/uid_1000/pid_302
[   31.548103][    T1] init: processing action (ro.product.debugfs_restrictions.enabled=true && early-init) from (/system/etc/init/init-debug.rc:10)
[   31.600343][    T1] init: processing action (early-init) from (/system/etc/init/prng_seeder.rc:5)
[   31.610640][    T1] init: starting service 'prng_seeder'...
[   31.620085][    T1] init: Created socket '/dev/socket/prng_seeder', mode 666, user 1092, group 1092
[   31.913521][    T1] init: ... started service 'prng_seeder' has pid 303
[   31.916654][    T1] init: Command 'start prng_seeder' action=early-init (/system/etc/init/prng_seeder.rc:6) took 313ms and succeeded
[   31.919919][    T1] init: processing action (ro.product.cpu.abilist64=* && early-init) from (/vendor/etc/boringssl_self_test.zygote64.rc:1)
[   31.939702][    T1] init: starting service 'boringssl_self_test64_vendor'...
[   32.106598][    T1] init: ... started service 'boringssl_self_test64_vendor' has pid 304
[   32.109839][    T1] init: SVC_EXEC service 'boringssl_self_test64_vendor' pid 304 (uid 0 gid 0+0 context default) started; waiting...
[   32.113220][    T1] init: Command 'exec_start boringssl_self_test64_vendor' action=ro.product.cpu.abilist64=* && early-init (/vendor/etc/boringssl_self_test.zygote64.rc:2) took 190ms and succeeded
[   32.781854][    T1] init: Service 'boringssl_self_test64_vendor' (pid 304) exited with status 0 waiting took 0.791000 seconds
[   32.782907][    T1] init: Sending SIGKILL to service 'boringssl_self_test64_vendor' (pid 304) process group...
[   32.797236][    T1] libprocessgroup: Removed cgroup /sys/fs/cgroup/system/uid_0/pid_304
[   32.813442][    T1] init: processing action (early-init) from (/vendor/etc/init/init.cutf_cvm.rc:1)
[   32.869434][    T1] init: starting service 'vendor.dlkm_loader'...
[   33.054527][    T1] init: ... started service 'vendor.dlkm_loader' has pid 305
[   33.064792][    T1] init: Command 'start vendor.dlkm_loader' action=early-init (/vendor/etc/init/init.cutf_cvm.rc:9) took 198ms and succeeded
[   33.079818][    T1] init: starting service 'exec 1 (/system/bin/modprobe -a -d /system/lib/modules zram.ko)'...
[   33.225104][    T1] init: ... started service 'exec 1 (/system/bin/modprobe -a -d /system/lib/modules zram.ko)' has pid 306
[   33.226231][    T1] init: SVC_EXEC service 'exec 1 (/system/bin/modprobe -a -d /system/lib/modules zram.ko)' pid 306 (uid 0 gid 0+0 context u:r:modprobe:s0) started; waiting...
[   33.229233][    T1] init: Command 'exec u:r:modprobe:s0 -- /system/bin/modprobe -a -d /system/lib/modules zram.ko' action=early-init (/vendor/etc/init/init.cutf_cvm.rc:11) took 159ms and succeeded
[   33.366408][  T305] dlkm_loader: dlkm loader successfully initialized
[   33.515471][  T305] dlkm_loader: Loading module /system/lib/modules/rfkill.ko with args ''
[   33.525992][  T305] dlkm_loader: Loading module /system/lib/modules/bluetooth.ko with args ''
[   33.671863][  T306] zram: Added device: zram0
[   33.719596][    T1] init: Service 'exec 1 (/system/bin/modprobe -a -d /system/lib/modules zram.ko)' (pid 306) exited with status 0 waiting took 0.564000 seconds
[   33.720433][    T1] init: Sending SIGKILL to service 'exec 1 (/system/bin/modprobe -a -d /system/lib/modules zram.ko)' (pid 306) process group...
[   33.730092][    T1] libprocessgroup: Removed cgroup /sys/fs/cgroup/system/uid_0/pid_306
[   33.740083][  T102] init: wait for '/dev/dri/card0' took 2ms
[   33.753798][    T1] init: starting service 'exec 2 (/vendor/bin/modprobe -d /vendor/lib/modules vkms.ko create_default_dev=0)'...
[   33.877674][  T305] Bluetooth: Core ver 2.22
[   33.879206][  T305] NET: Registered PF_BLUETOOTH protocol family
[   33.879417][  T305] Bluetooth: HCI device and connection manager initialized
[   33.880211][  T305] Bluetooth: HCI socket layer initialized
[   33.880438][  T305] Bluetooth: L2CAP socket layer initialized
[   33.881091][  T305] Bluetooth: SCO socket layer initialized
[   33.886481][  T305] dlkm_loader: Loaded kernel module /system/lib/modules/bluetooth.ko
[   33.889228][  T305] dlkm_loader: Loading module /vendor/lib/modules/btintel.ko with args ''
[   33.916193][    T1] init: ... started service 'exec 2 (/vendor/bin/modprobe -d /vendor/lib/modules vkms.ko create_default_dev=0)' has pid 307
[   33.917409][    T1] init: SVC_EXEC service 'exec 2 (/vendor/bin/modprobe -d /vendor/lib/modules vkms.ko create_default_dev=0)' pid 307 (uid 0 gid 0+0 context u:r:vendor_modprobe:s0) started; waiting...
[   33.918880][    T1] init: Command 'exec u:r:vendor_modprobe:s0 -- /vendor/bin/modprobe -d /vendor/lib/modules vkms.ko create_default_dev=0' action=early-init (/vendor/etc/init/init.cutf_cvm.rc:14) took 175ms and succeeded
[   33.930700][  T305] dlkm_loader: Loaded kernel module /vendor/lib/modules/btintel.ko
[   33.962033][  T305] dlkm_loader: Loading module /vendor/lib/modules/btrtl.ko with args ''
[   34.002404][  T305] dlkm_loader: Loaded kernel module /vendor/lib/modules/btrtl.ko
[   34.014689][  T305] dlkm_loader: Loading module /system/lib/modules/btbcm.ko with args ''
[   34.035628][  T305] dlkm_loader: Loaded kernel module /system/lib/modules/btbcm.ko
[   34.036592][  T305] dlkm_loader: Loading module /vendor/lib/modules/btusb.ko with args ''
[   34.064127][  T305] usbcore: registered new interface driver btusb
[   34.066502][  T305] dlkm_loader: Loaded kernel module /vendor/lib/modules/btusb.ko
[   34.069646][  T305] dlkm_loader: Loading module /vendor/lib/modules/dummy-cpufreq.ko with args ''
[   34.106085][  T305] dlkm_loader: Loaded kernel module /vendor/lib/modules/dummy-cpufreq.ko
[   34.108981][  T305] dlkm_loader: Loading module /vendor/lib/modules/dummy_hcd.ko with args ''
[   34.149664][  T305] dummy_hcd dummy_hcd.0: USB Host+Gadget Emulator, driver 02 May 2005
[   34.150574][  T305] dummy_hcd dummy_hcd.0: Dummy host controller
[   34.150881][  T305] dummy_hcd dummy_hcd.0: new USB bus registered, assigned bus number 3
[   34.157000][  T305] usb usb3: New USB device found, idVendor=1d6b, idProduct=0002, bcdDevice= 6.08
[   34.157359][  T305] usb usb3: New USB device strings: Mfr=3, Product=2, SerialNumber=1
[   34.157526][  T305] usb usb3: Product: Dummy host controller
[   34.157706][  T305] usb usb3: Manufacturer: Linux 6.8.0-mainline-ga5ed8b92e9f6-ab11698348 dummy_hcd
[   34.157892][  T305] usb usb3: SerialNumber: dummy_hcd.0
[   34.165237][  T305] hub 3-0:1.0: USB hub found
[   34.166795][  T305] hub 3-0:1.0: 1 port detected
[   34.215421][  T305] dlkm_loader: Loaded kernel module /vendor/lib/modules/dummy_hcd.ko
[   34.218051][  T305] dlkm_loader: Loading module /vendor/lib/modules/goldfish_address_space.ko with args ''
[   34.224853][  T305] goldfish_address_space: loading out-of-tree module taints kernel.
[   34.243435][  T305] dlkm_loader: Loaded kernel module /vendor/lib/modules/goldfish_address_space.ko
[   34.246122][  T305] dlkm_loader: Loading module /vendor/lib/modules/goldfish_battery.ko with args ''
[   34.260035][  T305] dlkm_loader: Loaded kernel module /vendor/lib/modules/goldfish_battery.ko
[   34.262336][  T305] dlkm_loader: Loading module /vendor/lib/modules/goldfish_pipe.ko with args ''
[   34.285179][  T305] dlkm_loader: Loaded kernel module /vendor/lib/modules/goldfish_pipe.ko
[   34.287393][  T305] dlkm_loader: Loading module /vendor/lib/modules/goldfish_sync.ko with args ''
[   34.302172][  T305] dlkm_loader: Loaded kernel module /vendor/lib/modules/goldfish_sync.ko
[   34.309480][  T305] dlkm_loader: Loading module /system/lib/modules/can-dev.ko with args ''
[   34.336515][  T305] CAN device driver interface
[   34.338411][  T305] dlkm_loader: Loaded kernel module /system/lib/modules/can-dev.ko
[   34.339375][  T305] dlkm_loader: Loading module /vendor/lib/modules/gs_usb.ko with args ''
[   34.349484][  T305] usbcore: registered new interface driver gs_usb
[   34.351507][  T305] dlkm_loader: Loaded kernel module /vendor/lib/modules/gs_usb.ko
[   34.352982][  T305] dlkm_loader: Loading module /vendor/lib/modules/hci_vhci.ko with args ''
[   34.376771][  T305] dlkm_loader: Loaded kernel module /vendor/lib/modules/hci_vhci.ko
[   34.384439][  T305] dlkm_loader: Loading module /system/lib/modules/cfg80211.ko with args ''
[   34.525916][  T307] vkms: unknown parameter 'create_default_dev' ignored
[   34.550220][  T307] [drm] Initialized vkms 1.0.0 20180514 for vkms on minor 1
[   34.604389][    T1] init: Service 'exec 2 (/vendor/bin/modprobe -d /vendor/lib/modules vkms.ko create_default_dev=0)' (pid 307) exited with status 0 waiting took 0.794000 seconds
[   34.605130][    T1] init: Sending SIGKILL to service 'exec 2 (/vendor/bin/modprobe -d /vendor/lib/modules vkms.ko create_default_dev=0)' (pid 307) process group...
[   34.640455][    T1] libprocessgroup: Removed cgroup /sys/fs/cgroup/system/uid_0/pid_307
[   34.653730][  T305] dlkm_loader: Loading module /system/lib/modules/libarc4.ko with args ''
[   34.661621][  T305] dlkm_loader: Loading module /system/lib/modules/mac80211.ko with args ''
[   34.661830][    T1] init: processing action (early-init) from (/vendor/etc/init/init.cutf_cvm.rc:131)
[   34.673926][    T1] init: processing action (early-init) from (/vendor/etc/init/init.cutf_cvm.rc:134)
[   34.678701][    T1] init: Command 'setprop ro.vendor.cuttlefish_service_bluetooth_checker ${ro.boot.cuttlefish_service_bluetooth_checker}' action=early-init (/vendor/etc/init/init.cutf_cvm.rc:135) took 3ms and failed: property 'ro.boot.cuttlefish_service_bluetooth_checker' doesn't exist while expanding '${ro.boot.cuttlefish_service_bluetooth_checker}'
[   34.681070][    T1] init: processing action (early-init) from (/vendor/etc/init/init_graphics.vendor.rc:1)
