
OpenSBI v1.5
   ____                    _____ ____ _____
  / __ \                  / ____|  _ \_   _|
 | |  | |_ __   ___ _ __ | (___ | |_) || |
 | |  | | '_ \ / _ \ '_ \ \___ \|  _ < | |
 | |__| | |_) |  __/ | | |____) | |_) || |_
  \____/| .__/ \___|_| |_|_____/|____/_____|
        | |
        |_|

Platform Name             : riscv-virtio,qemu
Platform Features         : medeleg
Platform HART Count       : 6
Platform IPI Device       : aclint-mswi
Platform Timer Device     : aclint-mtimer @ 10000000Hz
Platform Console Device   : uart8250
Platform HSM Device       : ---
Platform PMU Device       : ---
Platform Reboot Device    : syscon-reboot
Platform Shutdown Device  : syscon-poweroff
Platform Suspend Device   : ---
Platform CPPC Device      : ---
Firmware Base             : 0x80000000
Firmware Size             : 378 KB
Firmware RW Offset        : 0x40000
Firmware RW Size          : 122 KB
Firmware Heap Offset      : 0x53000
Firmware Heap Size        : 46 KB (total), 2 KB (reserved), 11 KB (used), 32 KB (free)
Firmware Scratch Size     : 4096 B (total), 416 B (used), 3680 B (free)
Runtime SBI Version       : 2.0

Domain0 Name              : root
Domain0 Boot HART         : 0
Domain0 HARTs             : 0*,1*,2*,3*,4*,5*
Domain0 Region00          : 0x0000000000100000-0x0000000000100fff M: (I,R,W) S/U: (R,W)
Domain0 Region01          : 0x0000000010000000-0x0000000010000fff M: (I,R,W) S/U: (R,W)
Domain0 Region02          : 0x0000000002000000-0x000000000200ffff M: (I,R,W) S/U: ()
Domain0 Region03          : 0x0000000080040000-0x000000008005ffff M: (R,W) S/U: ()
Domain0 Region04          : 0x0000000080000000-0x000000008003ffff M: (R,X) S/U: ()
Domain0 Region05          : 0x000000000c400000-0x000000000c5fffff M: (I,R,W) S/U: (R,W)
Domain0 Region06          : 0x000000000c000000-0x000000000c3fffff M: (I,R,W) S/U: (R,W)
Domain0 Region07          : 0x0000000000000000-0xffffffffffffffff M: () S/U: (R,W,X)
Domain0 Next Address      : 0x0000000080200000
Domain0 Next Arg1         : 0x00000000bfe00000
Domain0 Next Mode         : S-mode
Domain0 SysReset          : yes
Domain0 SysSuspend        : yes

Boot HART ID              : 0
Boot HART Domain          : root
Boot HART Priv Version    : v1.12
Boot HART Base ISA        : rv64imafdcvh
Boot HART ISA Extensions  : sstc,zicntr,zihpm,zicboz,zicbom,sdtrig,svadu
Boot HART PMP Count       : 16
Boot HART PMP Granularity : 2 bits
Boot HART PMP Address Bits: 54
Boot HART MHPM Info       : 16 (0x0007fff8)
Boot HART Debug Triggers  : 2 triggers
Boot HART MIDELEG         : 0x0000000000001666
Boot HART MEDELEG         : 0x0000000000f0b509
prop: returning err=-2


U-Boot 2024.04-g7b79f5b57394-ab13935533 (Jun 25 2025 - 23:08:36 +0000)

Model: riscv-virtio,qemu
DRAM:  8 GiB
prop: returning err=-2
prop: returning err=-2
prop: returning err=-2
prop: returning err=-2
prop: returning err=-2
prop: returning err=-2
prop: returning err=-2
Core:  25 devices, 10 uclasses, devicetree: board
Driver                    uid uclass               Devices
----------------------------------------------------------
blk_partition             083 partition            virtio-blk#10:1          
                                                   virtio-blk#10:2          
                                                   virtio-blk#10:3          
                                                   virtio-blk#10:4          
                                                   virtio-blk#10:5          
                                                   virtio-blk#10:6          
                                                   virtio-blk#10:7          
                                                   virtio-blk#10:8          
                                                   virtio-blk#10:9          
                                                   virtio-blk#10:10         
                                                   virtio-blk#10:11         
                                                   virtio-blk#10:12         
                                                   virtio-blk#10:13         
                                                   virtio-blk#10:14         
                                                   virtio-blk#10:15         
                                                   virtio-blk#10:16         
                                                   virtio-blk#10:17         
                                                   virtio-blk#10:18         
                                                   virtio-blk#11:1          
                                                   virtio-blk#11:2          
                                                   virtio-blk#11:3          
                                                   virtio-blk#11:4          
bochs_video               129 video                <none>
fixed_factor_clock        030 clk                  <none>
fixed_rate_raw_clock      030 clk                  <none>
cpu_bus                   109 simple_bus           cpus                     
efi_blk                   022 blk                  <none>
EFI block driver          038 efi                  <none>
fixed_clock               030 clk                  <none>
syscon                    117 syscon               test@100000              
ns16550_serial            108 serial               serial@10000000          
pci_bridge_drv            085 pci                  <none>
pci_generic_drv           087 pci_generic          pci_0:0.0                
                                                   pci_0:c.0                
                                                   pci_0:d.0                
pci_generic_ecam          085 pci                  pci@30000000             
riscv_cpu                 031 cpu                  cpu@0                    
                                                   cpu@1                    
                                                   cpu@2                    
                                                   cpu@3                    
                                                   cpu@4                    
                                                   cpu@5                    
riscv_timer               122 timer                riscv_timer              
root_driver               000 root                 root_driver              
rtc_goldfish              104 rtc                  rtc@101000               
sbi-sysreset              119 sysreset             sbi-sysreset             
serial_htif               108 serial               <none>
serial_sifive             108 serial               <none>
simple_bus                109 simple_bus           platform-bus@4000000     
                                                   soc                      
syscon_reboot             119 sysreset             poweroff                 
                                                   reboot                   
vidconsole0               131 vidconsole0          <none>
virtio-blk                022 blk                  virtio-blk#10            
                                                   virtio-blk#11            
virtio_bootdev            025 <no uclass>          
virtio-console            108 serial               virtio-console#8         
virtio-console-port       108 serial               virtio_console_port      
                                                   virtio_console_port      
                                                   virtio_console_port      
                                                   virtio_console_port      
                                                   virtio_console_port      
                                                   virtio_console_port      
                                                   virtio_console_port      
                                                   virtio_console_port      
                                                   virtio_console_port      
                                                   virtio_console_port      
                                                   virtio_console_port      
                                                   virtio_console_port      
                                                   virtio_console_port      
                                                   virtio_console_port      
                                                   virtio_console_port      
                                                   virtio_console_port      
                                                   virtio_console_port      
                                                   virtio_console_port      
                                                   virtio_console_port      
                                                   virtio_console_port      
                                                   virtio_console_port      
                                                   virtio_console_port      
                                                   virtio_console_port      
                                                   virtio_console_port      
                                                   virtio_console_port      
                                                   virtio_console_port      
                                                   virtio_console_port      
                                                   virtio_console_port      
                                                   virtio_console_port      
                                                   virtio_console_port      
virtio-mmio               133 virtio               virtio_mmio@10008000     
                                                   virtio_mmio@10007000     
                                                   virtio_mmio@10006000     
                                                   virtio_mmio@10005000     
                                                   virtio_mmio@10004000     
                                                   virtio_mmio@10003000     
                                                   virtio_mmio@10002000     
                                                   virtio_mmio@10001000     
virtio-pci.m              133 virtio               virtio-pci.m#0           
                                                   virtio-pci.m#1           
                                                   virtio-pci.m#2           
                                                   virtio-pci.m#3           
                                                   virtio-pci.m#4           
                                                   virtio-pci.m#5           
                                                   virtio-pci.m#6           
                                                   virtio-pci.m#7           
                                                   virtio-pci.m#8           
                                                   virtio-pci.m#9           
                                                   virtio-pci.m#10          
## Android Verified Boot 2.0 version 1.2.0
Verification passed successfully
Imported supplementary environment
Unknown command 'mtrr' - try 'help'
ANDROID: reboot reason: "(none)"
ANDROID: Booting Unlocked!!
ANDROID: Invalid CRC-32 (expected 807077e9, found 00000000),re-initializing A/B metadata.
ANDROID: Attempting slot a, tries remaining 3
## Android Verified Boot 2.0 version 1.2.0
Could not find "system_a" partition
** Bad device specification virtio 0#system_a **
** Bad device specification virtio 0#system_a **
Couldn't find partition virtio 0#system_a
Verification passed successfully
## Android Verified Boot 2.0 version 1.2.0
Verification passed successfully
ANDROID: Loading ramdisk from "init_boot_a", partition 4.
ANDROID: Loading kernel from "boot_a", partition 2.
ANDROID: Loading vendor ramdisk from "vendor_boot_a", partition 6.
Booting kernel at 0x80200000 with fdt at bfe00000 ramdisk 0x84200000:0x0142fa6a...


## Flattened Device Tree blob at bfe00000
   Booting using the fdt blob at 0xbfe00000
   Loading Ramdisk to 27c1ed000, end 27d61ca6a ... OK
   Loading Device Tree to 000000027c1e7000, end 000000027c1ec93f ... OK

Starting kernel ...

[    0.000000][    T0] Linux version 6.8.0-mainline-ga5ed8b92e9f6-ab11698348 (kleaf@build-host) (Android (11368308, +pgo, +bolt, +lto, +mlgo, based on r510928) clang version 18.0.0 (https://android.googlesource.com/toolchain/llvm-project 477610d4d0d988e69dbc3fae4fe86bff3f07f2b5), LLD 18.0.0) #1 SMP PREEMPT Wed Apr 10 20:30:03 UTC 2024
[    0.000000][    T0] random: crng init done
[    0.000000][    T0] Machine model: riscv-virtio,qemu
[    0.000000][    T0] SBI specification v2.0 detected
[    0.000000][    T0] SBI implementation ID=0x1 Version=0x10005
[    0.000000][    T0] SBI TIME extension detected
[    0.000000][    T0] SBI IPI extension detected
[    0.000000][    T0] SBI RFENCE extension detected
[    0.000000][    T0] SBI SRST extension detected
[    0.000000][    T0] SBI DBCN extension detected
[    0.000000][    T0] earlycon: ns16550a0 at MMIO 0x0000000010000000 (options '')
[    0.000000][    T0] printk: legacy bootconsole [ns16550a0] enabled
[    0.000000][    T0] Disabled 5-level paging
[    0.000000][    T0] efi: UEFI not found.
[    0.000000][    T0] OF: reserved mem: 0x0000000080000000..0x000000008003ffff (256 KiB) nomap non-reusable mmode_resv1@80000000
[    0.000000][    T0] OF: reserved mem: 0x0000000080040000..0x000000008005ffff (128 KiB) nomap non-reusable mmode_resv0@80040000
[    0.000000][    T0] Zone ranges:
[    0.000000][    T0]   DMA32    [mem 0x0000000080000000-0x00000000ffffffff]
[    0.000000][    T0]   Normal   [mem 0x0000000100000000-0x000000027fffffff]
[    0.000000][    T0] Movable zone start for each node
[    0.000000][    T0] Early memory node ranges
[    0.000000][    T0]   node   0: [mem 0x0000000080000000-0x000000008005ffff]
[    0.000000][    T0]   node   0: [mem 0x0000000080060000-0x000000027fffffff]
[    0.000000][    T0] Initmem setup node 0 [mem 0x0000000080000000-0x000000027fffffff]
[    0.000000][    T0] SBI HSM extension detected
[    0.000000][    T0] riscv: base ISA extensions acdfhimv
[    0.000000][    T0] riscv: ELF capabilities acdfimv
[    0.000000][    T0] Load bootconfig: 2134 bytes 108 nodes
[    0.000000][    T0] percpu: Embedded 31 pages/cpu s88864 r8192 d29920 u126976
[    0.000000][    T0] Kernel command line: vmw_vsock_virtio_transport_common.virtio_transport_max_vsock_pkt_buf_size="16384"  printk.devkmsg=on audit=1 panic=-1 8250.nr_uarts=1 binder.impl=rust cma=0 firmware_class.path=/vendor/etc/ loop.max_part=7 init=/init console=ttyS0 earlycon androidboot.hardware=eliza_ai_soc bootconfig  console=hvc0 earlycon=uart8250,mmio,0x10000000 no5lvl 
[    0.000000][    T0] audit: enabled (after initialization)
[    0.000000][    T0] Dentry cache hash table entries: 1048576 (order: 11, 8388608 bytes, linear)
[    0.000000][    T0] Inode-cache hash table entries: 524288 (order: 10, 4194304 bytes, linear)
[    0.000000][    T0] Built 1 zonelists, mobility grouping on.  Total pages: 2064384
[    0.000000][    T0] mem auto-init: stack:all(zero), heap alloc:on, heap free:off
[    0.000000][    T0] software IO TLB: area num 8.
[    0.000000][    T0] software IO TLB: mapped [mem 0x00000000fbfff000-0x00000000fffff000] (64MB)
[    0.000000][    T0] Memory: 8109292K/8388608K available (14483K kernel code, 5833K rwdata, 6144K rodata, 5224K init, 11475K bss, 279316K reserved, 0K cma-reserved)
[    0.000000][    T0] SLUB: HWalign=64, Order=0-3, MinObjects=0, CPUs=6, Nodes=1
[    0.000000][    T0] trace event string verifier disabled
[    0.000000][    T0] Running RCU self tests
[    0.000000][    T0] Running RCU synchronous self tests
[    0.000000][    T0] rcu: Preemptible hierarchical RCU implementation.
[    0.000000][    T0] rcu: 	RCU event tracing is enabled.
[    0.000000][    T0] rcu: 	RCU lockdep checking is enabled.
[    0.000000][    T0] rcu: 	RCU restricting CPUs from NR_CPUS=32 to nr_cpu_ids=6.
[    0.000000][    T0] rcu: 	RCU priority boosting: priority 1 delay 500 ms.
[    0.000000][    T0] 	Trampoline variant of Tasks RCU enabled.
[    0.000000][    T0] 	Tracing variant of Tasks RCU enabled.
[    0.000000][    T0] rcu: RCU calculated value of scheduler-enlistment delay is 25 jiffies.
[    0.000000][    T0] rcu: Adjusting geometry for rcu_fanout_leaf=16, nr_cpu_ids=6
[    0.000000][    T0] Running RCU synchronous self tests
[    0.000000][    T0] NR_IRQS: 64, nr_irqs: 64, preallocated irqs: 0
[    0.000000][    T0] riscv-intc: 64 local interrupts mapped
[    0.000000][    T0] plic: plic@c000000: mapped 95 interrupts with 6 handlers for 12 contexts.
[    0.000000][    T0] riscv: providing IPIs using SBI IPI extension
[    0.000000][    T0] rcu: srcu_init: Setting srcu_struct sizes based on contention.
[    0.000000][    T0] clocksource: riscv_clocksource: mask: 0xffffffffffffffff max_cycles: 0x24e6a1710, max_idle_ns: 440795202120 ns
[    0.000074][    T0] sched_clock: 64 bits at 10MHz, resolution 100ns, wraps every 4398046511100ns
[    0.000582][    T0] riscv-timer: Timer interrupt in S-mode is available via sstc extension
[    0.008342][    T0] kfence: initialized - using 524288 bytes for 63 objects at 0x(____ptrval____)-0x(____ptrval____)
[    0.019611][    T0] serial port 0 not yet initialized
[    0.020230][    T0] Lock dependency validator: Copyright (c) 2006 Red Hat, Inc., Ingo Molnar
[    0.020793][    T0] ... MAX_LOCKDEP_SUBCLASSES:  8
[    0.021177][    T0] ... MAX_LOCK_DEPTH:          48
[    0.021671][    T0] ... MAX_LOCKDEP_KEYS:        8192
[    0.022079][    T0] ... CLASSHASH_SIZE:          4096
[    0.022324][    T0] ... MAX_LOCKDEP_ENTRIES:     32768
[    0.022504][    T0] ... MAX_LOCKDEP_CHAINS:      65536
[    0.022681][    T0] ... CHAINHASH_SIZE:          32768
[    0.022858][    T0]  memory used by lock dependency info: 6429 kB
[    0.023068][    T0]  memory used for stack traces: 4224 kB
[    0.023260][    T0]  per task-struct memory footprint: 1920 bytes
[    0.024914][    T0] Calibrating delay loop (skipped), value calculated using timer frequency.. 20.00 BogoMIPS (lpj=40000)
[    0.026028][    T0] pid_max: default: 32768 minimum: 301
[    0.031073][    T0] LSM: initializing lsm=capability,selinux,integrity
[    0.034668][    T0] SELinux:  Initializing.
[    0.043846][    T0] Mount-cache hash table entries: 16384 (order: 5, 131072 bytes, linear)
[    0.044391][    T0] Mountpoint-cache hash table entries: 16384 (order: 5, 131072 bytes, linear)
[    0.070238][    T0] Running RCU synchronous self tests
[    0.070676][    T0] Running RCU synchronous self tests
[    0.119028][    T1] RCU Tasks: Setting shift to 3 and lim to 1 rcu_task_cb_adjust=1.
[    0.122838][    T1] RCU Tasks Trace: Setting shift to 3 and lim to 1 rcu_task_cb_adjust=1.
[    0.127271][    T1] Running RCU Tasks wait API self tests
[    0.132946][    T1] Running RCU Tasks Trace wait API self tests
[    0.135050][    T1] riscv: ELF compat mode supported
[    0.136136][    T1] ASID allocator using 16 bits (65536 entries)
[    0.139305][    T1] rcu: Hierarchical SRCU implementation.
[    0.141338][   T14] Callback from call_rcu_tasks_trace() invoked.
[    0.141735][    T1] rcu: 	Max phase no-delay instances is 1000.
[    0.160720][    T1] dyndbg: Ignore empty _ddebug table in a CONFIG_DYNAMIC_DEBUG_CORE build
[    0.162079][    T1] EFI services will not be available.
[    0.169602][    T1] smp: Bringing up secondary CPUs ...
[    0.344616][    T1] smp: Brought up 1 node, 6 CPUs
[    0.408839][   T13] Callback from call_rcu_tasks() invoked.
[    0.425741][    T1] Running RCU synchronous self tests
[    0.427155][    T1] Running RCU synchronous self tests
[    0.428433][    T1] clocksource: jiffies: mask: 0xffffffff max_cycles: 0xffffffff, max_idle_ns: 7645041785100000 ns
[    0.429020][    T1] futex hash table entries: 2048 (order: 6, 262144 bytes, linear)
[    0.435438][    T1] pinctrl core: initialized pinctrl subsystem
[    0.465474][    T1] NET: Registered PF_NETLINK/PF_ROUTE protocol family
[    0.479902][    T1] DMA: preallocated 1024 KiB GFP_KERNEL pool for atomic allocations
[    0.482398][    T1] DMA: preallocated 1024 KiB GFP_KERNEL|GFP_DMA32 pool for atomic allocations
[    0.484108][    T1] audit: initializing netlink subsys (enabled)
[    0.495814][   T48] audit: type=2000 audit(0.400:1): state=initialized audit_enabled=1 res=1
[    0.503129][    T1] thermal_sys: Registered thermal governor 'bang_bang'
[    0.503261][    T1] thermal_sys: Registered thermal governor 'step_wise'
[    0.503535][    T1] thermal_sys: Registered thermal governor 'user_space'
[    0.503739][    T1] thermal_sys: Registered thermal governor 'power_allocator'
[    0.504879][    T1] cpuidle: using governor menu
[    0.537942][    C2] cpu2: Ratio of byte access time to unaligned word access is 6.76, unaligned accesses are fast
[    0.537961][    C1] cpu1: Ratio of byte access time to unaligned word access is 7.33, unaligned accesses are fast
[    0.538122][    C4] cpu4: Ratio of byte access time to unaligned word access is 7.41, unaligned accesses are fast
[    0.541966][    C5] cpu5: Ratio of byte access time to unaligned word access is 6.76, unaligned accesses are fast
[    0.541970][    C3] cpu3: Ratio of byte access time to unaligned word access is 7.38, unaligned accesses are fast
[    0.566998][    T7] cpu0: Ratio of byte access time to unaligned word access is 7.23, unaligned accesses are fast
[    0.731878][    T1] SCSI subsystem initialized
[    0.734154][    T1] usbcore: registered new interface driver usbfs
[    0.735167][    T1] usbcore: registered new interface driver hub
[    0.735951][    T1] usbcore: registered new device driver usb
[    0.737744][    T1] mc: Linux media interface: v0.10
[    0.738478][    T1] videodev: Linux video capture interface: v2.00
[    0.740687][    T1] EDAC MC: Ver: 3.0.0
[    0.768313][    T1] Advanced Linux Sound Architecture Driver Initialized.
[    0.823612][    T1] clocksource: Switched to clocksource riscv_clocksource
[    0.861421][    T1] VFS: Disk quotas dquot_6.6.0
[    0.866924][    T1] VFS: Dquot-cache hash table entries: 512 (order 0, 4096 bytes)
[    0.885195][    T1] NET: Registered PF_INET protocol family
[    0.889538][    T1] IP idents hash table entries: 131072 (order: 8, 1048576 bytes, linear)
[    0.920224][    T1] tcp_listen_portaddr_hash hash table entries: 4096 (order: 6, 294912 bytes, linear)
[    0.922099][    T1] Table-perturb hash table entries: 65536 (order: 6, 262144 bytes, linear)
[    0.924637][    T1] TCP established hash table entries: 65536 (order: 7, 524288 bytes, linear)
[    0.932376][    T1] TCP bind hash table entries: 65536 (order: 11, 9437184 bytes, vmalloc hugepage)
[    0.959723][    T1] TCP: Hash tables configured (established 65536 bind 65536)
[    0.963547][    T1] UDP hash table entries: 4096 (order: 7, 655360 bytes, linear)
[    0.966964][    T1] UDP-Lite hash table entries: 4096 (order: 7, 655360 bytes, linear)
[    0.979642][    T1] NET: Registered PF_UNIX/PF_LOCAL protocol family
[    0.981443][    T1] NET: Registered PF_XDP protocol family
[    0.982145][    T1] PCI: CLS 0 bytes, default 64
[    0.984820][    T1] kvm [1]: hypervisor extension available
[    0.985288][    T1] kvm [1]: using Sv57x4 G-stage page table format
[    0.985634][    T1] kvm [1]: VMID 14 bits available
[    0.998133][   T10] Trying to unpack rootfs image as initramfs...
[    1.007045][    T1] Initialise system trusted keyrings
[    1.014251][    T1] workingset: timestamp_bits=46 max_order=21 bucket_order=0
[    1.032680][    T1] fuse: init (API version 7.39)
[    1.175882][    T1] Key type asymmetric registered
[    1.176554][    T1] Asymmetric key parser 'x509' registered
[    1.177637][    T1] Block layer SCSI generic (bsg) driver version 0.4 loaded (major 241)
[    1.178974][    T1] io scheduler mq-deadline registered
[    1.179552][    T1] io scheduler kyber registered
[    1.183012][    T1] io scheduler bfq registered
[    1.200711][    T1] pci-host-generic 30000000.pci: host bridge /soc/pci@30000000 ranges:
[    1.202317][    T1] pci-host-generic 30000000.pci:       IO 0x0003000000..0x000300ffff -> 0x0000000000
[    1.203855][    T1] pci-host-generic 30000000.pci:      MEM 0x0040000000..0x007fffffff -> 0x0040000000
[    1.204454][    T1] pci-host-generic 30000000.pci:      MEM 0x0400000000..0x07ffffffff -> 0x0400000000
[    1.207032][    T1] pci-host-generic 30000000.pci: Memory resource size exceeds max for 32 bits
[    1.208380][    T1] pci-host-generic 30000000.pci: ECAM at [mem 0x30000000-0x3fffffff] for [bus 00-ff]
[    1.211860][    T1] pci-host-generic 30000000.pci: PCI host bridge to bus 0000:00
[    1.212378][    T1] pci_bus 0000:00: root bus resource [bus 00-ff]
[    1.212703][    T1] pci_bus 0000:00: root bus resource [io  0x0000-0xffff]
[    1.212965][    T1] pci_bus 0000:00: root bus resource [mem 0x40000000-0x7fffffff]
[    1.213227][    T1] pci_bus 0000:00: root bus resource [mem 0x400000000-0x7ffffffff]
[    1.215275][    T1] pci 0000:00:00.0: [1b36:0008] type 00 class 0x060000 conventional PCI endpoint
[    1.220814][    T1] pci 0000:00:01.0: [1af4:1043] type 00 class 0x078000 conventional PCI endpoint
[    1.224291][    T1] pci 0000:00:01.0: BAR 1 [mem 0x40000000-0x40000fff]
[    1.227892][    T1] pci 0000:00:01.0: BAR 4 [mem 0x40004000-0x40007fff 64bit pref]
[    1.231474][    T1] pci 0000:00:02.0: [1af4:1050] type 00 class 0x038000 conventional PCI endpoint
[    1.234214][    T1] pci 0000:00:02.0: BAR 1 [mem 0x40008000-0x40008fff]
[    1.236464][    T1] pci 0000:00:02.0: BAR 4 [mem 0x4000c000-0x4000ffff 64bit pref]
[    1.239367][    T1] pci 0000:00:03.0: [1af4:1042] type 00 class 0x010000 conventional PCI endpoint
[    1.241680][    T1] pci 0000:00:03.0: BAR 1 [mem 0x40010000-0x40010fff]
[    1.246534][    T1] pci 0000:00:03.0: BAR 4 [mem 0x40014000-0x40017fff 64bit pref]
[    1.249520][    T1] pci 0000:00:04.0: [1af4:1042] type 00 class 0x010000 conventional PCI endpoint
[    1.251355][    T1] pci 0000:00:04.0: BAR 1 [mem 0x40018000-0x40018fff]
[    1.253347][    T1] pci 0000:00:04.0: BAR 4 [mem 0x4001c000-0x4001ffff 64bit pref]
[    1.257772][    T1] pci 0000:00:05.0: [1af4:1044] type 00 class 0x00ff00 conventional PCI endpoint
[    1.259464][    T1] pci 0000:00:05.0: BAR 1 [mem 0x40020000-0x40020fff]
[    1.261270][    T1] pci 0000:00:05.0: BAR 4 [mem 0x40024000-0x40027fff 64bit pref]
[    1.263926][    T1] pci 0000:00:06.0: [1af4:1052] type 00 class 0x090200 conventional PCI endpoint
[    1.265277][    T1] pci 0000:00:06.0: BAR 1 [mem 0x40028000-0x40028fff]
[    1.268009][    T1] pci 0000:00:06.0: BAR 4 [mem 0x4002c000-0x4002ffff 64bit pref]
[    1.275819][    T1] pci 0000:00:07.0: [1af4:1052] type 00 class 0x090000 conventional PCI endpoint
[    1.277234][    T1] pci 0000:00:07.0: BAR 1 [mem 0x40030000-0x40030fff]
[    1.279300][    T1] pci 0000:00:07.0: BAR 4 [mem 0x40034000-0x40037fff 64bit pref]
[    1.284908][    T1] pci 0000:00:08.0: [1af4:1052] type 00 class 0x098000 conventional PCI endpoint
[    1.287739][    T1] pci 0000:00:08.0: BAR 1 [mem 0x40038000-0x40038fff]
[    1.289357][    T1] pci 0000:00:08.0: BAR 4 [mem 0x4003c000-0x4003ffff 64bit pref]
[    1.292807][    T1] pci 0000:00:09.0: [1af4:1052] type 00 class 0x098000 conventional PCI endpoint
[    1.295448][    T1] pci 0000:00:09.0: BAR 1 [mem 0x40040000-0x40040fff]
[    1.298036][    T1] pci 0000:00:09.0: BAR 4 [mem 0x40044000-0x40047fff 64bit pref]
[    1.304354][    T1] pci 0000:00:0a.0: [1af4:1045] type 00 class 0x00ff00 conventional PCI endpoint
[    1.310635][    T1] pci 0000:00:0a.0: BAR 4 [mem 0x40048000-0x4004bfff 64bit pref]
[    1.314051][    T1] pci 0000:00:0b.0: [1af4:1053] type 00 class 0x078000 conventional PCI endpoint
[    1.315893][    T1] pci 0000:00:0b.0: BAR 1 [mem 0x4004c000-0x4004cfff]
[    1.317949][    T1] pci 0000:00:0b.0: BAR 4 [mem 0x40050000-0x40053fff 64bit pref]
[    1.324374][    T1] pci 0000:00:0c.0: [8086:2415] type 00 class 0x040100 conventional PCI endpoint
[    1.325484][    T1] pci 0000:00:0c.0: BAR 0 [io  0x1000-0x13ff]
[    1.326300][    T1] pci 0000:00:0c.0: BAR 1 [io  0x1400-0x14ff]
[    1.337059][    T1] pci 0000:00:0d.0: [1b36:000d] type 00 class 0x0c0330 PCIe Root Complex Integrated Endpoint
[    1.337834][    T1] pci 0000:00:0d.0: BAR 0 [mem 0x40054000-0x40057fff 64bit]
[    1.351933][    T1] pci 0000:00:01.0: BAR 4 [mem 0x400000000-0x400003fff 64bit pref]: assigned
[    1.353801][    T1] pci 0000:00:02.0: BAR 4 [mem 0x400004000-0x400007fff 64bit pref]: assigned
[    1.355004][    T1] pci 0000:00:03.0: BAR 4 [mem 0x400008000-0x40000bfff 64bit pref]: assigned
[    1.356152][    T1] pci 0000:00:04.0: BAR 4 [mem 0x40000c000-0x40000ffff 64bit pref]: assigned
[    1.357067][    T1] pci 0000:00:05.0: BAR 4 [mem 0x400010000-0x400013fff 64bit pref]: assigned
[    1.357876][    T1] pci 0000:00:06.0: BAR 4 [mem 0x400014000-0x400017fff 64bit pref]: assigned
[    1.359009][    T1] pci 0000:00:07.0: BAR 4 [mem 0x400018000-0x40001bfff 64bit pref]: assigned
[    1.359748][    T1] pci 0000:00:08.0: BAR 4 [mem 0x40001c000-0x40001ffff 64bit pref]: assigned
[    1.361824][    T1] pci 0000:00:09.0: BAR 4 [mem 0x400020000-0x400023fff 64bit pref]: assigned
[    1.362610][    T1] pci 0000:00:0a.0: BAR 4 [mem 0x400024000-0x400027fff 64bit pref]: assigned
[    1.363809][    T1] pci 0000:00:0b.0: BAR 4 [mem 0x400028000-0x40002bfff 64bit pref]: assigned
[    1.366749][    T1] pci 0000:00:0d.0: BAR 0 [mem 0x40002c000-0x40002ffff 64bit]: assigned
[    1.367511][    T1] pci 0000:00:01.0: BAR 1 [mem 0x40000000-0x40000fff]: assigned
[    1.367839][    T1] pci 0000:00:02.0: BAR 1 [mem 0x40001000-0x40001fff]: assigned
[    1.368501][    T1] pci 0000:00:03.0: BAR 1 [mem 0x40002000-0x40002fff]: assigned
[    1.369020][    T1] pci 0000:00:04.0: BAR 1 [mem 0x40003000-0x40003fff]: assigned
[    1.369500][    T1] pci 0000:00:05.0: BAR 1 [mem 0x40004000-0x40004fff]: assigned
[    1.370041][    T1] pci 0000:00:06.0: BAR 1 [mem 0x40005000-0x40005fff]: assigned
[    1.370759][    T1] pci 0000:00:07.0: BAR 1 [mem 0x40006000-0x40006fff]: assigned
[    1.371320][    T1] pci 0000:00:08.0: BAR 1 [mem 0x40007000-0x40007fff]: assigned
[    1.371902][    T1] pci 0000:00:09.0: BAR 1 [mem 0x40008000-0x40008fff]: assigned
[    1.372450][    T1] pci 0000:00:0b.0: BAR 1 [mem 0x40009000-0x40009fff]: assigned
[    1.372956][    T1] pci 0000:00:0c.0: BAR 0 [io  0x0400-0x07ff]: assigned
[    1.373688][    T1] pci 0000:00:0c.0: BAR 1 [io  0x0100-0x01ff]: assigned
[    1.391275][    T1] Serial: 8250/16550 driver, 1 ports, IRQ sharing disabled
[    1.411557][    T1] printk: legacy console [ttyS0] disabled
[    1.421692][    T1] 10000000.serial: ttyS0 at MMIO 0x10000000 (irq = 12, base_baud = 230400) is a 16550A
[    1.424957][    T1] printk: legacy console [ttyS0] enabled
[    0.000000][    T0] Linux version 6.8.0-mainline-ga5ed8b92e9f6-ab11698348 (kleaf@build-host) (Android (11368308, +pgo, +bolt, +lto, +mlgo, based on r510928) clang version 18.0.0 (https://android.googlesource.com/toolchain/llvm-project 477610d4d0d988e69dbc3fae4fe86bff3f07f2b5), LLD 18.0.0) #1 SMP PREEMPT Wed Apr 10 20:30:03 UTC 2024
[    0.000000][    T0] random: crng init done
[    0.000000][    T0] Machine model: riscv-virtio,qemu
[    0.000000][    T0] SBI specification v2.0 detected
[    0.000000][    T0] SBI implementation ID=0x1 Version=0x10005
[    0.000000][    T0] SBI TIME extension detected
[    0.000000][    T0] SBI IPI extension detected
[    0.000000][    T0] SBI RFENCE extension detected
[    0.000000][    T0] SBI SRST extension detected
[    0.000000][    T0] SBI DBCN extension detected
[    0.000000][    T0] earlycon: ns16550a0 at MMIO 0x0000000010000000 (options '')
[    0.000000][    T0] printk: legacy bootconsole [ns16550a0] enabled
[    0.000000][    T0] Disabled 5-level paging
[    0.000000][    T0] efi: UEFI not found.
[    0.000000][    T0] OF: reserved mem: 0x0000000080000000..0x000000008003ffff (256 KiB) nomap non-reusable mmode_resv1@80000000
[    0.000000][    T0] OF: reserved mem: 0x0000000080040000..0x000000008005ffff (128 KiB) nomap non-reusable mmode_resv0@80040000
[    0.000000][    T0] Zone ranges:
[    0.000000][    T0]   DMA32    [mem 0x0000000080000000-0x00000000ffffffff]
[    0.000000][    T0]   Normal   [mem 0x0000000100000000-0x000000027fffffff]
[    0.000000][    T0] Movable zone start for each node
[    0.000000][    T0] Early memory node ranges
[    0.000000][    T0]   node   0: [mem 0x0000000080000000-0x000000008005ffff]
[    0.000000][    T0]   node   0: [mem 0x0000000080060000-0x000000027fffffff]
[    0.000000][    T0] Initmem setup node 0 [mem 0x0000000080000000-0x000000027fffffff]
[    0.000000][    T0] SBI HSM extension detected
[    0.000000][    T0] riscv: base ISA extensions acdfhimv
[    0.000000][    T0] riscv: ELF capabilities acdfimv
[    0.000000][    T0] Load bootconfig: 2134 bytes 108 nodes
[    0.000000][    T0] percpu: Embedded 31 pages/cpu s88864 r8192 d29920 u126976
[    0.000000][    T0] Kernel command line: vmw_vsock_virtio_transport_common.virtio_transport_max_vsock_pkt_buf_size="16384"  printk.devkmsg=on audit=1 panic=-1 8250.nr_uarts=1 binder.impl=rust cma=0 firmware_class.path=/vendor/etc/ loop.max_part=7 init=/init console=ttyS0 earlycon androidboot.hardware=eliza_ai_soc bootconfig  console=hvc0 earlycon=uart8250,mmio,0x10000000 no5lvl 
[    0.000000][    T0] audit: enabled (after initialization)
[    0.000000][    T0] Dentry cache hash table entries: 1048576 (order: 11, 8388608 bytes, linear)
[    0.000000][    T0] Inode-cache hash table entries: 524288 (order: 10, 4194304 bytes, linear)
[    0.000000][    T0] Built 1 zonelists, mobility grouping on.  Total pages: 2064384
[    0.000000][    T0] mem auto-init: stack:all(zero), heap alloc:on, heap free:off
[    0.000000][    T0] software IO TLB: area num 8.
[    0.000000][    T0] software IO TLB: mapped [mem 0x00000000fbfff000-0x00000000fffff000] (64MB)
[    0.000000][    T0] Memory: 8109292K/8388608K available (14483K kernel code, 5833K rwdata, 6144K rodata, 5224K init, 11475K bss, 279316K reserved, 0K cma-reserved)
[    0.000000][    T0] SLUB: HWalign=64, Order=0-3, MinObjects=0, CPUs=6, Nodes=1
[    0.000000][    T0] trace event string verifier disabled
[    0.000000][    T0] Running RCU self tests
[    0.000000][    T0] Running RCU synchronous self tests
[    0.000000][    T0] rcu: Preemptible hierarchical RCU implementation.
[    0.000000][    T0] rcu: 	RCU event tracing is enabled.
[    0.000000][    T0] rcu: 	RCU lockdep checking is enabled.
[    0.000000][    T0] rcu: 	RCU restricting CPUs from NR_CPUS=32 to nr_cpu_ids=6.
[    0.000000][    T0] rcu: 	RCU priority boosting: priority 1 delay 500 ms.
[    0.000000][    T0] 	Trampoline variant of Tasks RCU enabled.
[    0.000000][    T0] 	Tracing variant of Tasks RCU enabled.
[    0.000000][    T0] rcu: RCU calculated value of scheduler-enlistment delay is 25 jiffies.
[    0.000000][    T0] rcu: Adjusting geometry for rcu_fanout_leaf=16, nr_cpu_ids=6
[    0.000000][    T0] Running RCU synchronous self tests
[    0.000000][    T0] NR_IRQS: 64, nr_irqs: 64, preallocated irqs: 0
[    0.000000][    T0] riscv-intc: 64 local interrupts mapped
[    0.000000][    T0] plic: plic@c000000: mapped 95 interrupts with 6 handlers for 12 contexts.
[    0.000000][    T0] riscv: providing IPIs using SBI IPI extension
[    0.000000][    T0] rcu: srcu_init: Setting srcu_struct sizes based on contention.
[    0.000000][    T0] clocksource: riscv_clocksource: mask: 0xffffffffffffffff max_cycles: 0x24e6a1710, max_idle_ns: 440795202120 ns
[    0.000074][    T0] sched_clock: 64 bits at 10MHz, resolution 100ns, wraps every 4398046511100ns
[    0.000582][    T0] riscv-timer: Timer interrupt in S-mode is available via sstc extension
[    0.008342][    T0] kfence: initialized - using 524288 bytes for 63 objects at 0x(____ptrval____)-0x(____ptrval____)
[    0.019611][    T0] serial port 0 not yet initialized
[    0.020230][    T0] Lock dependency validator: Copyright (c) 2006 Red Hat, Inc., Ingo Molnar
[    0.020793][    T0] ... MAX_LOCKDEP_SUBCLASSES:  8
[    0.021177][    T0] ... MAX_LOCK_DEPTH:          48
[    0.021671][    T0] ... MAX_LOCKDEP_KEYS:        8192
[    0.022079][    T0] ... CLASSHASH_SIZE:          4096
[    0.022324][    T0] ... MAX_LOCKDEP_ENTRIES:     32768
[    0.022504][    T0] ... MAX_LOCKDEP_CHAINS:      65536
[    0.022681][    T0] ... CHAINHASH_SIZE:          32768
[    0.022858][    T0]  memory used by lock dependency info: 6429 kB
[    0.023068][    T0]  memory used for stack traces: 4224 kB
[    0.023260][    T0]  per task-struct memory footprint: 1920 bytes
[    0.024914][    T0] Calibrating delay loop (skipped), value calculated using timer frequency.. 20.00 BogoMIPS (lpj=40000)
[    0.026028][    T0] pid_max: default: 32768 minimum: 301
[    0.031073][    T0] LSM: initializing lsm=capability,selinux,integrity
[    0.034668][    T0] SELinux:  Initializing.
[    0.043846][    T0] Mount-cache hash table entries: 16384 (order: 5, 131072 bytes, linear)
[    0.044391][    T0] Mountpoint-cache hash table entries: 16384 (order: 5, 131072 bytes, linear)
[    0.070238][    T0] Running RCU synchronous self tests
[    0.070676][    T0] Running RCU synchronous self tests
[    0.119028][    T1] RCU Tasks: Setting shift to 3 and lim to 1 rcu_task_cb_adjust=1.
[    0.122838][    T1] RCU Tasks Trace: Setting shift to 3 and lim to 1 rcu_task_cb_adjust=1.
[    0.127271][    T1] Running RCU Tasks wait API self tests
[    0.132946][    T1] Running RCU Tasks Trace wait API self tests
[    0.135050][    T1] riscv: ELF compat mode supported
[    0.136136][    T1] ASID allocator using 16 bits (65536 entries)
[    0.139305][    T1] rcu: Hierarchical SRCU implementation.
[    0.141338][   T14] Callback from call_rcu_tasks_trace() invoked.
[    0.141735][    T1] rcu: 	Max phase no-delay instances is 1000.
[    0.160720][    T1] dyndbg: Ignore empty _ddebug table in a CONFIG_DYNAMIC_DEBUG_CORE build
[    0.162079][    T1] EFI services will not be available.
[    0.169602][    T1] smp: Bringing up secondary CPUs ...
[    0.344616][    T1] smp: Brought up 1 node, 6 CPUs
[    0.408839][   T13] Callback from call_rcu_tasks() invoked.
[    0.425741][    T1] Running RCU synchronous self tests
[    0.427155][    T1] Running RCU synchronous self tests
[    0.428433][    T1] clocksource: jiffies: mask: 0xffffffff max_cycles: 0xffffffff, max_idle_ns: 7645041785100000 ns
[    0.429020][    T1] futex hash table entries: 2048 (order: 6, 262144 bytes, linear)
[    0.435438][    T1] pinctrl core: initialized pinctrl subsystem
[    0.465474][    T1] NET: Registered PF_NETLINK/PF_ROUTE protocol family
[    0.479902][    T1] DMA: preallocated 1024 KiB GFP_KERNEL pool for atomic allocations
[    0.482398][    T1] DMA: preallocated 1024 KiB GFP_KERNEL|GFP_DMA32 pool for atomic allocations
[    0.484108][    T1] audit: initializing netlink subsys (enabled)
[    0.495814][   T48] audit: type=2000 audit(0.400:1): state=initialized audit_enabled=1 res=1
[    0.503129][    T1] thermal_sys: Registered thermal governor 'bang_bang'
[    0.503261][    T1] thermal_sys: Registered thermal governor 'step_wise'
[    0.503535][    T1] thermal_sys: Registered thermal governor 'user_space'
[    0.503739][    T1] thermal_sys: Registered thermal governor 'power_allocator'
[    0.504879][    T1] cpuidle: using governor menu
[    0.537942][    C2] cpu2: Ratio of byte access time to unaligned word access is 6.76, unaligned accesses are fast
[    0.537961][    C1] cpu1: Ratio of byte access time to unaligned word access is 7.33, unaligned accesses are fast
[    0.538122][    C4] cpu4: Ratio of byte access time to unaligned word access is 7.41, unaligned accesses are fast
[    0.541966][    C5] cpu5: Ratio of byte access time to unaligned word access is 6.76, unaligned accesses are fast
[    0.541970][    C3] cpu3: Ratio of byte access time to unaligned word access is 7.38, unaligned accesses are fast
[    0.566998][    T7] cpu0: Ratio of byte access time to unaligned word access is 7.23, unaligned accesses are fast
[    0.731878][    T1] SCSI subsystem initialized
[    0.734154][    T1] usbcore: registered new interface driver usbfs
[    0.735167][    T1] usbcore: registered new interface driver hub
[    0.735951][    T1] usbcore: registered new device driver usb
[    0.737744][    T1] mc: Linux media interface: v0.10
[    0.738478][    T1] videodev: Linux video capture interface: v2.00
[    0.740687][    T1] EDAC MC: Ver: 3.0.0
[    0.768313][    T1] Advanced Linux Sound Architecture Driver Initialized.
[    0.823612][    T1] clocksource: Switched to clocksource riscv_clocksource
[    0.861421][    T1] VFS: Disk quotas dquot_6.6.0
[    0.866924][    T1] VFS: Dquot-cache hash table entries: 512 (order 0, 4096 bytes)
[    0.885195][    T1] NET: Registered PF_INET protocol family
[    0.889538][    T1] IP idents hash table entries: 131072 (order: 8, 1048576 bytes, linear)
[    0.920224][    T1] tcp_listen_portaddr_hash hash table entries: 4096 (order: 6, 294912 bytes, linear)
[    0.922099][    T1] Table-perturb hash table entries: 65536 (order: 6, 262144 bytes, linear)
[    0.924637][    T1] TCP established hash table entries: 65536 (order: 7, 524288 bytes, linear)
[    0.932376][    T1] TCP bind hash table entries: 65536 (order: 11, 9437184 bytes, vmalloc hugepage)
[    0.959723][    T1] TCP: Hash tables configured (established 65536 bind 65536)
[    0.963547][    T1] UDP hash table entries: 4096 (order: 7, 655360 bytes, linear)
[    0.966964][    T1] UDP-Lite hash table entries: 4096 (order: 7, 655360 bytes, linear)
[    0.979642][    T1] NET: Registered PF_UNIX/PF_LOCAL protocol family
[    0.981443][    T1] NET: Registered PF_XDP protocol family
[    0.982145][    T1] PCI: CLS 0 bytes, default 64
[    0.984820][    T1] kvm [1]: hypervisor extension available
[    0.985288][    T1] kvm [1]: using Sv57x4 G-stage page table format
[    0.985634][    T1] kvm [1]: VMID 14 bits available
[    0.998133][   T10] Trying to unpack rootfs image as initramfs...
[    1.007045][    T1] Initialise system trusted keyrings
[    1.014251][    T1] workingset: timestamp_bits=46 max_order=21 bucket_order=0
[    1.032680][    T1] fuse: init (API version 7.39)
[    1.175882][    T1] Key type asymmetric registered
[    1.176554][    T1] Asymmetric key parser 'x509' registered
[    1.177637][    T1] Block layer SCSI generic (bsg) driver version 0.4 loaded (major 241)
[    1.178974][    T1] io scheduler mq-deadline registered
[    1.179552][    T1] io scheduler kyber registered
[    1.183012][    T1] io scheduler bfq registered
[    1.200711][    T1] pci-host-generic 30000000.pci: host bridge /soc/pci@30000000 ranges:
[    1.202317][    T1] pci-host-generic 30000000.pci:       IO 0x0003000000..0x000300ffff -> 0x0000000000
[    1.203855][    T1] pci-host-generic 30000000.pci:      MEM 0x0040000000..0x007fffffff -> 0x0040000000
[    1.204454][    T1] pci-host-generic 30000000.pci:      MEM 0x0400000000..0x07ffffffff -> 0x0400000000
[    1.207032][    T1] pci-host-generic 30000000.pci: Memory resource size exceeds max for 32 bits
[    1.208380][    T1] pci-host-generic 30000000.pci: ECAM at [mem 0x30000000-0x3fffffff] for [bus 00-ff]
[    1.211860][    T1] pci-host-generic 30000000.pci: PCI host bridge to bus 0000:00
[    1.212378][    T1] pci_bus 0000:00: root bus resource [bus 00-ff]
[    1.212703][    T1] pci_bus 0000:00: root bus resource [io  0x0000-0xffff]
[    1.212965][    T1] pci_bus 0000:00: root bus resource [mem 0x40000000-0x7fffffff]
[    1.213227][    T1] pci_bus 0000:00: root bus resource [mem 0x400000000-0x7ffffffff]
[    1.215275][    T1] pci 0000:00:00.0: [1b36:0008] type 00 class 0x060000 conventional PCI endpoint
[    1.220814][    T1] pci 0000:00:01.0: [1af4:1043] type 00 class 0x078000 conventional PCI endpoint
[    1.224291][    T1] pci 0000:00:01.0: BAR 1 [mem 0x40000000-0x40000fff]
[    1.227892][    T1] pci 0000:00:01.0: BAR 4 [mem 0x40004000-0x40007fff 64bit pref]
[    1.231474][    T1] pci 0000:00:02.0: [1af4:1050] type 00 class 0x038000 conventional PCI endpoint
[    1.234214][    T1] pci 0000:00:02.0: BAR 1 [mem 0x40008000-0x40008fff]
[    1.236464][    T1] pci 0000:00:02.0: BAR 4 [mem 0x4000c000-0x4000ffff 64bit pref]
[    1.239367][    T1] pci 0000:00:03.0: [1af4:1042] type 00 class 0x010000 conventional PCI endpoint
[    1.241680][    T1] pci 0000:00:03.0: BAR 1 [mem 0x40010000-0x40010fff]
[    1.246534][    T1] pci 0000:00:03.0: BAR 4 [mem 0x40014000-0x40017fff 64bit pref]
[    1.249520][    T1] pci 0000:00:04.0: [1af4:1042] type 00 class 0x010000 conventional PCI endpoint
[    1.251355][    T1] pci 0000:00:04.0: BAR 1 [mem 0x40018000-0x40018fff]
[    1.253347][    T1] pci 0000:00:04.0: BAR 4 [mem 0x4001c000-0x4001ffff 64bit pref]
[    1.257772][    T1] pci 0000:00:05.0: [1af4:1044] type 00 class 0x00ff00 conventional PCI endpoint
[    1.259464][    T1] pci 0000:00:05.0: BAR 1 [mem 0x40020000-0x40020fff]
[    1.261270][    T1] pci 0000:00:05.0: BAR 4 [mem 0x40024000-0x40027fff 64bit pref]
[    1.263926][    T1] pci 0000:00:06.0: [1af4:1052] type 00 class 0x090200 conventional PCI endpoint
[    1.265277][    T1] pci 0000:00:06.0: BAR 1 [mem 0x40028000-0x40028fff]
[    1.268009][    T1] pci 0000:00:06.0: BAR 4 [mem 0x4002c000-0x4002ffff 64bit pref]
[    1.275819][    T1] pci 0000:00:07.0: [1af4:1052] type 00 class 0x090000 conventional PCI endpoint
[    1.277234][    T1] pci 0000:00:07.0: BAR 1 [mem 0x40030000-0x40030fff]
[    1.279300][    T1] pci 0000:00:07.0: BAR 4 [mem 0x40034000-0x40037fff 64bit pref]
[    1.284908][    T1] pci 0000:00:08.0: [1af4:1052] type 00 class 0x098000 conventional PCI endpoint
[    1.287739][    T1] pci 0000:00:08.0: BAR 1 [mem 0x40038000-0x40038fff]
[    1.289357][    T1] pci 0000:00:08.0: BAR 4 [mem 0x4003c000-0x4003ffff 64bit pref]
[    1.292807][    T1] pci 0000:00:09.0: [1af4:1052] type 00 class 0x098000 conventional PCI endpoint
[    1.295448][    T1] pci 0000:00:09.0: BAR 1 [mem 0x40040000-0x40040fff]
[    1.298036][    T1] pci 0000:00:09.0: BAR 4 [mem 0x40044000-0x40047fff 64bit pref]
[    1.304354][    T1] pci 0000:00:0a.0: [1af4:1045] type 00 class 0x00ff00 conventional PCI endpoint
[    1.310635][    T1] pci 0000:00:0a.0: BAR 4 [mem 0x40048000-0x4004bfff 64bit pref]
[    1.314051][    T1] pci 0000:00:0b.0: [1af4:1053] type 00 class 0x078000 conventional PCI endpoint
[    1.315893][    T1] pci 0000:00:0b.0: BAR 1 [mem 0x4004c000-0x4004cfff]
[    1.317949][    T1] pci 0000:00:0b.0: BAR 4 [mem 0x40050000-0x40053fff 64bit pref]
[    1.324374][    T1] pci 0000:00:0c.0: [8086:2415] type 00 class 0x040100 conventional PCI endpoint
[    1.325484][    T1] pci 0000:00:0c.0: BAR 0 [io  0x1000-0x13ff]
[    1.326300][    T1] pci 0000:00:0c.0: BAR 1 [io  0x1400-0x14ff]
[    1.337059][    T1] pci 0000:00:0d.0: [1b36:000d] type 00 class 0x0c0330 PCIe Root Complex Integrated Endpoint
[    1.337834][    T1] pci 0000:00:0d.0: BAR 0 [mem 0x40054000-0x40057fff 64bit]
[    1.351933][    T1] pci 0000:00:01.0: BAR 4 [mem 0x400000000-0x400003fff 64bit pref]: assigned
[    1.353801][    T1] pci 0000:00:02.0: BAR 4 [mem 0x400004000-0x400007fff 64bit pref]: assigned
[    1.355004][    T1] pci 0000:00:03.0: BAR 4 [mem 0x400008000-0x40000bfff 64bit pref]: assigned
[    1.356152][    T1] pci 0000:00:04.0: BAR 4 [mem 0x40000c000-0x40000ffff 64bit pref]: assigned
[    1.357067][    T1] pci 0000:00:05.0: BAR 4 [mem 0x400010000-0x400013fff 64bit pref]: assigned
[    1.357876][    T1] pci 0000:00:06.0: BAR 4 [mem 0x400014000-0x400017fff 64bit pref]: assigned
[    1.359009][    T1] pci 0000:00:07.0: BAR 4 [mem 0x400018000-0x40001bfff 64bit pref]: assigned
[    1.359748][    T1] pci 0000:00:08.0: BAR 4 [mem 0x40001c000-0x40001ffff 64bit pref]: assigned
[    1.361824][    T1] pci 0000:00:09.0: BAR 4 [mem 0x400020000-0x400023fff 64bit pref]: assigned
[    1.362610][    T1] pci 0000:00:0a.0: BAR 4 [mem 0x400024000-0x400027fff 64bit pref]: assigned
[    1.363809][    T1] pci 0000:00:0b.0: BAR 4 [mem 0x400028000-0x40002bfff 64bit pref]: assigned
[    1.366749][    T1] pci 0000:00:0d.0: BAR 0 [mem 0x40002c000-0x40002ffff 64bit]: assigned
[    1.367511][    T1] pci 0000:00:01.0: BAR 1 [mem 0x40000000-0x40000fff]: assigned
[    1.367839][    T1] pci 0000:00:02.0: BAR 1 [mem 0x40001000-0x40001fff]: assigned
[    1.368501][    T1] pci 0000:00:03.0: BAR 1 [mem 0x40002000-0x40002fff]: assigned
[    1.369020][    T1] pci 0000:00:04.0: BAR 1 [mem 0x40003000-0x40003fff]: assigned
[    1.369500][    T1] pci 0000:00:05.0: BAR 1 [mem 0x40004000-0x40004fff]: assigned
[    1.370041][    T1] pci 0000:00:06.0: BAR 1 [mem 0x40005000-0x40005fff]: assigned
[    1.370759][    T1] pci 0000:00:07.0: BAR 1 [mem 0x40006000-0x40006fff]: assigned
[    1.371320][    T1] pci 0000:00:08.0: BAR 1 [mem 0x40007000-0x40007fff]: assigned
[    1.371902][    T1] pci 0000:00:09.0: BAR 1 [mem 0x40008000-0x40008fff]: assigned
[    1.372450][    T1] pci 0000:00:0b.0: BAR 1 [mem 0x40009000-0x40009fff]: assigned
[    1.372956][    T1] pci 0000:00:0c.0: BAR 0 [io  0x0400-0x07ff]: assigned
[    1.373688][    T1] pci 0000:00:0c.0: BAR 1 [io  0x0100-0x01ff]: assigned
[    1.391275][    T1] Serial: 8250/16550 driver, 1 ports, IRQ sharing disabled
[    1.411557][    T1] printk: legacy console [ttyS0] disabled
[    1.421692][    T1] 10000000.serial: ttyS0 at MMIO 0x10000000 (irq = 12, base_baud = 230400) is a 16550A
[    1.424957][    T1] printk: legacy console [ttyS0] enabled
[    1.636955][    T1] brd: module loaded
[    1.636955][    T1] brd: module loaded
[    1.769689][    T1] loop: module loaded
[    1.769689][    T1] loop: module loaded
[    1.777450][    T1] wireguard: WireGuard 1.0.0 loaded. See www.wireguard.com for information.
[    1.777450][    T1] wireguard: WireGuard 1.0.0 loaded. See www.wireguard.com for information.
[    1.778072][    T1] wireguard: Copyright (C) 2015-2019 Jason A. Donenfeld <Jason@zx2c4.com>. All Rights Reserved.
[    1.778072][    T1] wireguard: Copyright (C) 2015-2019 Jason A. Donenfeld <Jason@zx2c4.com>. All Rights Reserved.
[    1.791599][    T1] tun: Universal TUN/TAP device driver, 1.6
[    1.791599][    T1] tun: Universal TUN/TAP device driver, 1.6
[    1.801945][    T1] xhci_hcd 0000:00:0d.0: xHCI Host Controller
[    1.801945][    T1] xhci_hcd 0000:00:0d.0: xHCI Host Controller
[    1.804021][    T1] xhci_hcd 0000:00:0d.0: new USB bus registered, assigned bus number 1
[    1.804021][    T1] xhci_hcd 0000:00:0d.0: new USB bus registered, assigned bus number 1
[    1.809279][    T1] xhci_hcd 0000:00:0d.0: hcc params 0x00087001 hci version 0x100 quirks 0x0000000000000010
[    1.809279][    T1] xhci_hcd 0000:00:0d.0: hcc params 0x00087001 hci version 0x100 quirks 0x0000000000000010
[    1.816779][    T1] xhci_hcd 0000:00:0d.0: xHCI Host Controller
[    1.816779][    T1] xhci_hcd 0000:00:0d.0: xHCI Host Controller
[    1.817359][    T1] xhci_hcd 0000:00:0d.0: new USB bus registered, assigned bus number 2
[    1.817359][    T1] xhci_hcd 0000:00:0d.0: new USB bus registered, assigned bus number 2
[    1.817971][    T1] xhci_hcd 0000:00:0d.0: Host supports USB 3.0 SuperSpeed
[    1.817971][    T1] xhci_hcd 0000:00:0d.0: Host supports USB 3.0 SuperSpeed
[    1.827851][    T1] usb usb1: New USB device found, idVendor=1d6b, idProduct=0002, bcdDevice= 6.08
[    1.827851][    T1] usb usb1: New USB device found, idVendor=1d6b, idProduct=0002, bcdDevice= 6.08
[    1.828627][    T1] usb usb1: New USB device strings: Mfr=3, Product=2, SerialNumber=1
[    1.828627][    T1] usb usb1: New USB device strings: Mfr=3, Product=2, SerialNumber=1
[    1.829185][    T1] usb usb1: Product: xHCI Host Controller
[    1.829185][    T1] usb usb1: Product: xHCI Host Controller
[    1.829586][    T1] usb usb1: Manufacturer: Linux 6.8.0-mainline-ga5ed8b92e9f6-ab11698348 xhci-hcd
[    1.829586][    T1] usb usb1: Manufacturer: Linux 6.8.0-mainline-ga5ed8b92e9f6-ab11698348 xhci-hcd
[    1.830151][    T1] usb usb1: SerialNumber: 0000:00:0d.0
[    1.830151][    T1] usb usb1: SerialNumber: 0000:00:0d.0
[    1.839046][    T1] hub 1-0:1.0: USB hub found
[    1.839046][    T1] hub 1-0:1.0: USB hub found
[    1.840561][    T1] hub 1-0:1.0: 4 ports detected
[    1.840561][    T1] hub 1-0:1.0: 4 ports detected
[    1.864298][    T1] usb usb2: We don't know the algorithms for LPM for this host, disabling LPM.
[    1.864298][    T1] usb usb2: We don't know the algorithms for LPM for this host, disabling LPM.
[    1.873324][    T1] usb usb2: New USB device found, idVendor=1d6b, idProduct=0003, bcdDevice= 6.08
[    1.873324][    T1] usb usb2: New USB device found, idVendor=1d6b, idProduct=0003, bcdDevice= 6.08
[    1.874111][    T1] usb usb2: New USB device strings: Mfr=3, Product=2, SerialNumber=1
[    1.874111][    T1] usb usb2: New USB device strings: Mfr=3, Product=2, SerialNumber=1
[    1.875135][    T1] usb usb2: Product: xHCI Host Controller
[    1.875135][    T1] usb usb2: Product: xHCI Host Controller
[    1.875632][    T1] usb usb2: Manufacturer: Linux 6.8.0-mainline-ga5ed8b92e9f6-ab11698348 xhci-hcd
[    1.875632][    T1] usb usb2: Manufacturer: Linux 6.8.0-mainline-ga5ed8b92e9f6-ab11698348 xhci-hcd
[    1.876307][    T1] usb usb2: SerialNumber: 0000:00:0d.0
[    1.876307][    T1] usb usb2: SerialNumber: 0000:00:0d.0
[    1.887331][    T1] hub 2-0:1.0: USB hub found
[    1.887331][    T1] hub 2-0:1.0: USB hub found
[    1.888940][    T1] hub 2-0:1.0: 4 ports detected
[    1.888940][    T1] hub 2-0:1.0: 4 ports detected
[    1.916004][    T1] usbcore: registered new interface driver uas
[    1.916004][    T1] usbcore: registered new interface driver uas
[    1.917008][    T1] usbcore: registered new interface driver usb-storage
[    1.917008][    T1] usbcore: registered new interface driver usb-storage
[    1.924163][    T1] usbcore: registered new interface driver xpad
[    1.924163][    T1] usbcore: registered new interface driver xpad
[    1.925350][    T1] gspca_main: v2.14.0 registered
[    1.925350][    T1] gspca_main: v2.14.0 registered
[    1.926237][    T1] usbcore: registered new interface driver uvcvideo
[    1.926237][    T1] usbcore: registered new interface driver uvcvideo
[    1.932969][    T1] device-mapper: uevent: version 1.0.3
[    1.932969][    T1] device-mapper: uevent: version 1.0.3
[    1.935485][    T1] device-mapper: ioctl: 4.48.0-ioctl (2023-03-01) initialised: dm-devel@redhat.com
[    1.935485][    T1] device-mapper: ioctl: 4.48.0-ioctl (2023-03-01) initialised: dm-devel@redhat.com
[    1.942309][    T1] sdhci: Secure Digital Host Controller Interface driver
[    1.942309][    T1] sdhci: Secure Digital Host Controller Interface driver
[    1.943324][    T1] sdhci: Copyright(c) Pierre Ossman
[    1.943324][    T1] sdhci: Copyright(c) Pierre Ossman
[    1.943649][    T1] sdhci-pltfm: SDHCI platform and OF driver helper
[    1.943649][    T1] sdhci-pltfm: SDHCI platform and OF driver helper
[    1.945860][    T1] hid: raw HID events driver (C) Jiri Kosina
[    1.945860][    T1] hid: raw HID events driver (C) Jiri Kosina
[    1.957412][    T1] usbcore: registered new interface driver usbhid
[    1.957412][    T1] usbcore: registered new interface driver usbhid
[    1.957884][    T1] usbhid: USB HID core driver
[    1.957884][    T1] usbhid: USB HID core driver
[    1.960507][    T1] ashmem: initialized
[    1.960507][    T1] ashmem: initialized
[    1.963077][    T1] riscv-pmu-sbi: SBI PMU extension is available
[    1.963077][    T1] riscv-pmu-sbi: SBI PMU extension is available
[    1.964804][    T1] riscv-pmu-sbi: 16 firmware and 18 hardware counters
[    1.964804][    T1] riscv-pmu-sbi: 16 firmware and 18 hardware counters
[    1.965369][    T1] riscv-pmu-sbi: Perf sampling/filtering is not supported as sscof extension is not available
[    1.965369][    T1] riscv-pmu-sbi: Perf sampling/filtering is not supported as sscof extension is not available
[    1.981617][    T1] gnss: GNSS driver registered with major 511
[    1.981617][    T1] gnss: GNSS driver registered with major 511
[    1.991859][    T1] usbcore: registered new interface driver snd-usb-audio
[    1.991859][    T1] usbcore: registered new interface driver snd-usb-audio
[    1.997649][    T1] GACT probability NOT on
[    1.997649][    T1] GACT probability NOT on
[    1.998425][    T1] Mirror/redirect action on
[    1.998425][    T1] Mirror/redirect action on
[    1.999848][    T1] netem: version 1.3
[    1.999848][    T1] netem: version 1.3
[    2.000547][    T1] u32 classifier
[    2.000547][    T1] u32 classifier
[    2.000804][    T1]     input device check on
[    2.000804][    T1]     input device check on
[    2.001091][    T1]     Actions configured
[    2.001091][    T1]     Actions configured
[    2.024675][    T1] xt_time: kernel timezone is -0000
[    2.024675][    T1] xt_time: kernel timezone is -0000
[    2.025769][    T1] ipip: IPv4 and MPLS over IPv4 tunneling driver
[    2.025769][    T1] ipip: IPv4 and MPLS over IPv4 tunneling driver
[    2.034898][    T1] gre: GRE over IPv4 demultiplexor driver
[    2.034898][    T1] gre: GRE over IPv4 demultiplexor driver
[    2.035391][    T1] ip_gre: GRE over IPv4 tunneling driver
[    2.035391][    T1] ip_gre: GRE over IPv4 tunneling driver
[    2.051259][    T1] IPv4 over IPsec tunneling driver
[    2.051259][    T1] IPv4 over IPsec tunneling driver
[    2.062084][    T1] Initializing XFRM netlink socket
[    2.062084][    T1] Initializing XFRM netlink socket
[    2.063096][    T1] IPsec XFRM device driver
[    2.063096][    T1] IPsec XFRM device driver
[    2.068294][    T1] NET: Registered PF_INET6 protocol family
[    2.068294][    T1] NET: Registered PF_INET6 protocol family
[    2.100825][    T1] Segment Routing with IPv6
[    2.100825][    T1] Segment Routing with IPv6
[    2.101549][    T1] In-situ OAM (IOAM) with IPv6
[    2.101549][    T1] In-situ OAM (IOAM) with IPv6
[    2.104072][    T1] mip6: Mobile IPv6
[    2.104072][    T1] mip6: Mobile IPv6
[    2.111501][    T1] sit: IPv6, IPv4 and MPLS over IPv4 tunneling driver
[    2.111501][    T1] sit: IPv6, IPv4 and MPLS over IPv4 tunneling driver
[    2.121140][    T1] ip6_gre: GRE over IPv6 tunneling driver
[    2.121140][    T1] ip6_gre: GRE over IPv6 tunneling driver
[    2.127582][    T1] NET: Registered PF_PACKET protocol family
[    2.127582][    T1] NET: Registered PF_PACKET protocol family
[    2.128607][    T1] NET: Registered PF_KEY protocol family
[    2.128607][    T1] NET: Registered PF_KEY protocol family
[    2.131211][    T1] NET: Registered PF_VSOCK protocol family
[    2.131211][    T1] NET: Registered PF_VSOCK protocol family
[    2.215425][    T1] registered taskstats version 1
[    2.215425][    T1] registered taskstats version 1
[    2.218156][    T1] Loading compiled-in X.509 certificates
[    2.218156][    T1] Loading compiled-in X.509 certificates
[    2.244458][   T80] cryptomgr_probe (80) used greatest stack depth: 13696 bytes left
[    2.244458][   T80] cryptomgr_probe (80) used greatest stack depth: 13696 bytes left
[    2.248581][    T1] Loaded X.509 cert 'Build time autogenerated kernel key: bdf8ec0d84c4fbd04a7b5dd830510f3a9d68fa45'
[    2.248581][    T1] Loaded X.509 cert 'Build time autogenerated kernel key: bdf8ec0d84c4fbd04a7b5dd830510f3a9d68fa45'
[    2.268454][    C4] cryptomgr_probe (80): highest shadow stack usage: 184 bytes
[    2.268454][    C4] cryptomgr_probe (80): highest shadow stack usage: 184 bytes
[    2.464139][    T1] page_owner is disabled
[    2.464139][    T1] page_owner is disabled
[    2.466251][    T1] Key type .fscrypt registered
[    2.466251][    T1] Key type .fscrypt registered
[    2.466931][    T1] Key type fscrypt-provisioning registered
[    2.466931][    T1] Key type fscrypt-provisioning registered
[    2.498269][    T1] clk: Disabling unused clocks
[    2.498269][    T1] clk: Disabling unused clocks
[    2.500238][    T1] ALSA device list:
[    2.500238][    T1] ALSA device list:
[    2.501670][    T1]   No soundcards found.
[    2.501670][    T1]   No soundcards found.
[    2.764827][   T10] Freeing initrd memory: 20668K
[    2.764827][   T10] Freeing initrd memory: 20668K
[    3.028908][    T1] Freeing unused kernel image (initmem) memory: 5224K
[    3.028908][    T1] Freeing unused kernel image (initmem) memory: 5224K
[    3.032393][    T1] Run /init as init process
[    3.032393][    T1] Run /init as init process
[    4.212017][    T1] init: init first stage started!
[    4.212017][    T1] init: init first stage started!
[    4.296790][    T1] init: Loading module /lib/modules/failover.ko with args ''
[    4.296790][    T1] init: Loading module /lib/modules/failover.ko with args ''
[    4.312213][    T1] failover: module verification failed: signature and/or required key missing - tainting kernel
[    4.312213][    T1] failover: module verification failed: signature and/or required key missing - tainting kernel
[    4.384737][    T1] init: Loaded kernel module /lib/modules/failover.ko
[    4.384737][    T1] init: Loaded kernel module /lib/modules/failover.ko
[    4.388499][    T1] init: Loading module /lib/modules/nd_virtio.ko with args ''
[    4.388499][    T1] init: Loading module /lib/modules/nd_virtio.ko with args ''
[    4.449015][    T1] init: Loaded kernel module /lib/modules/nd_virtio.ko
[    4.449015][    T1] init: Loaded kernel module /lib/modules/nd_virtio.ko
[    4.451614][    T1] init: Loading module /lib/modules/net_failover.ko with args ''
[    4.451614][    T1] init: Loading module /lib/modules/net_failover.ko with args ''
[    4.524269][    T1] init: Loaded kernel module /lib/modules/net_failover.ko
[    4.524269][    T1] init: Loaded kernel module /lib/modules/net_failover.ko
[    4.525859][    T1] init: Loading module /lib/modules/virtio_dma_buf.ko with args ''
[    4.525859][    T1] init: Loading module /lib/modules/virtio_dma_buf.ko with args ''
[    4.600817][    T1] init: Loaded kernel module /lib/modules/virtio_dma_buf.ko
[    4.600817][    T1] init: Loaded kernel module /lib/modules/virtio_dma_buf.ko
[    4.602231][    T1] init: Loading module /lib/modules/virtio-gpu.ko with args ''
[    4.602231][    T1] init: Loading module /lib/modules/virtio-gpu.ko with args ''
[    4.727241][    T1] init: Loaded kernel module /lib/modules/virtio-gpu.ko
[    4.727241][    T1] init: Loaded kernel module /lib/modules/virtio-gpu.ko
[    4.728750][    T1] init: Loading module /lib/modules/virtio_input.ko with args ''
[    4.728750][    T1] init: Loading module /lib/modules/virtio_input.ko with args ''
[    4.791720][    T1] init: Loaded kernel module /lib/modules/virtio_input.ko
[    4.791720][    T1] init: Loaded kernel module /lib/modules/virtio_input.ko
[    4.796856][    T1] init: Loading module /lib/modules/virtio_net.ko with args ''
[    4.796856][    T1] init: Loading module /lib/modules/virtio_net.ko with args ''
[    4.899889][    T1] init: Loaded kernel module /lib/modules/virtio_net.ko
[    4.899889][    T1] init: Loaded kernel module /lib/modules/virtio_net.ko
[    4.901988][    T1] init: Loading module /lib/modules/virtio-rng.ko with args ''
[    4.901988][    T1] init: Loading module /lib/modules/virtio-rng.ko with args ''
[    4.970423][    T1] init: Loaded kernel module /lib/modules/virtio-rng.ko
[    4.970423][    T1] init: Loaded kernel module /lib/modules/virtio-rng.ko
[    4.972864][    T1] init: Loading module /lib/modules/rfkill.ko with args ''
[    4.972864][    T1] init: Loading module /lib/modules/rfkill.ko with args ''
[    5.084497][    T1] init: Loaded kernel module /lib/modules/rfkill.ko
[    5.084497][    T1] init: Loaded kernel module /lib/modules/rfkill.ko
[    5.087634][    T1] init: Loading module /lib/modules/cfg80211.ko with args ''
[    5.087634][    T1] init: Loading module /lib/modules/cfg80211.ko with args ''
[    5.685892][    T1] cfg80211: Loading compiled-in X.509 certificates for regulatory database
[    5.685892][    T1] cfg80211: Loading compiled-in X.509 certificates for regulatory database
[    5.702133][    T1] Loaded X.509 cert 'sforshee: 00b28ddf47aef9cea7'
[    5.702133][    T1] Loaded X.509 cert 'sforshee: 00b28ddf47aef9cea7'
[    5.709786][    T1] Loaded X.509 cert 'wens: 61c038651aabdcf94bd0ac7ff06c7248db18c600'
[    5.709786][    T1] Loaded X.509 cert 'wens: 61c038651aabdcf94bd0ac7ff06c7248db18c600'
[    5.720671][   T59] platform regulatory.0: Direct firmware load for regulatory.db failed with error -2
[    5.720671][   T59] platform regulatory.0: Direct firmware load for regulatory.db failed with error -2
[    5.722279][   T59] cfg80211: failed to load regulatory.db
[    5.722279][   T59] cfg80211: failed to load regulatory.db
[    5.756958][    T1] init: Loaded kernel module /lib/modules/cfg80211.ko
[    5.756958][    T1] init: Loaded kernel module /lib/modules/cfg80211.ko
[    5.765376][    T1] init: Loading module /lib/modules/libarc4.ko with args ''
[    5.765376][    T1] init: Loading module /lib/modules/libarc4.ko with args ''
[    5.843781][    T1] init: Loaded kernel module /lib/modules/libarc4.ko
[    5.843781][    T1] init: Loaded kernel module /lib/modules/libarc4.ko
[    5.846233][    T1] init: Loading module /lib/modules/mac80211.ko with args ''
[    5.846233][    T1] init: Loading module /lib/modules/mac80211.ko with args ''
[    6.805407][    T1] init: Loaded kernel module /lib/modules/mac80211.ko
[    6.805407][    T1] init: Loaded kernel module /lib/modules/mac80211.ko
[    6.807008][    T1] init: Loading module /lib/modules/mac80211_hwsim.ko with args 'radios=0'
[    6.807008][    T1] init: Loading module /lib/modules/mac80211_hwsim.ko with args 'radios=0'
[    6.893680][    T1] mac80211_hwsim: initializing netlink
[    6.893680][    T1] mac80211_hwsim: initializing netlink
[    6.935726][    T1] init: Loaded kernel module /lib/modules/mac80211_hwsim.ko
[    6.935726][    T1] init: Loaded kernel module /lib/modules/mac80211_hwsim.ko
[    6.937385][    T1] init: Loading module /lib/modules/virtio_blk.ko with args ''
[    6.937385][    T1] init: Loading module /lib/modules/virtio_blk.ko with args ''
[    7.001876][    T1] init: Loaded kernel module /lib/modules/virtio_blk.ko
[    7.001876][    T1] init: Loaded kernel module /lib/modules/virtio_blk.ko
[    7.004156][    T1] init: Loading module /lib/modules/virtio_console.ko with args ''
[    7.004156][    T1] init: Loading module /lib/modules/virtio_console.ko with args ''
[    7.077010][    T1] init: Loaded kernel module /lib/modules/virtio_console.ko
[    7.077010][    T1] init: Loaded kernel module /lib/modules/virtio_console.ko
[    7.078889][    T1] init: Loading module /lib/modules/virtio_pci_modern_dev.ko with args ''
[    7.078889][    T1] init: Loading module /lib/modules/virtio_pci_modern_dev.ko with args ''
[    7.127411][    T1] init: Loaded kernel module /lib/modules/virtio_pci_modern_dev.ko
[    7.127411][    T1] init: Loaded kernel module /lib/modules/virtio_pci_modern_dev.ko
[    7.128721][    T1] init: Loading module /lib/modules/virtio_pci_legacy_dev.ko with args ''
[    7.128721][    T1] init: Loading module /lib/modules/virtio_pci_legacy_dev.ko with args ''
[    7.171816][    T1] init: Loaded kernel module /lib/modules/virtio_pci_legacy_dev.ko
[    7.171816][    T1] init: Loaded kernel module /lib/modules/virtio_pci_legacy_dev.ko
[    7.173349][    T1] init: Loading module /lib/modules/virtio_pci.ko with args ''
[    7.173349][    T1] init: Loading module /lib/modules/virtio_pci.ko with args ''
[    7.285004][    T1] [drm] pci: virtio-gpu-pci detected at 0000:00:02.0
[    7.285004][    T1] [drm] pci: virtio-gpu-pci detected at 0000:00:02.0
[    7.287305][    T1] [drm] features: -virgl +edid -resource_blob -host_visible
[    7.287305][    T1] [drm] features: -virgl +edid -resource_blob -host_visible
[    7.287476][    T1] [drm] features: -context_init
[    7.287476][    T1] [drm] features: -context_init
[    7.294501][    T1] [drm] number of scanouts: 1
[    7.294501][    T1] [drm] number of scanouts: 1
[    7.299320][    T1] [drm] number of cap sets: 0
[    7.299320][    T1] [drm] number of cap sets: 0
[    7.475214][    T1] [drm] Initialized virtio_gpu 0.1.0 0 for 0000:00:02.0 on minor 0
[    7.475214][    T1] [drm] Initialized virtio_gpu 0.1.0 0 for 0000:00:02.0 on minor 0
[    7.500732][    T7] printk: legacy console [hvc0] enabled
[    7.500732][    T7] printk: legacy console [hvc0] enabled
[    7.502037][    T7] printk: legacy bootconsole [ns16550a0] disabled
[    7.502037][    T7] printk: legacy bootconsole [ns16550a0] disabled
[    7.512544][    T1] virtio_blk virtio2: 6/0/0 default/read/poll queues
[    7.512544][    T1] virtio_blk virtio2: 6/0/0 default/read/poll queues
[    7.534288][    T1] virtio_blk virtio2: [vda] 34245760 512-byte logical blocks (17.5 GB/16.3 GiB)
[    7.534288][    T1] virtio_blk virtio2: [vda] 34245760 512-byte logical blocks (17.5 GB/16.3 GiB)
[    7.591784][    T1]  vda: vda1 vda2 vda3 vda4 vda5 vda6 vda7 vda8 vda9 vda10 vda11 vda12 vda13 vda14 vda15 vda16 vda17 vda18
[    7.591784][    T1]  vda: vda1 vda2 vda3 vda4 vda5 vda6 vda7 vda8 vda9 vda10 vda11 vda12 vda13 vda14 vda15 vda16 vda17 vda18
[    7.640920][    T1] virtio_blk virtio3: 6/0/0 default/read/poll queues
[    7.640920][    T1] virtio_blk virtio3: 6/0/0 default/read/poll queues
[    7.652484][    T1] virtio_blk virtio3: [vdb] 2560 512-byte logical blocks (1.31 MB/1.25 MiB)
[    7.652484][    T1] virtio_blk virtio3: [vdb] 2560 512-byte logical blocks (1.31 MB/1.25 MiB)
[    7.682783][    T1]  vdb: vdb1 vdb2 vdb3 vdb4
[    7.682783][    T1]  vdb: vdb1 vdb2 vdb3 vdb4
[    7.729398][    T1] input: QEMU Virtio Mouse as /devices/platform/soc/30000000.pci/pci0000:00/0000:00:06.0/virtio5/input/input0
[    7.729398][    T1] input: QEMU Virtio Mouse as /devices/platform/soc/30000000.pci/pci0000:00/0000:00:06.0/virtio5/input/input0
[    7.747596][    T1] input: QEMU Virtio Keyboard as /devices/platform/soc/30000000.pci/pci0000:00/0000:00:07.0/virtio6/input/input1
[    7.747596][    T1] input: QEMU Virtio Keyboard as /devices/platform/soc/30000000.pci/pci0000:00/0000:00:07.0/virtio6/input/input1
[    7.770129][    T1] input: Cuttlefish Vhost User Switches 0 as /devices/platform/soc/30000000.pci/pci0000:00/0000:00:08.0/virtio7/input/input2
[    7.770129][    T1] input: Cuttlefish Vhost User Switches 0 as /devices/platform/soc/30000000.pci/pci0000:00/0000:00:08.0/virtio7/input/input2
[    7.782251][    T1] input: Cuttlefish Vhost User Rotary 0 as /devices/platform/soc/30000000.pci/pci0000:00/0000:00:09.0/virtio8/input/input3
[    7.782251][    T1] input: Cuttlefish Vhost User Rotary 0 as /devices/platform/soc/30000000.pci/pci0000:00/0000:00:09.0/virtio8/input/input3
[    7.825040][    T1] init: Loaded kernel module /lib/modules/virtio_pci.ko
[    7.825040][    T1] init: Loaded kernel module /lib/modules/virtio_pci.ko
[    7.827777][    T1] init: Loading module /lib/modules/vmw_vsock_virtio_transport.ko with args ''
[    7.827777][    T1] init: Loading module /lib/modules/vmw_vsock_virtio_transport.ko with args ''
[    7.914972][    T1] init: Loaded kernel module /lib/modules/vmw_vsock_virtio_transport.ko
[    7.914972][    T1] init: Loaded kernel module /lib/modules/vmw_vsock_virtio_transport.ko
[    7.958897][    T1] init: Loaded 19 modules from /lib/modules
[    7.958897][    T1] init: Loaded 19 modules from /lib/modules
[    7.976885][    T1] init: Loaded 19 kernel modules took 3736 ms
[    7.976885][    T1] init: Loaded 19 kernel modules took 3736 ms
[    8.049024][    T1] init: Copied ramdisk prop to /second_stage_resources/system/etc/ramdisk/build.prop
[    8.049024][    T1] init: Copied ramdisk prop to /second_stage_resources/system/etc/ramdisk/build.prop
[    8.056004][    T1] init: Using generic ramdisk copy of snapuserd /system/bin/snapuserd_ramdisk
[    8.056004][    T1] init: Using generic ramdisk copy of snapuserd /system/bin/snapuserd_ramdisk
[    8.060857][    T1] init: hard linking /system/bin/snapuserd_ramdisk to /first_stage_ramdisk/system/bin/snapuserd succeeded
[    8.060857][    T1] init: hard linking /system/bin/snapuserd_ramdisk to /first_stage_ramdisk/system/bin/snapuserd succeeded
[    8.077946][    T1] init: Switching root to '/first_stage_ramdisk'
[    8.077946][    T1] init: Switching root to '/first_stage_ramdisk'
[    8.103936][    T1] init: [libfstab] Using Android DT directory /proc/device-tree/firmware/android/
[    8.103936][    T1] init: [libfstab] Using Android DT directory /proc/device-tree/firmware/android/
[    8.110288][    T1] init: [libfstab] ReadFstabFromDt(): failed to read fstab from dt
[    8.110288][    T1] init: [libfstab] ReadFstabFromDt(): failed to read fstab from dt
[    8.882346][    T1] init: [libfs_mgr] Invalid ext4 superblock on '/dev/block/by-name/metadata'
[    8.882346][    T1] init: [libfs_mgr] Invalid ext4 superblock on '/dev/block/by-name/metadata'
[    8.896086][    T1] init: [libfs_mgr] Invalid ext4 superblock on '/dev/block/by-name/metadata'
[    8.896086][    T1] init: [libfs_mgr] Invalid ext4 superblock on '/dev/block/by-name/metadata'
[    9.140884][    T1] init: [libfs_mgr] Created logical partition product_a on device /dev/block/dm-0
[    9.140884][    T1] init: [libfs_mgr] Created logical partition product_a on device /dev/block/dm-0
[    9.145358][    T1] init: [libfs_mgr] Skipping zero-length logical partition: product_b
[    9.145358][    T1] init: [libfs_mgr] Skipping zero-length logical partition: product_b
[    9.179811][    T1] init: [libfs_mgr] Created logical partition system_a on device /dev/block/dm-1
[    9.179811][    T1] init: [libfs_mgr] Created logical partition system_a on device /dev/block/dm-1
[    9.221506][    T1] init: [libfs_mgr] Created logical partition system_b on device /dev/block/dm-2
[    9.221506][    T1] init: [libfs_mgr] Created logical partition system_b on device /dev/block/dm-2
[    9.263053][    T1] init: [libfs_mgr] Created logical partition system_ext_a on device /dev/block/dm-3
[    9.263053][    T1] init: [libfs_mgr] Created logical partition system_ext_a on device /dev/block/dm-3
[    9.273618][    T1] init: [libfs_mgr] Skipping zero-length logical partition: system_ext_b
[    9.273618][    T1] init: [libfs_mgr] Skipping zero-length logical partition: system_ext_b
[    9.335702][    T1] init: [libfs_mgr] Created logical partition system_dlkm_a on device /dev/block/dm-4
[    9.335702][    T1] init: [libfs_mgr] Created logical partition system_dlkm_a on device /dev/block/dm-4
[    9.337413][    T1] init: [libfs_mgr] Skipping zero-length logical partition: system_dlkm_b
[    9.337413][    T1] init: [libfs_mgr] Skipping zero-length logical partition: system_dlkm_b
[    9.387959][    T1] init: [libfs_mgr] Created logical partition odm_a on device /dev/block/dm-5
[    9.387959][    T1] init: [libfs_mgr] Created logical partition odm_a on device /dev/block/dm-5
[    9.392164][    T1] init: [libfs_mgr] Skipping zero-length logical partition: odm_b
[    9.392164][    T1] init: [libfs_mgr] Skipping zero-length logical partition: odm_b
[    9.427646][    T1] init: [libfs_mgr] Created logical partition vendor_a on device /dev/block/dm-6
[    9.427646][    T1] init: [libfs_mgr] Created logical partition vendor_a on device /dev/block/dm-6
[    9.442879][    T1] init: [libfs_mgr] Skipping zero-length logical partition: vendor_b
[    9.442879][    T1] init: [libfs_mgr] Skipping zero-length logical partition: vendor_b
[    9.483819][    T1] init: [libfs_mgr] Created logical partition vendor_dlkm_a on device /dev/block/dm-7
[    9.483819][    T1] init: [libfs_mgr] Created logical partition vendor_dlkm_a on device /dev/block/dm-7
[    9.485120][    T1] init: [libfs_mgr] Skipping zero-length logical partition: vendor_dlkm_b
[    9.485120][    T1] init: [libfs_mgr] Skipping zero-length logical partition: vendor_dlkm_b
[    9.523131][    T1] init: [libfs_mgr] Created logical partition odm_dlkm_a on device /dev/block/dm-8
[    9.523131][    T1] init: [libfs_mgr] Created logical partition odm_dlkm_a on device /dev/block/dm-8
[    9.534249][    T1] init: [libfs_mgr] Skipping zero-length logical partition: odm_dlkm_b
[    9.534249][    T1] init: [libfs_mgr] Skipping zero-length logical partition: odm_dlkm_b
[    9.545801][    T1] init: DSU not detected, proceeding with normal boot
[    9.545801][    T1] init: DSU not detected, proceeding with normal boot
[    9.716614][    T1] init: [libfs_avb] Invalid hash size: 
[    9.716614][    T1] init: [libfs_avb] Invalid hash size: 
[    9.723769][    T1] init: [libfs_avb] Failed to verify vbmeta digest
[    9.723769][    T1] init: [libfs_avb] Failed to verify vbmeta digest
[    9.725157][    T1] init: [libfs_avb] Returning avb_handle with status: VerificationDisabled
[    9.725157][    T1] init: [libfs_avb] Returning avb_handle with status: VerificationDisabled
[    9.727546][    T1] init: Top-level vbmeta is disabled, skip Hashtree setup for /system
[    9.727546][    T1] init: Top-level vbmeta is disabled, skip Hashtree setup for /system
[    9.861557][    T1] erofs: (device dm-1): mounted with root inode @ nid 55.
[    9.861557][    T1] erofs: (device dm-1): mounted with root inode @ nid 55.
[    9.892577][    T1] init: [libfs_mgr] __mount(source=/dev/block/dm-1,target=/system,type=erofs)=0: Success
[    9.892577][    T1] init: [libfs_mgr] __mount(source=/dev/block/dm-1,target=/system,type=erofs)=0: Success
[    9.926376][    T1] init: Switching root to '/system'
[    9.926376][    T1] init: Switching root to '/system'
[   10.032476][    T1] init: [libfs_avb] AVB HASHTREE disabled on: /odm
[   10.032476][    T1] init: [libfs_avb] AVB HASHTREE disabled on: /odm
[   10.057672][    T1] erofs: (device dm-5): mounted with root inode @ nid 38.
[   10.057672][    T1] erofs: (device dm-5): mounted with root inode @ nid 38.
[   10.064086][    T1] init: [libfs_mgr] __mount(source=/dev/block/dm-5,target=/odm,type=erofs)=0: Success
[   10.064086][    T1] init: [libfs_mgr] __mount(source=/dev/block/dm-5,target=/odm,type=erofs)=0: Success
[   10.093578][    T1] init: [libfs_avb] AVB HASHTREE disabled on: /product
[   10.093578][    T1] init: [libfs_avb] AVB HASHTREE disabled on: /product
[   10.104830][    T1] erofs: (device dm-0): mounted with root inode @ nid 40.
[   10.104830][    T1] erofs: (device dm-0): mounted with root inode @ nid 40.
[   10.114709][    T1] init: [libfs_mgr] __mount(source=/dev/block/dm-0,target=/product,type=erofs)=0: Success
[   10.114709][    T1] init: [libfs_mgr] __mount(source=/dev/block/dm-0,target=/product,type=erofs)=0: Success
[   10.149920][    T1] init: [libfs_avb] AVB HASHTREE disabled on: /system_ext
[   10.149920][    T1] init: [libfs_avb] AVB HASHTREE disabled on: /system_ext
[   10.165659][    T1] erofs: (device dm-3): mounted with root inode @ nid 39.
[   10.165659][    T1] erofs: (device dm-3): mounted with root inode @ nid 39.
[   10.171553][    T1] init: [libfs_mgr] __mount(source=/dev/block/dm-3,target=/system_ext,type=erofs)=0: Success
[   10.171553][    T1] init: [libfs_mgr] __mount(source=/dev/block/dm-3,target=/system_ext,type=erofs)=0: Success
[   10.188443][    T1] init: [libfs_avb] AVB HASHTREE disabled on: /vendor
[   10.188443][    T1] init: [libfs_avb] AVB HASHTREE disabled on: /vendor
[   10.202526][    T1] erofs: (device dm-6): erofs_read_superblock: cannot find valid erofs superblock
[   10.202526][    T1] erofs: (device dm-6): erofs_read_superblock: cannot find valid erofs superblock
[   10.222044][    T1] init: [libfs_mgr] __mount(source=/dev/block/dm-6,target=/vendor,type=erofs)=-1: Invalid argument
[   10.222044][    T1] init: [libfs_mgr] __mount(source=/dev/block/dm-6,target=/vendor,type=erofs)=-1: Invalid argument
[   10.238127][    T1] init: [libfs_mgr] superblock s_max_mnt_count:65535,/dev/block/dm-6
[   10.238127][    T1] init: [libfs_mgr] superblock s_max_mnt_count:65535,/dev/block/dm-6
[   10.388776][    T1] EXT4-fs (dm-6): mounted filesystem 15398d12-7f80-5a4c-b5c2-df6cfc034b6b ro without journal. Quota mode: none.
[   10.388776][    T1] EXT4-fs (dm-6): mounted filesystem 15398d12-7f80-5a4c-b5c2-df6cfc034b6b ro without journal. Quota mode: none.
[   10.391071][    T1] init: [libfs_mgr] __mount(source=/dev/block/dm-6,target=/vendor,type=ext4)=0: Success
[   10.391071][    T1] init: [libfs_mgr] __mount(source=/dev/block/dm-6,target=/vendor,type=ext4)=0: Success
[   10.409752][    T1] init: [libfs_avb] AVB HASHTREE disabled on: /vendor_dlkm
[   10.409752][    T1] init: [libfs_avb] AVB HASHTREE disabled on: /vendor_dlkm
[   10.418058][    T1] erofs: (device dm-7): mounted with root inode @ nid 39.
[   10.418058][    T1] erofs: (device dm-7): mounted with root inode @ nid 39.
[   10.429083][    T1] init: [libfs_mgr] __mount(source=/dev/block/dm-7,target=/vendor_dlkm,type=erofs)=0: Success
[   10.429083][    T1] init: [libfs_mgr] __mount(source=/dev/block/dm-7,target=/vendor_dlkm,type=erofs)=0: Success
[   10.439761][    T1] init: [libfs_avb] AVB HASHTREE disabled on: /odm_dlkm
[   10.439761][    T1] init: [libfs_avb] AVB HASHTREE disabled on: /odm_dlkm
[   10.447780][    T1] erofs: (device dm-8): mounted with root inode @ nid 38.
[   10.447780][    T1] erofs: (device dm-8): mounted with root inode @ nid 38.
[   10.449478][    T1] init: [libfs_mgr] __mount(source=/dev/block/dm-8,target=/odm_dlkm,type=erofs)=0: Success
[   10.449478][    T1] init: [libfs_mgr] __mount(source=/dev/block/dm-8,target=/odm_dlkm,type=erofs)=0: Success
[   10.476828][    T1] init: Top-level vbmeta is disabled, skip Hashtree setup for /system_dlkm
[   10.476828][    T1] init: Top-level vbmeta is disabled, skip Hashtree setup for /system_dlkm
[   10.491070][    T1] erofs: (device dm-4): mounted with root inode @ nid 38.
[   10.491070][    T1] erofs: (device dm-4): mounted with root inode @ nid 38.
[   10.492706][    T1] init: [libfs_mgr] __mount(source=/dev/block/dm-4,target=/system_dlkm,type=erofs)=0: Success
[   10.492706][    T1] init: [libfs_mgr] __mount(source=/dev/block/dm-4,target=/system_dlkm,type=erofs)=0: Success
[   11.359136][    T1] init: Skipped setting INIT_AVB_VERSION (not in recovery mode)
[   11.359136][    T1] init: Skipped setting INIT_AVB_VERSION (not in recovery mode)
[   15.328028][    T1] init: [libfstab] Using Android DT directory /proc/device-tree/firmware/android/
[   15.328028][    T1] init: [libfstab] Using Android DT directory /proc/device-tree/firmware/android/
[   15.516053][    T1] init: Opening SELinux policy
[   15.516053][    T1] init: Opening SELinux policy
[   15.772375][    T1] init: Loading SELinux policy
[   15.772375][    T1] init: Loading SELinux policy
[   16.140702][    T1] SELinux:  policy capability network_peer_controls=1
[   16.140702][    T1] SELinux:  policy capability network_peer_controls=1
[   16.148729][    T1] SELinux:  policy capability open_perms=1
[   16.148729][    T1] SELinux:  policy capability open_perms=1
[   16.153576][    T1] SELinux:  policy capability extended_socket_class=1
[   16.153576][    T1] SELinux:  policy capability extended_socket_class=1
[   16.157826][    T1] SELinux:  policy capability always_check_network=0
[   16.157826][    T1] SELinux:  policy capability always_check_network=0
[   16.158251][    T1] SELinux:  policy capability cgroup_seclabel=0
[   16.158251][    T1] SELinux:  policy capability cgroup_seclabel=0
[   16.159276][    T1] SELinux:  policy capability nnp_nosuid_transition=1
[   16.159276][    T1] SELinux:  policy capability nnp_nosuid_transition=1
[   16.168486][    T1] SELinux:  policy capability genfs_seclabel_symlinks=0
[   16.168486][    T1] SELinux:  policy capability genfs_seclabel_symlinks=0
[   16.168883][    T1] SELinux:  policy capability ioctl_skip_cloexec=0
[   16.168883][    T1] SELinux:  policy capability ioctl_skip_cloexec=0
[   16.169249][    T1] SELinux:  policy capability userspace_initial_context=0
[   16.169249][    T1] SELinux:  policy capability userspace_initial_context=0
[   16.172677][    T1] SELinux:  unknown policy capability 12
[   16.172677][    T1] SELinux:  unknown policy capability 12
[   16.364745][   T48] audit: type=1403 audit(15.616:2): auid=4294967295 ses=4294967295 lsm=selinux res=1
[   16.364745][   T48] audit: type=1403 audit(15.616:2): auid=4294967295 ses=4294967295 lsm=selinux res=1
[   16.377132][   T48] audit: type=1300 audit(15.616:2): arch=c00000f3 syscall=64 success=yes exit=826569 a0=4 a1=7fff808a5330 a2=c9cc9 a3=ffffffffffffffff items=0 ppid=0 pid=1 auid=4294967295 uid=0 gid=0 euid=0 suid=0 fsuid=0 egid=0 sgid=0 fsgid=0 tty=(none) ses=4294967295 comm="init" exe="/system/bin/init" subj=u:r:kernel:s0 key=(null)
[   16.377132][   T48] audit: type=1300 audit(15.616:2): arch=c00000f3 syscall=64 success=yes exit=826569 a0=4 a1=7fff808a5330 a2=c9cc9 a3=ffffffffffffffff items=0 ppid=0 pid=1 auid=4294967295 uid=0 gid=0 euid=0 suid=0 fsuid=0 egid=0 sgid=0 fsgid=0 tty=(none) ses=4294967295 comm="init" exe="/system/bin/init" subj=u:r:kernel:s0 key=(null)
[   16.378338][   T48] audit: type=1327 audit(15.616:2): proctitle=2F73797374656D2F62696E2F696E69740073656C696E75785F7365747570
[   16.378338][   T48] audit: type=1327 audit(15.616:2): proctitle=2F73797374656D2F62696E2F696E69740073656C696E75785F7365747570
[   16.389610][   T48] audit: type=1404 audit(16.228:3): enforcing=1 old_enforcing=0 auid=4294967295 ses=4294967295 enabled=1 old-enabled=1 lsm=selinux res=1
[   16.389610][   T48] audit: type=1404 audit(16.228:3): enforcing=1 old_enforcing=0 auid=4294967295 ses=4294967295 enabled=1 old-enabled=1 lsm=selinux res=1
[   16.413625][   T48] audit: type=1300 audit(16.228:3): arch=c00000f3 syscall=64 success=yes exit=1 a0=4 a1=7ffff57ff878 a2=1 a3=14 items=0 ppid=0 pid=1 auid=4294967295 uid=0 gid=0 euid=0 suid=0 fsuid=0 egid=0 sgid=0 fsgid=0 tty=(none) ses=4294967295 comm="init" exe="/system/bin/init" subj=u:r:kernel:s0 key=(null)
[   16.413625][   T48] audit: type=1300 audit(16.228:3): arch=c00000f3 syscall=64 success=yes exit=1 a0=4 a1=7ffff57ff878 a2=1 a3=14 items=0 ppid=0 pid=1 auid=4294967295 uid=0 gid=0 euid=0 suid=0 fsuid=0 egid=0 sgid=0 fsgid=0 tty=(none) ses=4294967295 comm="init" exe="/system/bin/init" subj=u:r:kernel:s0 key=(null)
[   16.429961][   T48] audit: type=1327 audit(16.228:3): proctitle=2F73797374656D2F62696E2F696E69740073656C696E75785F7365747570
[   16.429961][   T48] audit: type=1327 audit(16.228:3): proctitle=2F73797374656D2F62696E2F696E69740073656C696E75785F7365747570
[   16.599480][    T1] selinux: SELinux: Loaded file context from:
[   16.599480][    T1] selinux: SELinux: Loaded file context from:
[   16.600302][    T1] selinux: 		/system/etc/selinux/plat_file_contexts
[   16.600302][    T1] selinux: 		/system/etc/selinux/plat_file_contexts
[   16.600786][    T1] selinux: 		/system_ext/etc/selinux/system_ext_file_contexts
[   16.600786][    T1] selinux: 		/system_ext/etc/selinux/system_ext_file_contexts
[   16.601258][    T1] selinux: 		/product/etc/selinux/product_file_contexts
[   16.601258][    T1] selinux: 		/product/etc/selinux/product_file_contexts
[   16.603935][    T1] selinux: 		/vendor/etc/selinux/vendor_file_contexts
[   16.603935][    T1] selinux: 		/vendor/etc/selinux/vendor_file_contexts
[   16.604533][    T1] selinux: 		/odm/etc/selinux/odm_file_contexts
[   16.604533][    T1] selinux: 		/odm/etc/selinux/odm_file_contexts
[   17.739558][    T1] init: init second stage started!
[   17.739558][    T1] init: init second stage started!
[   18.344691][    T1] selinux: SELinux: Loaded file context from:
[   18.344691][    T1] selinux: SELinux: Loaded file context from:
[   18.345426][    T1] selinux: 		/system/etc/selinux/plat_file_contexts
[   18.345426][    T1] selinux: 		/system/etc/selinux/plat_file_contexts
[   18.350175][    T1] selinux: 		/system_ext/etc/selinux/system_ext_file_contexts
[   18.350175][    T1] selinux: 		/system_ext/etc/selinux/system_ext_file_contexts
[   18.355558][    T1] selinux: 		/product/etc/selinux/product_file_contexts
[   18.355558][    T1] selinux: 		/product/etc/selinux/product_file_contexts
[   18.356420][    T1] selinux: 		/vendor/etc/selinux/vendor_file_contexts
[   18.356420][    T1] selinux: 		/vendor/etc/selinux/vendor_file_contexts
[   18.356948][    T1] selinux: 		/odm/etc/selinux/odm_file_contexts
[   18.356948][    T1] selinux: 		/odm/etc/selinux/odm_file_contexts
[   19.821595][    T1] init: [libfstab] Using Android DT directory /proc/device-tree/firmware/android/
[   19.821595][    T1] init: [libfstab] Using Android DT directory /proc/device-tree/firmware/android/
[   19.898028][    T1] init: Init cannot set 'ro.boot.hardware' to 'eliza_ai_soc': Read-only property was already set
[   19.898028][    T1] init: Init cannot set 'ro.boot.hardware' to 'eliza_ai_soc': Read-only property was already set
[   20.013618][   T48] audit: type=1107 audit(19.848:4): pid=1 uid=0 auid=4294967295 ses=4294967295 subj=u:r:init:s0 msg='avc:  denied  { set } for property=vendor.e1_npu.ready pid=1 uid=0 gid=0 scontext=u:r:vendor_init:s0 tcontext=u:object_r:vendor_e1_npu_prop:s0 tclass=property_service permissive=0'
[   20.017985][    T1] init: Do not have permissions to set 'vendor.e1_npu.ready' to '0' in property file '/vendor/build.prop': SELinux permission check failed
[   20.013618][   T48] audit: type=1107 audit(19.848:4): pid=1 uid=0 auid=4294967295 ses=4294967295 subj=u:r:init:s0 msg='avc:  denied  { set } for property=vendor.e1_npu.ready pid=1 uid=0 gid=0 scontext=u:r:vendor_init:s0 tcontext=u:object_r:vendor_e1_npu_prop:s0 tclass=property_service permissive=0'
[   20.017985][    T1] init: Do not have permissions to set 'vendor.e1_npu.ready' to '0' in property file '/vendor/build.prop': SELinux permission check failed
[   20.054155][    T1] init: Overriding previous property 'ro.build.display.id':'mainline-userdebug Baklava BP4A.251205.006 eng.ubuntu test-keys' with new value 'eliza_openagent_ai_soc_phone-userdebug Baklava BP4A.251205.006 eng.ubuntu test-keys'
[   20.054155][    T1] init: Overriding previous property 'ro.build.display.id':'mainline-userdebug Baklava BP4A.251205.006 eng.ubuntu test-keys' with new value 'eliza_openagent_ai_soc_phone-userdebug Baklava BP4A.251205.006 eng.ubuntu test-keys'
[   20.061033][    T1] init: Overriding previous property 'ro.build.flavor':'mainline-userdebug' with new value 'eliza_openagent_ai_soc_phone-userdebug'
[   20.061033][    T1] init: Overriding previous property 'ro.build.flavor':'mainline-userdebug' with new value 'eliza_openagent_ai_soc_phone-userdebug'
[   20.062808][    T1] init: Overriding previous property 'ro.build.description':'mainline-userdebug Baklava BP4A.251205.006 eng.ubuntu test-keys' with new value 'eliza_openagent_ai_soc_phone-userdebug Baklava BP4A.251205.006 eng.ubuntu test-keys'
[   20.062808][    T1] init: Overriding previous property 'ro.build.description':'mainline-userdebug Baklava BP4A.251205.006 eng.ubuntu test-keys' with new value 'eliza_openagent_ai_soc_phone-userdebug Baklava BP4A.251205.006 eng.ubuntu test-keys'
[   20.078333][    T1] init: Overriding previous property 'ro.config.notification_sound':'OnTheHunt.ogg' with new value 'pixiedust.ogg'
[   20.078333][    T1] init: Overriding previous property 'ro.config.notification_sound':'OnTheHunt.ogg' with new value 'pixiedust.ogg'
[   20.081305][    T1] init: Overriding previous property 'ro.com.android.dataroaming':'false' with new value 'true'
[   20.081305][    T1] init: Overriding previous property 'ro.com.android.dataroaming':'false' with new value 'true'
[   20.173936][    T1] init: Setting product property ro.product.brand to 'Eliza' (from ro.product.product.brand)
[   20.173936][    T1] init: Setting product property ro.product.brand to 'Eliza' (from ro.product.product.brand)
[   20.175991][    T1] init: Setting product property ro.product.device to 'eliza_ai_soc' (from ro.product.product.device)
[   20.175991][    T1] init: Setting product property ro.product.device to 'eliza_ai_soc' (from ro.product.product.device)
[   20.177444][    T1] init: Setting product property ro.product.manufacturer to 'Eliza' (from ro.product.product.manufacturer)
[   20.177444][    T1] init: Setting product property ro.product.manufacturer to 'Eliza' (from ro.product.product.manufacturer)
[   20.179281][    T1] init: Setting product property ro.product.model to 'ElizaOS Phone (OpenAgent E1)' (from ro.product.product.model)
[   20.179281][    T1] init: Setting product property ro.product.model to 'ElizaOS Phone (OpenAgent E1)' (from ro.product.product.model)
[   20.180484][    T1] init: Setting product property ro.product.name to 'eliza_openagent_ai_soc_phone' (from ro.product.product.name)
[   20.180484][    T1] init: Setting product property ro.product.name to 'eliza_openagent_ai_soc_phone' (from ro.product.product.name)
[   20.183400][    T1] init: Setting property 'ro.build.fingerprint' to 'Eliza/eliza_openagent_ai_soc_phone/eliza_ai_soc:Baklava/BP4A.251205.006/eng.ubuntu:userdebug/test-keys'
[   20.183400][    T1] init: Setting property 'ro.build.fingerprint' to 'Eliza/eliza_openagent_ai_soc_phone/eliza_ai_soc:Baklava/BP4A.251205.006/eng.ubuntu:userdebug/test-keys'
[   20.185575][    T1] init: Setting property 'ro.product.cpu.abilist' to 'riscv64'
[   20.185575][    T1] init: Setting property 'ro.product.cpu.abilist' to 'riscv64'
[   20.186976][    T1] init: Setting property 'ro.product.cpu.abilist32' to ''
[   20.186976][    T1] init: Setting property 'ro.product.cpu.abilist32' to ''
[   20.187901][    T1] init: Setting property 'ro.product.cpu.abilist64' to 'riscv64'
[   20.187901][    T1] init: Setting property 'ro.product.cpu.abilist64' to 'riscv64'
[   20.204639][    T1] init: Running restorecon...
[   20.204639][    T1] init: Running restorecon...
[   20.968018][    T1] init: Created socket '/dev/socket/property_service_for_system', mode 660, user 0, group 1000
[   20.968018][    T1] init: Created socket '/dev/socket/property_service_for_system', mode 660, user 0, group 1000
[   20.995428][    T1] init: Created socket '/dev/socket/property_service', mode 666, user 0, group 0
[   20.995428][    T1] init: Created socket '/dev/socket/property_service', mode 666, user 0, group 0
[   21.061641][    T1] init: [libfs_mgr] vendor overlay: vndk version not defined
[   21.061641][    T1] init: [libfs_mgr] vendor overlay: vndk version not defined
[   21.166843][    T1] init: SetupMountNamespaces done
[   21.166843][    T1] init: SetupMountNamespaces done
[   21.242478][    T1] init: Forked subcontext for 'u:r:vendor_init:s0' with pid 101
[   21.242478][    T1] init: Forked subcontext for 'u:r:vendor_init:s0' with pid 101
[   21.262063][    T1] init: Parsing file /system/etc/init/hw/init.rc...
[   21.262063][    T1] init: Parsing file /system/etc/init/hw/init.rc...
[   21.318416][    T1] init: Added '/init.environ.rc' to import list
[   21.318416][    T1] init: Added '/init.environ.rc' to import list
[   21.320301][    T1] init: Added '/system/etc/init/hw/init.usb.rc' to import list
[   21.320301][    T1] init: Added '/system/etc/init/hw/init.usb.rc' to import list
[   21.328172][    T1] init: Added '/init.cutf_cvm.rc' to import list
[   21.328172][    T1] init: Added '/init.cutf_cvm.rc' to import list
[   21.335562][    T1] init: Added '/vendor/etc/init/hw/init.cutf_cvm.rc' to import list
[   21.335562][    T1] init: Added '/vendor/etc/init/hw/init.cutf_cvm.rc' to import list
[   21.339787][    T1] init: Added '/system/etc/init/hw/init.usb.configfs.rc' to import list
[   21.339787][    T1] init: Added '/system/etc/init/hw/init.usb.configfs.rc' to import list
[   21.361169][    T1] init: Added '/system/etc/init/hw/init.zygote64.rc' to import list
[   21.361169][    T1] init: Added '/system/etc/init/hw/init.zygote64.rc' to import list
[   21.388743][    T1] init: Added '/system/etc/init/hw/init.boringssl.zygote64.rc' to import list
[   21.388743][    T1] init: Added '/system/etc/init/hw/init.boringssl.zygote64.rc' to import list
[   21.433018][    T1] init: Added '/system/etc/init/init-perfetto.rc' to import list
[   21.433018][    T1] init: Added '/system/etc/init/init-perfetto.rc' to import list
[   21.448337][    T1] init: Parsing file /init.environ.rc...
[   21.448337][    T1] init: Parsing file /init.environ.rc...
[   21.457546][    T1] init: Parsing file /system/etc/init/hw/init.usb.rc...
[   21.457546][    T1] init: Parsing file /system/etc/init/hw/init.usb.rc...
[   21.482013][    T1] init: Parsing file /init.cutf_cvm.rc...
[   21.482013][    T1] init: Parsing file /init.cutf_cvm.rc...
[   21.502133][    T1] init: Unable to read config file '/init.cutf_cvm.rc': open() failed: No such file or directory
[   21.502133][    T1] init: Unable to read config file '/init.cutf_cvm.rc': open() failed: No such file or directory
[   21.511778][    T1] init: Parsing file /vendor/etc/init/hw/init.cutf_cvm.rc...
[   21.511778][    T1] init: Parsing file /vendor/etc/init/hw/init.cutf_cvm.rc...
[   21.512982][    T1] init: Unable to read config file '/vendor/etc/init/hw/init.cutf_cvm.rc': open() failed: No such file or directory
[   21.512982][    T1] init: Unable to read config file '/vendor/etc/init/hw/init.cutf_cvm.rc': open() failed: No such file or directory
[   21.520188][    T1] init: Parsing file /system/etc/init/hw/init.usb.configfs.rc...
[   21.520188][    T1] init: Parsing file /system/etc/init/hw/init.usb.configfs.rc...
[   21.559581][    T1] init: Parsing file /system/etc/init/hw/init.zygote64.rc...
[   21.559581][    T1] init: Parsing file /system/etc/init/hw/init.zygote64.rc...
[   21.569858][    T1] init: Parsing file /system/etc/init/hw/init.boringssl.zygote64.rc...
[   21.569858][    T1] init: Parsing file /system/etc/init/hw/init.boringssl.zygote64.rc...
[   21.581809][    T1] init: Parsing file /system/etc/init/init-perfetto.rc...
[   21.581809][    T1] init: Parsing file /system/etc/init/init-perfetto.rc...
[   21.588831][    T1] init: Parsing directory /system/etc/init...
[   21.588831][    T1] init: Parsing directory /system/etc/init...
[   21.598865][    T1] init: Parsing file /system/etc/init/aconfigd.rc...
[   21.598865][    T1] init: Parsing file /system/etc/init/aconfigd.rc...
[   21.612996][    T1] init: Parsing file /system/etc/init/android.system.suspend-service.rc...
[   21.612996][    T1] init: Parsing file /system/etc/init/android.system.suspend-service.rc...
[   21.625404][    T1] init: Parsing file /system/etc/init/apexd.rc...
[   21.625404][    T1] init: Parsing file /system/etc/init/apexd.rc...
[   21.641295][    T1] init: Parsing file /system/etc/init/atrace.rc...
[   21.641295][    T1] init: Parsing file /system/etc/init/atrace.rc...
[   21.707383][    T1] init: Parsing file /system/etc/init/atrace_userdebug.rc...
[   21.707383][    T1] init: Parsing file /system/etc/init/atrace_userdebug.rc...
[   21.720314][    T1] init: Parsing file /system/etc/init/audioserver.rc...
[   21.720314][    T1] init: Parsing file /system/etc/init/audioserver.rc...
[   21.733382][    T1] init: Parsing file /system/etc/init/blank_screen.rc...
[   21.733382][    T1] init: Parsing file /system/etc/init/blank_screen.rc...
[   21.739047][    T1] init: Parsing file /system/etc/init/bootanim.rc...
[   21.739047][    T1] init: Parsing file /system/etc/init/bootanim.rc...
[   21.742777][    T1] init: Parsing file /system/etc/init/bootstat-debug.rc...
[   21.742777][    T1] init: Parsing file /system/etc/init/bootstat-debug.rc...
[   21.744692][    T1] init: Parsing file /system/etc/init/bootstat.rc...
[   21.744692][    T1] init: Parsing file /system/etc/init/bootstat.rc...
[   21.756396][    T1] init: Parsing file /system/etc/init/cameraserver.rc...
[   21.756396][    T1] init: Parsing file /system/etc/init/cameraserver.rc...
[   21.761117][    T1] init: Parsing file /system/etc/init/clean_scratch_files.rc...
[   21.761117][    T1] init: Parsing file /system/etc/init/clean_scratch_files.rc...
