
OpenSBI v1.5.1
   ____                    _____ ____ _____
  / __ \                  / ____|  _ \_   _|
 | |  | |_ __   ___ _ __ | (___ | |_) || |
 | |  | | '_ \ / _ \ '_ \ \___ \|  _ < | |
 | |__| | |_) |  __/ | | |____) | |_) || |_
  \____/| .__/ \___|_| |_|_____/|____/_____|
        | |
        |_|

Platform Name             : riscv-virtio,qemu
Platform Features         : medeleg
Platform HART Count       : 1
Platform IPI Device       : aclint-mswi
Platform Timer Device     : aclint-mtimer @ 10000000Hz
Platform Console Device   : uart8250
Platform HSM Device       : ---
Platform PMU Device       : ---
Platform Reboot Device    : syscon-reboot
Platform Shutdown Device  : syscon-poweroff
Platform Suspend Device   : ---
Platform CPPC Device      : ---
Firmware Base             : 0x80000000
Firmware Size             : 327 KB
Firmware RW Offset        : 0x40000
Firmware RW Size          : 71 KB
Firmware Heap Offset      : 0x49000
Firmware Heap Size        : 35 KB (total), 2 KB (reserved), 11 KB (used), 21 KB (free)
Firmware Scratch Size     : 4096 B (total), 416 B (used), 3680 B (free)
Runtime SBI Version       : 2.0

Domain0 Name              : root
Domain0 Boot HART         : 0
Domain0 HARTs             : 0*
Domain0 Region00          : 0x0000000000100000-0x0000000000100fff M: (I,R,W) S/U: (R,W)
Domain0 Region01          : 0x0000000010000000-0x0000000010000fff M: (I,R,W) S/U: (R,W)
Domain0 Region02          : 0x0000000002000000-0x000000000200ffff M: (I,R,W) S/U: ()
Domain0 Region03          : 0x0000000080040000-0x000000008005ffff M: (R,W) S/U: ()
Domain0 Region04          : 0x0000000080000000-0x000000008003ffff M: (R,X) S/U: ()
Domain0 Region05          : 0x000000000c400000-0x000000000c5fffff M: (I,R,W) S/U: (R,W)
Domain0 Region06          : 0x000000000c000000-0x000000000c3fffff M: (I,R,W) S/U: (R,W)
Domain0 Region07          : 0x0000000000000000-0xffffffffffffffff M: () S/U: (R,W,X)
Domain0 Next Address      : 0x0000000080200000
Domain0 Next Arg1         : 0x0000000083e00000
Domain0 Next Mode         : S-mode
Domain0 SysReset          : yes
Domain0 SysSuspend        : yes

Boot HART ID              : 0
Boot HART Domain          : root
Boot HART Priv Version    : v1.12
Boot HART Base ISA        : rv64imafdch
Boot HART ISA Extensions  : sstc,zicntr,zihpm,zicboz,zicbom,sdtrig,svadu
Boot HART PMP Count       : 16
Boot HART PMP Granularity : 2 bits
Boot HART PMP Address Bits: 54
Boot HART MHPM Info       : 16 (0x0007fff8)
Boot HART Debug Triggers  : 2 triggers
Boot HART MIDELEG         : 0x0000000000001666
Boot HART MEDELEG         : 0x0000000000f0b509
[    0.000000] Linux version 6.12.90 (shaw@BEAST) (riscv64-linux-gnu-gcc (Ubuntu 13.3.0-6ubuntu2~24.04.1) 13.3.0, GNU ld (GNU Binutils for Ubuntu) 2.42) #1 Fri May 22 09:51:24 PDT 2026
[    0.000000] random: crng init done
[    0.000000] Machine model: riscv-virtio,qemu
[    0.000000] Forcing kernel command line to: console=ttyS0,115200 earlycon=uart8250,mmio,0x10000000 keep_bootcon panic=-1 rdinit=/init lpj=10000 initcall_debug ignore_loglevel
[    0.000000] SBI specification v2.0 detected
[    0.000000] SBI implementation ID=0x1 Version=0x10005
[    0.000000] SBI TIME extension detected
[    0.000000] SBI IPI extension detected
[    0.000000] SBI RFENCE extension detected
[    0.000000] SBI SRST extension detected
[    0.000000] SBI DBCN extension detected
[    0.000000] earlycon: uart8250 at MMIO 0x0000000010000000 (options '')
[    0.000000] printk: legacy bootconsole [uart8250] enabled
[    0.000000] printk: debug: skip boot console de-registration.
[    0.000000] printk: debug: ignoring loglevel setting.
[    0.000000] OF: reserved mem: 0x0000000080000000..0x000000008003ffff (256 KiB) nomap non-reusable mmode_resv1@80000000
[    0.000000] OF: reserved mem: 0x0000000080040000..0x000000008005ffff (128 KiB) nomap non-reusable mmode_resv0@80040000
[    0.000000] Zone ranges:
[    0.000000]   DMA32    [mem 0x0000000080000000-0x0000000083ffffff]
[    0.000000]   Normal   empty
[    0.000000] Movable zone start for each node
[    0.000000] Early memory node ranges
[    0.000000]   node   0: [mem 0x0000000080000000-0x000000008005ffff]
[    0.000000]   node   0: [mem 0x0000000080060000-0x0000000083ffffff]
[    0.000000] Initmem setup node 0 [mem 0x0000000080000000-0x0000000083ffffff]
[    0.000000] riscv: base ISA extensions acdfhim
[    0.000000] riscv: ELF capabilities acdfim
[    0.000000] pcpu-alloc: s0 r0 d32768 u32768 alloc=1*32768
[    0.000000] pcpu-alloc: [0] 0 
[    0.000000] Kernel command line: console=ttyS0,115200 earlycon=uart8250,mmio,0x10000000 keep_bootcon panic=-1 rdinit=/init lpj=10000 initcall_debug ignore_loglevel
[    0.000000] Dentry cache hash table entries: 8192 (order: 4, 65536 bytes, linear)
[    0.000000] Inode-cache hash table entries: 4096 (order: 3, 32768 bytes, linear)
[    0.000000] Built 1 zonelists, mobility grouping on.  Total pages: 16384
[    0.000000] mem auto-init: stack:all(zero), heap alloc:off, heap free:off
[    0.000000] SLUB: HWalign=64, Order=0-1, MinObjects=0, CPUs=1, Nodes=1
[    0.000000] NR_IRQS: 64, nr_irqs: 64, preallocated irqs: 0
[    0.000000] riscv-intc: 64 local interrupts mapped
[    0.000000] clocksource: riscv_clocksource: mask: 0xffffffffffffffff max_cycles: 0x24e6a1710, max_idle_ns: 440795202120 ns
[    0.000085] sched_clock: 64 bits at 10MHz, resolution 100ns, wraps every 4398046511100ns
[    0.000763] riscv-timer: Timer interrupt in S-mode is available via sstc extension
[    0.003618] Calibrating delay loop (skipped) preset value.. 2.00 BogoMIPS (lpj=10000)
[    0.003851] pid_max: default: 32768 minimum: 301
[    0.004601] Mount-cache hash table entries: 512 (order: 0, 4096 bytes, linear)
[    0.004743] Mountpoint-cache hash table entries: 512 (order: 0, 4096 bytes, linear)
[    0.022515] calling  0xffffffff800d9736 @ 1
[    0.022858] ASID allocator using 16 bits (65536 entries)
[    0.023006] initcall 0xffffffff800d9736 returned 0 after 0 usecs
[    0.023292] calling  0xffffffff800d9cbe @ 1
[    0.023964] initcall 0xffffffff800d9cbe returned 0 after 0 usecs
[    0.024087] calling  0xffffffff800da0f0 @ 1
[    0.024211] initcall 0xffffffff800da0f0 returned 0 after 0 usecs
[    0.024313] calling  0xffffffff800da14c @ 1
[    0.024435] initcall 0xffffffff800da14c returned 0 after 0 usecs
[    0.024534] calling  0xffffffff800db42e @ 1
[    0.024701] initcall 0xffffffff800db42e returned 0 after 0 usecs
[    0.024801] calling  0xffffffff800dc29c @ 1
[    0.024879] initcall 0xffffffff800dc29c returned 0 after 0 usecs
[    0.024978] calling  0xffffffff800de15e @ 1
[    0.025097] initcall 0xffffffff800de15e returned 0 after 0 usecs
[    0.025200] calling  0xffffffff800e08b2 @ 1
[    0.025296] initcall 0xffffffff800e08b2 returned 0 after 0 usecs
[    0.025399] calling  0xffffffff800e11d0 @ 1
[    0.025498] initcall 0xffffffff800e11d0 returned 0 after 0 usecs
[    0.026133] Memory: 61516K/65536K available (846K kernel code, 550K rwdata, 204K rodata, 133K init, 215K bss, 3416K reserved, 0K cma-reserved)
[    0.031598] devtmpfs: initialized
[    0.034620] calling  0xffffffff800e1714 @ 1
[    0.034738] initcall 0xffffffff800e1714 returned 0 after 0 usecs
[    0.034879] calling  0xffffffff800da916 @ 1
[    0.034977] initcall 0xffffffff800da916 returned 0 after 0 usecs
[    0.035083] calling  0xffffffff800dc008 @ 1
[    0.035179] clocksource: jiffies: mask: 0xffffffff max_cycles: 0xffffffff, max_idle_ns: 19112604462750000 ns
[    0.035379] initcall 0xffffffff800dc008 returned 0 after 0 usecs
[    0.035479] calling  0xffffffff800e11b6 @ 1
[    0.035596] initcall 0xffffffff800e11b6 returned 0 after 0 usecs
[    0.035695] calling  0xffffffff800b74ea @ 1
[    0.035783] initcall 0xffffffff800b74ea returned 0 after 0 usecs
[    0.035899] calling  0xffffffff800dc560 @ 1
[    0.036089] initcall 0xffffffff800dc560 returned 0 after 0 usecs
[    0.036206] calling  0xffffffff800dc594 @ 1
[    0.036310] initcall 0xffffffff800dc594 returned 0 after 0 usecs
[    0.036410] calling  0xffffffff800de7c6 @ 1
[    0.036946] initcall 0xffffffff800de7c6 returned 0 after 0 usecs
[    0.037058] calling  0xffffffff800e274a @ 1
[    0.037173] initcall 0xffffffff800e274a returned 0 after 0 usecs
[    0.037276] calling  0xffffffff800e3440 @ 1
[    0.037581] initcall 0xffffffff800e3440 returned 0 after 0 usecs
[    0.037687] calling  0xffffffff800e39d2 @ 1
[    0.037787] initcall 0xffffffff800e39d2 returned 0 after 0 usecs
[    0.037908] calling  0xffffffff800d6d88 @ 1
[    0.038104] initcall 0xffffffff800d6d88 returned 0 after 0 usecs
[    0.038211] calling  0xffffffff800d76de @ 1
[    0.038587] initcall 0xffffffff800d76de returned 0 after 0 usecs
[    0.038695] calling  0xffffffff800d7e32 @ 1
[    0.038857] initcall 0xffffffff800d7e32 returned 0 after 0 usecs
[    0.038968] calling  0xffffffff80003dee @ 1
[    0.039681] initcall 0xffffffff80003dee returned 0 after 0 usecs
[    0.039800] calling  0xffffffff800a782a @ 1
[    0.040519] initcall 0xffffffff800a782a returned 0 after 0 usecs
[    0.040636] calling  0xffffffff800d7d64 @ 1
[    0.041212] initcall 0xffffffff800d7d64 returned 0 after 0 usecs
[    0.041325] calling  0xffffffff800e4534 @ 1
[    0.050246] initcall 0xffffffff800e4534 returned 0 after 10000 usecs
[    0.050451] calling  0xffffffff800da06a @ 1
[    0.050585] initcall 0xffffffff800da06a returned 0 after 0 usecs
[    0.050687] calling  0xffffffff800daaa2 @ 1
[    0.051214] initcall 0xffffffff800daaa2 returned 0 after 0 usecs
[    0.051322] calling  0xffffffff800dc2ea @ 1
[    0.051925] initcall 0xffffffff800dc2ea returned 0 after 0 usecs
[    0.052051] calling  0xffffffff800dc4a6 @ 1
[    0.052158] initcall 0xffffffff800dc4a6 returned 0 after 0 usecs
[    0.052261] calling  0xffffffff800dc56c @ 1
[    0.052708] initcall 0xffffffff800dc56c returned 0 after 0 usecs
[    0.052825] calling  0xffffffff800dd8a4 @ 1
[    0.052905] initcall 0xffffffff800dd8a4 returned 0 after 0 usecs
[    0.053005] calling  0xffffffff800de1e2 @ 1
[    0.053088] initcall 0xffffffff800de1e2 returned 0 after 0 usecs
[    0.053191] calling  0xffffffff800492ba @ 1
[    0.053300] initcall 0xffffffff800492ba returned 0 after 0 usecs
[    0.053401] calling  0xffffffff8004929a @ 1
[    0.053491] initcall 0xffffffff8004929a returned 0 after 0 usecs
[    0.053593] calling  0xffffffff800e33aa @ 1
[    0.054176] initcall 0xffffffff800e33aa returned 0 after 10000 usecs
[    0.054305] calling  0xffffffff800b7508 @ 1
[    0.054434] initcall 0xffffffff800b7508 returned 0 after 0 usecs
[    0.054536] calling  0xffffffff800e5efa @ 1
[    0.055191] initcall 0xffffffff800e5efa returned 0 after 0 usecs
[    0.055321] calling  0xffffffff800d9d84 @ 1
[    0.055685] initcall 0xffffffff800d9d84 returned 0 after 0 usecs
[    0.055793] calling  0xffffffff800dbfd0 @ 1
[    0.056168] clocksource: Switched to clocksource riscv_clocksource
[    0.056302] initcall 0xffffffff800dbfd0 returned 0 after 303 usecs
[    0.056406] calling  0xffffffff800e05ce @ 1
[    0.056519] initcall 0xffffffff800e05ce returned 0 after 39 usecs
[    0.056621] calling  0xffffffff800e069c @ 1
[    0.056712] initcall 0xffffffff800e069c returned 0 after 17 usecs
[    0.056813] calling  0xffffffff800e06c6 @ 1
[    0.057032] initcall 0xffffffff800e06c6 returned 0 after 144 usecs
[    0.057146] calling  0xffffffff800e072e @ 1
[    0.057241] initcall 0xffffffff800e072e returned 0 after 21 usecs
[    0.057348] calling  0xffffffff800e0790 @ 1
[    0.057440] initcall 0xffffffff800e0790 returned 0 after 19 usecs
[    0.057542] calling  0xffffffff800e0a66 @ 1
[    0.057633] initcall 0xffffffff800e0a66 returned 0 after 17 usecs
[    0.057735] calling  0xffffffff800e1160 @ 1
[    0.057951] initcall 0xffffffff800e1160 returned 0 after 141 usecs
[    0.058061] calling  0xffffffff800e141a @ 1
[    0.058175] initcall 0xffffffff800e141a returned 0 after 32 usecs
[    0.058278] calling  0xffffffff800e145c @ 1
[    0.058370] initcall 0xffffffff800e145c returned 0 after 18 usecs
[    0.058473] calling  0xffffffff800e1484 @ 1
[    0.058598] initcall 0xffffffff800e1484 returned 0 after 51 usecs
[    0.058706] calling  0xffffffff800e14a8 @ 1
[    0.058800] initcall 0xffffffff800e14a8 returned 0 after 21 usecs
[    0.058899] calling  0xffffffff800e14dc @ 1
[    0.058996] initcall 0xffffffff800e14dc returned 0 after 24 usecs
[    0.059104] calling  0xffffffff800e1504 @ 1
[    0.059197] initcall 0xffffffff800e1504 returned 0 after 20 usecs
[    0.059298] calling  0xffffffff800e1536 @ 1
[    0.059387] initcall 0xffffffff800e1536 returned 0 after 17 usecs
[    0.059488] calling  0xffffffff800e1568 @ 1
[    0.059579] initcall 0xffffffff800e1568 returned 0 after 18 usecs
[    0.059680] calling  0xffffffff800e158c @ 1
[    0.059777] initcall 0xffffffff800e158c returned 0 after 24 usecs
[    0.059878] calling  0xffffffff800e15be @ 1
[    0.059968] initcall 0xffffffff800e15be returned 0 after 16 usecs
[    0.060067] calling  0xffffffff800e15f0 @ 1
[    0.060165] initcall 0xffffffff800e15f0 returned 0 after 20 usecs
[    0.060266] calling  0xffffffff800e16a2 @ 1
[    0.060359] initcall 0xffffffff800e16a2 returned 0 after 21 usecs
[    0.060457] calling  0xffffffff800e16c8 @ 1
[    0.060554] initcall 0xffffffff800e16c8 returned 0 after 23 usecs
[    0.060657] calling  0xffffffff800e1708 @ 1
[    0.060737] initcall 0xffffffff800e1708 returned 0 after 7 usecs
[    0.060835] calling  0xffffffff800e3180 @ 1
[    0.063917] initcall 0xffffffff800e3180 returned 0 after 3006 usecs
[    0.064054] calling  0xffffffff800d6a80 @ 1
[    0.064402] initcall 0xffffffff800d6a80 returned 0 after 267 usecs
[    0.064529] calling  0xffffffff800d76da @ 1
[    0.064607] initcall 0xffffffff800d76da returned 0 after 5 usecs
[    0.064705] calling  0xffffffff800d9ad4 @ 1
[    0.064804] initcall 0xffffffff800d9ad4 returned 0 after 26 usecs
[    0.064904] calling  0xffffffff800d9d34 @ 1
[    0.065005] initcall 0xffffffff800d9d34 returned 0 after 29 usecs
[    0.065110] calling  0xffffffff800dbdc4 @ 1
[    0.065195] initcall 0xffffffff800dbdc4 returned 0 after 13 usecs
[    0.065294] calling  0xffffffff800dc022 @ 1
[    0.065395] initcall 0xffffffff800dc022 returned 0 after 30 usecs
[    0.065500] calling  0xffffffff800dc052 @ 1
[    0.065847] initcall 0xffffffff800dc052 returned 0 after 274 usecs
[    0.065952] calling  0xffffffff800dc0aa @ 1
[    0.066035] initcall 0xffffffff800dc0aa returned 0 after 11 usecs
[    0.066139] calling  0xffffffff800dc27a @ 1
[    0.066239] initcall 0xffffffff800dc27a returned 0 after 28 usecs
[    0.066339] calling  0xffffffff800dc43a @ 1
[    0.074812] initcall 0xffffffff800dc43a returned 0 after 8394 usecs
[    0.075013] calling  0xffffffff800de076 @ 1
[    0.075148] workingset: timestamp_bits=62 max_order=14 bucket_order=0
[    0.075301] initcall 0xffffffff800de076 returned 0 after 206 usecs
[    0.075403] calling  0xffffffff800de28c @ 1
[    0.075521] initcall 0xffffffff800de28c returned 0 after 44 usecs
[    0.075633] calling  0xffffffff800e0758 @ 1
[    0.075736] initcall 0xffffffff800e0758 returned 0 after 30 usecs
[    0.075836] calling  0xffffffff800e097e @ 1
[    0.075926] initcall 0xffffffff800e097e returned 0 after 19 usecs
[    0.076242] calling  0xffffffff800e0c38 @ 1
[    0.076384] initcall 0xffffffff800e0c38 returned 0 after 63 usecs
[    0.076490] calling  0xffffffff800e1720 @ 1
[    0.080127] initcall 0xffffffff800e1720 returned 0 after 3559 usecs
[    0.080293] calling  0xffffffff800e1ba6 @ 1
[    0.080535] initcall 0xffffffff800e1ba6 returned 0 after 168 usecs
[    0.080639] calling  0xffffffff800e235c @ 1
[    0.080766] initcall 0xffffffff800e235c returned 0 after 54 usecs
[    0.080865] calling  0xffffffff800e236a @ 1
[    0.084708] riscv-plic: plic@c000000: mapped 95 interrupts with 1 handlers for 2 contexts.
[    0.085405] probe of c000000.plic returned 0 after 4233 usecs
[    0.085609] initcall 0xffffffff800e236a returned 0 after 4671 usecs
[    0.085716] calling  0xffffffff800e237e @ 1
[    0.086283] probe of platform-bus@4000000 returned 19 after 455 usecs
[    0.086556] probe of soc returned 0 after 139 usecs
[    0.086715] initcall 0xffffffff800e237e returned 0 after 925 usecs
[    0.086826] calling  0xffffffff800e26c0 @ 1
[    0.086949] initcall 0xffffffff800e26c0 returned 0 after 50 usecs
[    0.087049] calling  0xffffffff800e26fe @ 1
[    0.087171] initcall 0xffffffff800e26fe returned 0 after 42 usecs
[    0.087272] calling  0xffffffff800e273c @ 1
[    0.087397] initcall 0xffffffff800e273c returned 0 after 52 usecs
[    0.087497] calling  0xffffffff800e2864 @ 1
[    0.087589] initcall 0xffffffff800e2864 returned 0 after 19 usecs
[    0.087689] calling  0xffffffff800e2fce @ 1
[    0.087798] Serial: 8250/16550 driver, 1 ports, IRQ sharing disabled
[    0.088873] probe of serial8250:0 returned 0 after 27 usecs
[    0.089230] probe of serial8250:0.0 returned 0 after 19 usecs
[    0.090639] probe of serial8250 returned 0 after 39 usecs
[    0.090781] initcall 0xffffffff800e2fce returned 0 after 3019 usecs
[    0.090886] calling  0xffffffff800e3172 @ 1
[    0.094386] printk: legacy console [ttyS0] disabled
[    0.095680] probe of 10000000.serial:0 returned 0 after 30 usecs
[    0.095872] probe of 10000000.serial:0.0 returned 0 after 24 usecs
[    0.096756] 10000000.serial: ttyS0 at MMIO 0x10000000 (irq = 1, base_baud = 230400) is a 16550A
[    0.098088] printk: legacy console [ttyS0] enabled
[    0.098897] probe of 10000000.serial returned 0 after 7842 usecs
[    0.099250] initcall 0xffffffff800e3172 returned 0 after 8292 usecs
[    0.099459] calling  0xffffffff800e3236 @ 1
[    0.099659] initcall 0xffffffff800e3236 returned 0 after 59 usecs
[    0.099858] calling  0xffffffff800e3956 @ 1
[    0.100027] initcall 0xffffffff800e3956 returned 0 after 28 usecs
[    0.100244] calling  0xffffffff800e39ae @ 1
[    0.100628] initcall 0xffffffff800e39ae returned -2 after 243 usecs
[    0.100881] calling  0xffffffff800d5ea2 @ 1
[    0.101048] initcall 0xffffffff800d5ea2 returned 0 after 24 usecs
[    0.101251] calling  0xffffffff800d9afa @ 1
[    0.101415] initcall 0xffffffff800d9afa returned 0 after 23 usecs
[    0.101615] calling  0xffffffff800d9c94 @ 1
[    0.101773] initcall 0xffffffff800d9c94 returned 0 after 17 usecs
[    0.101971] calling  0xffffffff800dab40 @ 1
[    0.102133] initcall 0xffffffff800dab40 returned 0 after 18 usecs
[    0.102331] calling  0xffffffff800dad54 @ 1
[    0.102495] initcall 0xffffffff800dad54 returned 0 after 23 usecs
[    0.102691] calling  0xffffffff800dadca @ 1
[    0.102851] initcall 0xffffffff800dadca returned 0 after 19 usecs
[    0.103048] calling  0xffffffff800dada0 @ 1
[    0.103212] initcall 0xffffffff800dada0 returned 0 after 18 usecs
[    0.103412] calling  0xffffffff800db45c @ 1
[    0.103697] initcall 0xffffffff800db45c returned 0 after 135 usecs
[    0.103898] calling  0xffffffff800e02ec @ 1
[    0.104062] initcall 0xffffffff800e02ec returned 0 after 23 usecs
[    0.104263] calling  0xffffffff800af2ca @ 1
[    0.104417] initcall 0xffffffff800af2ca returned 0 after 13 usecs
[    0.104615] calling  0xffffffff800b1aba @ 1
[    0.105143] initcall 0xffffffff800b1aba returned 0 after 387 usecs
[    0.105354] calling  0xffffffff800e247c @ 1
[    0.105512] clk: Disabling unused clocks
[    0.105823] initcall 0xffffffff800e247c returned 0 after 328 usecs
[    0.106038] calling  0xffffffff800e4524 @ 1
[    0.106263] initcall 0xffffffff800e4524 returned 0 after 28 usecs
[    0.124655] Freeing unused kernel image (initmem) memory: 132K
[    0.125057] Kernel memory protection not selected by kernel config.
[    0.125366] Run /init as init process
[    0.125486]   with arguments:
[    0.125588]     /init
[    0.125677]   with environment:
[    0.125782]     HOME=/
[    0.125869]     TERM=linux
uname: Linux release 6.12.90 machine riscv64
ELIZA-USERLAND-OK: init reached userland on E1 CVA6
--- /proc/cpuinfo ---
processor	: 0
hart		: 0
isa		: rv64imafdch_zicbom_zicboz_zicntr_zicsr_zifencei_zihintntl_zihintpause_zihpm_zawrs_zfa_zca_zcd_zba_zbb_zbc_zbs_sstc_svvptc
mmu		: sv57
mvendorid	: 0x0
marchid		: 0x0
mimpid		: 0x0
hart isa	: rv64imafdch_zicbom_zicboz_zicntr_zicsr_zifencei_zihintntl_zihintpause_zihpm_zawrs_zfa_zca_zcd_zba_zbb_zbc_zbs_sstc_svvptc

--- end /proc/cpuinfo ---
[    0.147818] init[1]: unhandled signal 4 code 0x1 at 0x00000000000101f4 in init[1f4,10000+1000]
[    0.148550] CPU: 0 UID: 0 PID: 1 Comm: init Not tainted 6.12.90 #1
[    0.148837] Hardware name: riscv-virtio,qemu (DT)
[    0.149027] epc : 00000000000101f4 ra : 00000000000101f4 sp : 00007fffdf3632a0
[    0.149273]  gp : 0000000000000000 tp : 0000000000000000 t0 : 0000000000000000
[    0.149478]  t1 : 0000000000000000 t2 : 0000000000000000 s0 : 0000000000000003
[    0.149683]  s1 : 0000000000000000 a0 : 000000000000001a a1 : 00000000000102b0
[    0.149887]  a2 : 000000000000001a a3 : 0000000000000000 a4 : 0000000000000000
[    0.150097]  a5 : 0000000000000000 a6 : 0000000000000000 a7 : 0000000000000040
[    0.150305]  s2 : 0000000000000000 s3 : 0000000000000000 s4 : 0000000000000000
[    0.150516]  s5 : 0000000000000000 s6 : 0000000000000000 s7 : 0000000000000000
[    0.150721]  s8 : 0000000000000000 s9 : 0000000000000000 s10: 0000000000000000
[    0.150924]  s11: 0000000000000000 t3 : 0000000000000000 t4 : 0000000000000000
[    0.151133]  t5 : 0000000000000000 t6 : 0000000000000000
[    0.151294] status: 0000000200004020 badaddr: 0000000010500073 cause: 0000000000000002
[    0.151661] Code: 4581 4601 0073 0000 0517 0000 0513 0c85 f0ef ef9f (0073) 1050 
[    0.153254] Kernel panic - not syncing: Attempted to kill init! exitcode=0x00000004
